Archive member included to satisfy reference by file (symbol)

c:/st/stm32cubeide_1.7.0/stm32cubeide/plugins/com.st.stm32cube.ide.mcu.externaltools.gnu-tools-for-stm32.9-2020-q2-update.win32_2.0.0.202105311346/tools/bin/../lib/gcc/arm-none-eabi/9.3.1/../../../../arm-none-eabi/lib/thumb/v7-m/nofp\libc_nano.a(lib_a-errno.o)
                              ./Core/Src/syscalls.o (__errno)
c:/st/stm32cubeide_1.7.0/stm32cubeide/plugins/com.st.stm32cube.ide.mcu.externaltools.gnu-tools-for-stm32.9-2020-q2-update.win32_2.0.0.202105311346/tools/bin/../lib/gcc/arm-none-eabi/9.3.1/../../../../arm-none-eabi/lib/thumb/v7-m/nofp\libc_nano.a(lib_a-exit.o)
                              c:/st/stm32cubeide_1.7.0/stm32cubeide/plugins/com.st.stm32cube.ide.mcu.externaltools.gnu-tools-for-stm32.9-2020-q2-update.win32_2.0.0.202105311346/tools/bin/../lib/gcc/arm-none-eabi/9.3.1/../../../../arm-none-eabi/lib/thumb/v7-m/nofp/crt0.o (exit)
c:/st/stm32cubeide_1.7.0/stm32cubeide/plugins/com.st.stm32cube.ide.mcu.externaltools.gnu-tools-for-stm32.9-2020-q2-update.win32_2.0.0.202105311346/tools/bin/../lib/gcc/arm-none-eabi/9.3.1/../../../../arm-none-eabi/lib/thumb/v7-m/nofp\libc_nano.a(lib_a-impure.o)
                              c:/st/stm32cubeide_1.7.0/stm32cubeide/plugins/com.st.stm32cube.ide.mcu.externaltools.gnu-tools-for-stm32.9-2020-q2-update.win32_2.0.0.202105311346/tools/bin/../lib/gcc/arm-none-eabi/9.3.1/../../../../arm-none-eabi/lib/thumb/v7-m/nofp\libc_nano.a(lib_a-exit.o) (_global_impure_ptr)
c:/st/stm32cubeide_1.7.0/stm32cubeide/plugins/com.st.stm32cube.ide.mcu.externaltools.gnu-tools-for-stm32.9-2020-q2-update.win32_2.0.0.202105311346/tools/bin/../lib/gcc/arm-none-eabi/9.3.1/../../../../arm-none-eabi/lib/thumb/v7-m/nofp\libc_nano.a(lib_a-init.o)
                              c:/st/stm32cubeide_1.7.0/stm32cubeide/plugins/com.st.stm32cube.ide.mcu.externaltools.gnu-tools-for-stm32.9-2020-q2-update.win32_2.0.0.202105311346/tools/bin/../lib/gcc/arm-none-eabi/9.3.1/../../../../arm-none-eabi/lib/thumb/v7-m/nofp/crt0.o (__libc_init_array)
c:/st/stm32cubeide_1.7.0/stm32cubeide/plugins/com.st.stm32cube.ide.mcu.externaltools.gnu-tools-for-stm32.9-2020-q2-update.win32_2.0.0.202105311346/tools/bin/../lib/gcc/arm-none-eabi/9.3.1/../../../../arm-none-eabi/lib/thumb/v7-m/nofp\libc_nano.a(lib_a-memset.o)
                              c:/st/stm32cubeide_1.7.0/stm32cubeide/plugins/com.st.stm32cube.ide.mcu.externaltools.gnu-tools-for-stm32.9-2020-q2-update.win32_2.0.0.202105311346/tools/bin/../lib/gcc/arm-none-eabi/9.3.1/../../../../arm-none-eabi/lib/thumb/v7-m/nofp/crt0.o (memset)

Allocating common symbols
Common symbol       size              file

KeyReg3             0xc               ./Core/Src/button.o
SCH_tasks_G         0x320             ./Core/Src/scheduler.o
hi2c1               0x54              ./Core/Src/main.o
timer_counter       0x2c              ./Core/Src/software_timer.o
KeyReg0             0xc               ./Core/Src/button.o
uwTick              0x4               ./Drivers/STM32F1xx_HAL_Driver/Src/stm32f1xx_hal.o
temp                0xc               ./Core/Src/global.o
pFlash              0x20              ./Drivers/STM32F1xx_HAL_Driver/Src/stm32f1xx_hal_flash.o
KeyReg1             0xc               ./Core/Src/button.o
TimeOutForKeyPress  0xc               ./Core/Src/button.o
button_flag         0xc               ./Core/Src/button.o
button_pressed      0xc               ./Core/Src/button.o
KeyReg2             0xc               ./Core/Src/button.o
timer_flag          0x2c              ./Core/Src/software_timer.o
htim2               0x48              ./Core/Src/main.o
huart2              0x48              ./Core/Src/main.o
button_long_pressed
                    0xc               ./Core/Src/button.o

Discarded input sections

 .text          0x0000000000000000        0x0 c:/st/stm32cubeide_1.7.0/stm32cubeide/plugins/com.st.stm32cube.ide.mcu.externaltools.gnu-tools-for-stm32.9-2020-q2-update.win32_2.0.0.202105311346/tools/bin/../lib/gcc/arm-none-eabi/9.3.1/thumb/v7-m/nofp/crti.o
 .data          0x0000000000000000        0x0 c:/st/stm32cubeide_1.7.0/stm32cubeide/plugins/com.st.stm32cube.ide.mcu.externaltools.gnu-tools-for-stm32.9-2020-q2-update.win32_2.0.0.202105311346/tools/bin/../lib/gcc/arm-none-eabi/9.3.1/thumb/v7-m/nofp/crti.o
 .bss           0x0000000000000000        0x0 c:/st/stm32cubeide_1.7.0/stm32cubeide/plugins/com.st.stm32cube.ide.mcu.externaltools.gnu-tools-for-stm32.9-2020-q2-update.win32_2.0.0.202105311346/tools/bin/../lib/gcc/arm-none-eabi/9.3.1/thumb/v7-m/nofp/crti.o
 .data          0x0000000000000000        0x4 c:/st/stm32cubeide_1.7.0/stm32cubeide/plugins/com.st.stm32cube.ide.mcu.externaltools.gnu-tools-for-stm32.9-2020-q2-update.win32_2.0.0.202105311346/tools/bin/../lib/gcc/arm-none-eabi/9.3.1/thumb/v7-m/nofp/crtbegin.o
[...]
Memory Configuration

Name             Origin             Length             Attributes
RAM              0x0000000020000000 0x0000000000005000 xrw
FLASH            0x0000000008000000 0x0000000000020000 xr
*default*        0x0000000000000000 0xffffffffffffffff

Linker script and memory map

LOAD c:/st/stm32cubeide_1.7.0/stm32cubeide/plugins/com.st.stm32cube.ide.mcu.externaltools.gnu-tools-for-stm32.9-2020-q2-update.win32_2.0.0.202105311346/tools/bin/../lib/gcc/arm-none-eabi/9.3.1/thumb/v7-m/nofp/crti.o
LOAD c:/st/stm32cubeide_1.7.0/stm32cubeide/plugins/com.st.stm32cube.ide.mcu.externaltools.gnu-tools-for-stm32.9-2020-q2-update.win32_2.0.0.202105311346/tools/bin/../lib/gcc/arm-none-eabi/9.3.1/thumb/v7-m/nofp/crtbegin.o
LOAD c:/st/stm32cubeide_1.7.0/stm32cubeide/plugins/com.st.stm32cube.ide.mcu.externaltools.gnu-tools-for-stm32.9-2020-q2-update.win32_2.0.0.202105311346/tools/bin/../lib/gcc/arm-none-eabi/9.3.1/../../../../arm-none-eabi/lib/thumb/v7-m/nofp/crt0.o
LOAD ./Core/Src/RYG_LED.o
LOAD ./Core/Src/button.o
LOAD ./Core/Src/display7SEG.o
LOAD ./Core/Src/fsm_traffic_light.o
LOAD ./Core/Src/global.o
LOAD ./Core/Src/main.o
LOAD ./Core/Src/scheduler.o
LOAD ./Core/Src/software_timer.o
LOAD ./Core/Src/stm32f1xx_hal_msp.o
LOAD ./Core/Src/stm32f1xx_it.o
LOAD ./Core/Src/syscalls.o
LOAD ./Core/Src/sysmem.o
LOAD ./Core/Src/system_stm32f1xx.o
LOAD ./Core/Startup/startup_stm32f103rbtx.o
LOAD ./Drivers/STM32F1xx_HAL_Driver/Src/stm32f1xx_hal.o
LOAD ./Drivers/STM32F1xx_HAL_Driver/Src/stm32f1xx_hal_cortex.o
LOAD ./Drivers/STM32F1xx_HAL_Driver/Src/stm32f1xx_hal_dma.o
LOAD ./Drivers/STM32F1xx_HAL_Driver/Src/stm32f1xx_hal_exti.o
LOAD ./Drivers/STM32F1xx_HAL_Driver/Src/stm32f1xx_hal_flash.o
LOAD ./Drivers/STM32F1xx_HAL_Driver/Src/stm32f1xx_hal_flash_ex.o
LOAD ./Drivers/STM32F1xx_HAL_Driver/Src/stm32f1xx_hal_gpio.o
LOAD ./Drivers/STM32F1xx_HAL_Driver/Src/stm32f1xx_hal_gpio_ex.o
LOAD ./Drivers/STM32F1xx_HAL_Driver/Src/stm32f1xx_hal_i2c.o
LOAD ./Drivers/STM32F1xx_HAL_Driver/Src/stm32f1xx_hal_pwr.o
LOAD ./Drivers/STM32F1xx_HAL_Driver/Src/stm32f1xx_hal_rcc.o
LOAD ./Drivers/STM32F1xx_HAL_Driver/Src/stm32f1xx_hal_rcc_ex.o
LOAD ./Drivers/STM32F1xx_HAL_Driver/Src/stm32f1xx_hal_tim.o
LOAD ./Drivers/STM32F1xx_HAL_Driver/Src/stm32f1xx_hal_tim_ex.o
LOAD ./Drivers/STM32F1xx_HAL_Driver/Src/stm32f1xx_hal_uart.o
START GROUP
LOAD c:/st/stm32cubeide_1.7.0/stm32cubeide/plugins/com.st.stm32cube.ide.mcu.externaltools.gnu-tools-for-stm32.9-2020-q2-update.win32_2.0.0.202105311346/tools/bin/../lib/gcc/arm-none-eabi/9.3.1/../../../../arm-none-eabi/lib/thumb/v7-m/nofp\libc_nano.a
LOAD c:/st/stm32cubeide_1.7.0/stm32cubeide/plugins/com.st.stm32cube.ide.mcu.externaltools.gnu-tools-for-stm32.9-2020-q2-update.win32_2.0.0.202105311346/tools/bin/../lib/gcc/arm-none-eabi/9.3.1/../../../../arm-none-eabi/lib/thumb/v7-m/nofp\libm.a
END GROUP
START GROUP
LOAD c:/st/stm32cubeide_1.7.0/stm32cubeide/plugins/com.st.stm32cube.ide.mcu.externaltools.gnu-tools-for-stm32.9-2020-q2-update.win32_2.0.0.202105311346/tools/bin/../lib/gcc/arm-none-eabi/9.3.1/thumb/v7-m/nofp\libgcc.a
LOAD c:/st/stm32cubeide_1.7.0/stm32cubeide/plugins/com.st.stm32cube.ide.mcu.externaltools.gnu-tools-for-stm32.9-2020-q2-update.win32_2.0.0.202105311346/tools/bin/../lib/gcc/arm-none-eabi/9.3.1/../../../../arm-none-eabi/lib/thumb/v7-m/nofp\libc_nano.a
END GROUP
START GROUP
LOAD c:/st/stm32cubeide_1.7.0/stm32cubeide/plugins/com.st.stm32cube.ide.mcu.externaltools.gnu-tools-for-stm32.9-2020-q2-update.win32_2.0.0.202105311346/tools/bin/../lib/gcc/arm-none-eabi/9.3.1/thumb/v7-m/nofp\libgcc.a
LOAD c:/st/stm32cubeide_1.7.0/stm32cubeide/plugins/com.st.stm32cube.ide.mcu.externaltools.gnu-tools-for-stm32.9-2020-q2-update.win32_2.0.0.202105311346/tools/bin/../lib/gcc/arm-none-eabi/9.3.1/../../../../arm-none-eabi/lib/thumb/v7-m/nofp\libc_nano.a
LOAD c:/st/stm32cubeide_1.7.0/stm32cubeide/plugins/com.st.stm32cube.ide.mcu.externaltools.gnu-tools-for-stm32.9-2020-q2-update.win32_2.0.0.202105311346/tools/bin/../lib/gcc/arm-none-eabi/9.3.1/../../../../arm-none-eabi/lib/thumb/v7-m/nofp\libnosys.a
END GROUP
START GROUP
LOAD c:/st/stm32cubeide_1.7.0/stm32cubeide/plugins/com.st.stm32cube.ide.mcu.externaltools.gnu-tools-for-stm32.9-2020-q2-update.win32_2.0.0.202105311346/tools/bin/../lib/gcc/arm-none-eabi/9.3.1/thumb/v7-m/nofp\libgcc.a
LOAD c:/st/stm32cubeide_1.7.0/stm32cubeide/plugins/com.st.stm32cube.ide.mcu.externaltools.gnu-tools-for-stm32.9-2020-q2-update.win32_2.0.0.202105311346/tools/bin/../lib/gcc/arm-none-eabi/9.3.1/../../../../arm-none-eabi/lib/thumb/v7-m/nofp\libc_nano.a
LOAD c:/st/stm32cubeide_1.7.0/stm32cubeide/plugins/com.st.stm32cube.ide.mcu.externaltools.gnu-tools-for-stm32.9-2020-q2-update.win32_2.0.0.202105311346/tools/bin/../lib/gcc/arm-none-eabi/9.3.1/../../../../arm-none-eabi/lib/thumb/v7-m/nofp\libnosys.a
END GROUP
LOAD c:/st/stm32cubeide_1.7.0/stm32cubeide/plugins/com.st.stm32cube.ide.mcu.externaltools.gnu-tools-for-stm32.9-2020-q2-update.win32_2.0.0.202105311346/tools/bin/../lib/gcc/arm-none-eabi/9.3.1/thumb/v7-m/nofp/crtend.o
LOAD c:/st/stm32cubeide_1.7.0/stm32cubeide/plugins/com.st.stm32cube.ide.mcu.externaltools.gnu-tools-for-stm32.9-2020-q2-update.win32_2.0.0.202105311346/tools/bin/../lib/gcc/arm-none-eabi/9.3.1/thumb/v7-m/nofp/crtn.o
                0x0000000020005000                _estack = (ORIGIN (RAM) + LENGTH (RAM))
                0x0000000000000200                _Min_Heap_Size = 0x200
                0x0000000000000400                _Min_Stack_Size = 0x400

.isr_vector     0x0000000008000000      0x10c
                0x0000000008000000                . = ALIGN (0x4)
 *(.isr_vector)
 .isr_vector    0x0000000008000000      0x10c ./Core/Startup/startup_stm32f103rbtx.o
                0x0000000008000000                g_pfnVectors
                0x000000000800010c                . = ALIGN (0x4)

.text           0x000000000800010c     0x50c8
                0x000000000800010c                . = ALIGN (0x4)
 *(.text)
 .text          0x000000000800010c       0x40 c:/st/stm32cubeide_1.7.0/stm32cubeide/plugins/com.st.stm32cube.ide.mcu.externaltools.gnu-tools-for-stm32.9-2020-q2-update.win32_2.0.0.202105311346/tools/bin/../lib/gcc/arm-none-eabi/9.3.1/thumb/v7-m/nofp/crtbegin.o
 *(.text*)
 .text.clearLed
                0x000000000800014c       0x18 ./Core/Src/RYG_LED.o
                0x000000000800014c                clearLed
 .text.displayLed
                0x0000000008000164       0x8c ./Core/Src/RYG_LED.o
                0x0000000008000164                displayLed
 .text.displayLed2
                0x00000000080001f0       0x94 ./Core/Src/RYG_LED.o
                0x00000000080001f0                displayLed2
 .text.init_Button
                0x0000000008000284       0x84 ./Core/Src/button.o
                0x0000000008000284                init_Button
 .text.isButtonPressed
                0x0000000008000308       0x34 ./Core/Src/button.o
                0x0000000008000308                isButtonPressed
 .text.getKeyInput
                0x000000000800033c      0x13c ./Core/Src/button.o
                0x000000000800033c                getKeyInput
 .text.checkTime
                0x0000000008000478       0x38 ./Core/Src/fsm_traffic_light.o
                0x0000000008000478                checkTime
 .text.fsm_traffic
                0x00000000080004b0      0x3b4 ./Core/Src/fsm_traffic_light.o
                0x00000000080004b0                fsm_traffic
 .text.main     0x0000000008000864       0x64 ./Core/Src/main.o
                0x0000000008000864                main
 .text.SystemClock_Config
                0x00000000080008c8       0x82 ./Core/Src/main.o
                0x00000000080008c8                SystemClock_Config
 *fill*         0x000000000800094a        0x2 
 .text.MX_I2C1_Init
                0x000000000800094c       0x5c ./Core/Src/main.o
 .text.MX_TIM2_Init
                0x00000000080009a8       0x98 ./Core/Src/main.o
 .text.MX_USART2_UART_Init
                0x0000000008000a40       0x54 ./Core/Src/main.o
 .text.MX_GPIO_Init
                0x0000000008000a94      0x140 ./Core/Src/main.o
 .text.HAL_TIM_PeriodElapsedCallback
                0x0000000008000bd4       0x14 ./Core/Src/main.o
                0x0000000008000bd4                HAL_TIM_PeriodElapsedCallback
 .text.Error_Handler
                0x0000000008000be8        0xa ./Core/Src/main.o
                0x0000000008000be8                Error_Handler
 *fill*         0x0000000008000bf2        0x2 
 .text.SCH_Init
                0x0000000008000bf4       0x20 ./Core/Src/scheduler.o
                0x0000000008000bf4                SCH_Init
 .text.SCH_Add_Task
                0x0000000008000c14       0xc0 ./Core/Src/scheduler.o
                0x0000000008000c14                SCH_Add_Task
 .text.SCH_Delete_Task
                0x0000000008000cd4       0x74 ./Core/Src/scheduler.o
                0x0000000008000cd4                SCH_Delete_Task
 .text.SCH_Update
                0x0000000008000d48       0x1c ./Core/Src/scheduler.o
                0x0000000008000d48                SCH_Update
 .text.SCH_Dispatch_Tasks
                0x0000000008000d64      0x10c ./Core/Src/scheduler.o
                0x0000000008000d64                SCH_Dispatch_Tasks
 .text.setTimer
                0x0000000008000e70       0x40 ./Core/Src/software_timer.o
                0x0000000008000e70                setTimer
 .text.isTimerExpired
                0x0000000008000eb0       0x34 ./Core/Src/software_timer.o
                0x0000000008000eb0                isTimerExpired
 .text.timerRun
                0x0000000008000ee4       0x60 ./Core/Src/software_timer.o
                0x0000000008000ee4                timerRun
 .text.HAL_MspInit
                0x0000000008000f44       0x64 ./Core/Src/stm32f1xx_hal_msp.o
                0x0000000008000f44                HAL_MspInit
 .text.HAL_I2C_MspInit
                0x0000000008000fa8       0x9c ./Core/Src/stm32f1xx_hal_msp.o
                0x0000000008000fa8                HAL_I2C_MspInit
 .text.HAL_TIM_Base_MspInit
                0x0000000008001044       0x48 ./Core/Src/stm32f1xx_hal_msp.o
                0x0000000008001044                HAL_TIM_Base_MspInit
 .text.HAL_UART_MspInit
                0x000000000800108c       0x8c ./Core/Src/stm32f1xx_hal_msp.o
                0x000000000800108c                HAL_UART_MspInit
 .text.NMI_Handler
                0x0000000008001118        0x6 ./Core/Src/stm32f1xx_it.o
                0x0000000008001118                NMI_Handler
 .text.HardFault_Handler
                0x000000000800111e        0x6 ./Core/Src/stm32f1xx_it.o
                0x000000000800111e                HardFault_Handler
 .text.MemManage_Handler
                0x0000000008001124        0x6 ./Core/Src/stm32f1xx_it.o
                0x0000000008001124                MemManage_Handler
 .text.BusFault_Handler
                0x000000000800112a        0x6 ./Core/Src/stm32f1xx_it.o
                0x000000000800112a                BusFault_Handler
 .text.UsageFault_Handler
                0x0000000008001130        0x6 ./Core/Src/stm32f1xx_it.o
                0x0000000008001130                UsageFault_Handler
 .text.SVC_Handler
                0x0000000008001136        0xc ./Core/Src/stm32f1xx_it.o
                0x0000000008001136                SVC_Handler
 .text.DebugMon_Handler
                0x0000000008001142        0xc ./Core/Src/stm32f1xx_it.o
                0x0000000008001142                DebugMon_Handler
 .text.PendSV_Handler
                0x000000000800114e        0xc ./Core/Src/stm32f1xx_it.o
                0x000000000800114e                PendSV_Handler
 .text.SysTick_Handler
                0x000000000800115a        0xc ./Core/Src/stm32f1xx_it.o
                0x000000000800115a                SysTick_Handler
 *fill*         0x0000000008001166        0x2 
 .text.TIM2_IRQHandler
                0x0000000008001168       0x14 ./Core/Src/stm32f1xx_it.o
                0x0000000008001168                TIM2_IRQHandler
 .text.I2C1_EV_IRQHandler
                0x000000000800117c       0x14 ./Core/Src/stm32f1xx_it.o
                0x000000000800117c                I2C1_EV_IRQHandler
 .text.I2C1_ER_IRQHandler
                0x0000000008001190       0x14 ./Core/Src/stm32f1xx_it.o
                0x0000000008001190                I2C1_ER_IRQHandler
 .text.USART2_IRQHandler
                0x00000000080011a4       0x14 ./Core/Src/stm32f1xx_it.o
                0x00000000080011a4                USART2_IRQHandler
 .text.EXTI15_10_IRQHandler
                0x00000000080011b8       0x10 ./Core/Src/stm32f1xx_it.o
                0x00000000080011b8                EXTI15_10_IRQHandler
 .text.SystemInit
                0x00000000080011c8        0xc ./Core/Src/system_stm32f1xx.o
                0x00000000080011c8                SystemInit
 .text.Reset_Handler
                0x00000000080011d4       0x48 ./Core/Startup/startup_stm32f103rbtx.o
                0x00000000080011d4                Reset_Handler
 .text.Default_Handler
                0x000000000800121c        0x2 ./Core/Startup/startup_stm32f103rbtx.o
                0x000000000800121c                RTC_Alarm_IRQHandler
                0x000000000800121c                EXTI2_IRQHandler
                0x000000000800121c                TIM1_CC_IRQHandler
                0x000000000800121c                PVD_IRQHandler
                0x000000000800121c                EXTI3_IRQHandler
                0x000000000800121c                EXTI0_IRQHandler
                0x000000000800121c                I2C2_EV_IRQHandler
                0x000000000800121c                ADC1_2_IRQHandler
                0x000000000800121c                SPI1_IRQHandler
                0x000000000800121c                TAMPER_IRQHandler
                0x000000000800121c                DMA1_Channel4_IRQHandler
                0x000000000800121c                USART3_IRQHandler
                0x000000000800121c                RTC_IRQHandler
                0x000000000800121c                DMA1_Channel7_IRQHandler
                0x000000000800121c                CAN1_RX1_IRQHandler
                0x000000000800121c                TIM4_IRQHandler
                0x000000000800121c                DMA1_Channel6_IRQHandler
                0x000000000800121c                TIM3_IRQHandler
                0x000000000800121c                RCC_IRQHandler
                0x000000000800121c                TIM1_TRG_COM_IRQHandler
                0x000000000800121c                DMA1_Channel1_IRQHandler
                0x000000000800121c                Default_Handler
                0x000000000800121c                EXTI9_5_IRQHandler
                0x000000000800121c                SPI2_IRQHandler
                0x000000000800121c                DMA1_Channel5_IRQHandler
                0x000000000800121c                EXTI4_IRQHandler
                0x000000000800121c                USB_LP_CAN1_RX0_IRQHandler
                0x000000000800121c                USB_HP_CAN1_TX_IRQHandler
                0x000000000800121c                DMA1_Channel3_IRQHandler
                0x000000000800121c                TIM1_UP_IRQHandler
                0x000000000800121c                WWDG_IRQHandler
                0x000000000800121c                TIM1_BRK_IRQHandler
                0x000000000800121c                EXTI1_IRQHandler
                0x000000000800121c                I2C2_ER_IRQHandler
                0x000000000800121c                DMA1_Channel2_IRQHandler
                0x000000000800121c                CAN1_SCE_IRQHandler
                0x000000000800121c                FLASH_IRQHandler
                0x000000000800121c                USART1_IRQHandler
                0x000000000800121c                USBWakeUp_IRQHandler
 *fill*         0x000000000800121e        0x2 
 .text.HAL_Init
                0x0000000008001220       0x2c ./Drivers/STM32F1xx_HAL_Driver/Src/stm32f1xx_hal.o
                0x0000000008001220                HAL_Init
 .text.HAL_InitTick
                0x000000000800124c       0x60 ./Drivers/STM32F1xx_HAL_Driver/Src/stm32f1xx_hal.o
                0x000000000800124c                HAL_InitTick
 .text.HAL_IncTick
                0x00000000080012ac       0x24 ./Drivers/STM32F1xx_HAL_Driver/Src/stm32f1xx_hal.o
                0x00000000080012ac                HAL_IncTick
 .text.HAL_GetTick
                0x00000000080012d0       0x14 ./Drivers/STM32F1xx_HAL_Driver/Src/stm32f1xx_hal.o
                0x00000000080012d0                HAL_GetTick
 .text.__NVIC_SetPriorityGrouping
                0x00000000080012e4       0x48 ./Drivers/STM32F1xx_HAL_Driver/Src/stm32f1xx_hal_cortex.o
 .text.__NVIC_GetPriorityGrouping
                0x000000000800132c       0x1c ./Drivers/STM32F1xx_HAL_Driver/Src/stm32f1xx_hal_cortex.o
 .text.__NVIC_EnableIRQ
                0x0000000008001348       0x38 ./Drivers/STM32F1xx_HAL_Driver/Src/stm32f1xx_hal_cortex.o
 .text.__NVIC_SetPriority
                0x0000000008001380       0x54 ./Drivers/STM32F1xx_HAL_Driver/Src/stm32f1xx_hal_cortex.o
 .text.NVIC_EncodePriority
                0x00000000080013d4       0x64 ./Drivers/STM32F1xx_HAL_Driver/Src/stm32f1xx_hal_cortex.o
 .text.SysTick_Config
                0x0000000008001438       0x44 ./Drivers/STM32F1xx_HAL_Driver/Src/stm32f1xx_hal_cortex.o
 .text.HAL_NVIC_SetPriorityGrouping
                0x000000000800147c       0x16 ./Drivers/STM32F1xx_HAL_Driver/Src/stm32f1xx_hal_cortex.o
                0x000000000800147c                HAL_NVIC_SetPriorityGrouping
 .text.HAL_NVIC_SetPriority
                0x0000000008001492       0x38 ./Drivers/STM32F1xx_HAL_Driver/Src/stm32f1xx_hal_cortex.o
                0x0000000008001492                HAL_NVIC_SetPriority
 .text.HAL_NVIC_EnableIRQ
                0x00000000080014ca       0x1c ./Drivers/STM32F1xx_HAL_Driver/Src/stm32f1xx_hal_cortex.o
                0x00000000080014ca                HAL_NVIC_EnableIRQ
 .text.HAL_SYSTICK_Config
                0x00000000080014e6       0x18 ./Drivers/STM32F1xx_HAL_Driver/Src/stm32f1xx_hal_cortex.o
                0x00000000080014e6                HAL_SYSTICK_Config
 .text.HAL_DMA_Abort
                0x00000000080014fe       0x76 ./Drivers/STM32F1xx_HAL_Driver/Src/stm32f1xx_hal_dma.o
                0x00000000080014fe                HAL_DMA_Abort
 .text.HAL_DMA_Abort_IT
                0x0000000008001574       0xf0 ./Drivers/STM32F1xx_HAL_Driver/Src/stm32f1xx_hal_dma.o
                0x0000000008001574                HAL_DMA_Abort_IT
 .text.HAL_DMA_GetState
                0x0000000008001664       0x1a ./Drivers/STM32F1xx_HAL_Driver/Src/stm32f1xx_hal_dma.o
                0x0000000008001664                HAL_DMA_GetState
 *fill*         0x000000000800167e        0x2 
 .text.HAL_GPIO_Init
                0x0000000008001680      0x308 ./Drivers/STM32F1xx_HAL_Driver/Src/stm32f1xx_hal_gpio.o
                0x0000000008001680                HAL_GPIO_Init
 .text.HAL_GPIO_ReadPin
                0x0000000008001988       0x2e ./Drivers/STM32F1xx_HAL_Driver/Src/stm32f1xx_hal_gpio.o
                0x0000000008001988                HAL_GPIO_ReadPin
 .text.HAL_GPIO_WritePin
                0x00000000080019b6       0x30 ./Drivers/STM32F1xx_HAL_Driver/Src/stm32f1xx_hal_gpio.o
                0x00000000080019b6                HAL_GPIO_WritePin
 .text.HAL_GPIO_TogglePin
                0x00000000080019e6       0x32 ./Drivers/STM32F1xx_HAL_Driver/Src/stm32f1xx_hal_gpio.o
                0x00000000080019e6                HAL_GPIO_TogglePin
 .text.HAL_GPIO_EXTI_IRQHandler
                0x0000000008001a18       0x30 ./Drivers/STM32F1xx_HAL_Driver/Src/stm32f1xx_hal_gpio.o
                0x0000000008001a18                HAL_GPIO_EXTI_IRQHandler
 .text.HAL_GPIO_EXTI_Callback
                0x0000000008001a48       0x14 ./Drivers/STM32F1xx_HAL_Driver/Src/stm32f1xx_hal_gpio.o
                0x0000000008001a48                HAL_GPIO_EXTI_Callback
 .text.HAL_I2C_Init
                0x0000000008001a5c      0x288 ./Drivers/STM32F1xx_HAL_Driver/Src/stm32f1xx_hal_i2c.o
                0x0000000008001a5c                HAL_I2C_Init
 .text.I2C_Flush_DR
                0x0000000008001ce4       0x28 ./Drivers/STM32F1xx_HAL_Driver/Src/stm32f1xx_hal_i2c.o
 .text.HAL_I2C_EV_IRQHandler
                0x0000000008001d0c      0x2e2 ./Drivers/STM32F1xx_HAL_Driver/Src/stm32f1xx_hal_i2c.o
                0x0000000008001d0c                HAL_I2C_EV_IRQHandler
 .text.HAL_I2C_ER_IRQHandler
                0x0000000008001fee      0x15e ./Drivers/STM32F1xx_HAL_Driver/Src/stm32f1xx_hal_i2c.o
                0x0000000008001fee                HAL_I2C_ER_IRQHandler
 .text.HAL_I2C_MasterTxCpltCallback
                0x000000000800214c       0x12 ./Drivers/STM32F1xx_HAL_Driver/Src/stm32f1xx_hal_i2c.o
                0x000000000800214c                HAL_I2C_MasterTxCpltCallback
 .text.HAL_I2C_MasterRxCpltCallback
                0x000000000800215e       0x12 ./Drivers/STM32F1xx_HAL_Driver/Src/stm32f1xx_hal_i2c.o
                0x000000000800215e                HAL_I2C_MasterRxCpltCallback
 .text.HAL_I2C_SlaveTxCpltCallback
                0x0000000008002170       0x12 ./Drivers/STM32F1xx_HAL_Driver/Src/stm32f1xx_hal_i2c.o
                0x0000000008002170                HAL_I2C_SlaveTxCpltCallback
 .text.HAL_I2C_SlaveRxCpltCallback
                0x0000000008002182       0x12 ./Drivers/STM32F1xx_HAL_Driver/Src/stm32f1xx_hal_i2c.o
                0x0000000008002182                HAL_I2C_SlaveRxCpltCallback
 .text.HAL_I2C_AddrCallback
                0x0000000008002194       0x1a ./Drivers/STM32F1xx_HAL_Driver/Src/stm32f1xx_hal_i2c.o
                0x0000000008002194                HAL_I2C_AddrCallback
 .text.HAL_I2C_ListenCpltCallback
                0x00000000080021ae       0x12 ./Drivers/STM32F1xx_HAL_Driver/Src/stm32f1xx_hal_i2c.o
                0x00000000080021ae                HAL_I2C_ListenCpltCallback
 .text.HAL_I2C_MemTxCpltCallback
                0x00000000080021c0       0x12 ./Drivers/STM32F1xx_HAL_Driver/Src/stm32f1xx_hal_i2c.o
                0x00000000080021c0                HAL_I2C_MemTxCpltCallback
 .text.HAL_I2C_MemRxCpltCallback
                0x00000000080021d2       0x12 ./Drivers/STM32F1xx_HAL_Driver/Src/stm32f1xx_hal_i2c.o
                0x00000000080021d2                HAL_I2C_MemRxCpltCallback
 .text.HAL_I2C_ErrorCallback
                0x00000000080021e4       0x12 ./Drivers/STM32F1xx_HAL_Driver/Src/stm32f1xx_hal_i2c.o
                0x00000000080021e4                HAL_I2C_ErrorCallback
 .text.HAL_I2C_AbortCpltCallback
                0x00000000080021f6       0x12 ./Drivers/STM32F1xx_HAL_Driver/Src/stm32f1xx_hal_i2c.o
                0x00000000080021f6                HAL_I2C_AbortCpltCallback
 .text.I2C_MasterTransmit_TXE
                0x0000000008002208      0x138 ./Drivers/STM32F1xx_HAL_Driver/Src/stm32f1xx_hal_i2c.o
 .text.I2C_MasterTransmit_BTF
                0x0000000008002340       0xec ./Drivers/STM32F1xx_HAL_Driver/Src/stm32f1xx_hal_i2c.o
 .text.I2C_MemoryTransmit_TXE_BTF
                0x000000000800242c      0x130 ./Drivers/STM32F1xx_HAL_Driver/Src/stm32f1xx_hal_i2c.o
 .text.I2C_MasterReceive_RXNE
                0x000000000800255c      0x190 ./Drivers/STM32F1xx_HAL_Driver/Src/stm32f1xx_hal_i2c.o
 .text.I2C_MasterReceive_BTF
                0x00000000080026ec      0x1e2 ./Drivers/STM32F1xx_HAL_Driver/Src/stm32f1xx_hal_i2c.o
 .text.I2C_Master_SB
                0x00000000080028ce      0x10a ./Drivers/STM32F1xx_HAL_Driver/Src/stm32f1xx_hal_i2c.o
 .text.I2C_Master_ADD10
                0x00000000080029d8       0x52 ./Drivers/STM32F1xx_HAL_Driver/Src/stm32f1xx_hal_i2c.o
 .text.I2C_Master_ADDR
                0x0000000008002a2a      0x336 ./Drivers/STM32F1xx_HAL_Driver/Src/stm32f1xx_hal_i2c.o
 .text.I2C_SlaveTransmit_TXE
                0x0000000008002d60       0x7a ./Drivers/STM32F1xx_HAL_Driver/Src/stm32f1xx_hal_i2c.o
 .text.I2C_SlaveTransmit_BTF
                0x0000000008002dda       0x40 ./Drivers/STM32F1xx_HAL_Driver/Src/stm32f1xx_hal_i2c.o
 .text.I2C_SlaveReceive_RXNE
                0x0000000008002e1a       0x7c ./Drivers/STM32F1xx_HAL_Driver/Src/stm32f1xx_hal_i2c.o
 .text.I2C_SlaveReceive_BTF
                0x0000000008002e96       0x42 ./Drivers/STM32F1xx_HAL_Driver/Src/stm32f1xx_hal_i2c.o
 .text.I2C_Slave_ADDR
                0x0000000008002ed8       0x94 ./Drivers/STM32F1xx_HAL_Driver/Src/stm32f1xx_hal_i2c.o
 .text.I2C_Slave_STOPF
                0x0000000008002f6c      0x260 ./Drivers/STM32F1xx_HAL_Driver/Src/stm32f1xx_hal_i2c.o
 .text.I2C_Slave_AF
                0x00000000080031cc       0xe8 ./Drivers/STM32F1xx_HAL_Driver/Src/stm32f1xx_hal_i2c.o
 .text.I2C_ITError
                0x00000000080032b4      0x264 ./Drivers/STM32F1xx_HAL_Driver/Src/stm32f1xx_hal_i2c.o
 .text.I2C_DMAAbort
                0x0000000008003518      0x150 ./Drivers/STM32F1xx_HAL_Driver/Src/stm32f1xx_hal_i2c.o
 .text.I2C_WaitOnSTOPRequestThroughIT
                0x0000000008003668       0x64 ./Drivers/STM32F1xx_HAL_Driver/Src/stm32f1xx_hal_i2c.o
 .text.I2C_ConvertOtherXferOptions
                0x00000000080036cc       0x34 ./Drivers/STM32F1xx_HAL_Driver/Src/stm32f1xx_hal_i2c.o
 .text.HAL_RCC_OscConfig
                0x0000000008003700      0x500 ./Drivers/STM32F1xx_HAL_Driver/Src/stm32f1xx_hal_rcc.o
                0x0000000008003700                HAL_RCC_OscConfig
 .text.HAL_RCC_ClockConfig
                0x0000000008003c00      0x1d4 ./Drivers/STM32F1xx_HAL_Driver/Src/stm32f1xx_hal_rcc.o
                0x0000000008003c00                HAL_RCC_ClockConfig
 .text.HAL_RCC_GetSysClockFreq
                0x0000000008003dd4       0xa8 ./Drivers/STM32F1xx_HAL_Driver/Src/stm32f1xx_hal_rcc.o
                0x0000000008003dd4                HAL_RCC_GetSysClockFreq
 .text.HAL_RCC_GetHCLKFreq
                0x0000000008003e7c       0x14 ./Drivers/STM32F1xx_HAL_Driver/Src/stm32f1xx_hal_rcc.o
                0x0000000008003e7c                HAL_RCC_GetHCLKFreq
 .text.HAL_RCC_GetPCLK1Freq
                0x0000000008003e90       0x28 ./Drivers/STM32F1xx_HAL_Driver/Src/stm32f1xx_hal_rcc.o
                0x0000000008003e90                HAL_RCC_GetPCLK1Freq
 .text.HAL_RCC_GetPCLK2Freq
                0x0000000008003eb8       0x28 ./Drivers/STM32F1xx_HAL_Driver/Src/stm32f1xx_hal_rcc.o
                0x0000000008003eb8                HAL_RCC_GetPCLK2Freq
 .text.RCC_Delay
                0x0000000008003ee0       0x3c ./Drivers/STM32F1xx_HAL_Driver/Src/stm32f1xx_hal_rcc.o
 .text.HAL_TIM_Base_Init
                0x0000000008003f1c       0x9e ./Drivers/STM32F1xx_HAL_Driver/Src/stm32f1xx_hal_tim.o
                0x0000000008003f1c                HAL_TIM_Base_Init
 *fill*         0x0000000008003fba        0x2 
 .text.HAL_TIM_Base_Start_IT
                0x0000000008003fbc       0xa4 ./Drivers/STM32F1xx_HAL_Driver/Src/stm32f1xx_hal_tim.o
                0x0000000008003fbc                HAL_TIM_Base_Start_IT
 .text.HAL_TIM_IRQHandler
                0x0000000008004060      0x1e0 ./Drivers/STM32F1xx_HAL_Driver/Src/stm32f1xx_hal_tim.o
                0x0000000008004060                HAL_TIM_IRQHandler
 .text.HAL_TIM_ConfigClockSource
                0x0000000008004240      0x18e ./Drivers/STM32F1xx_HAL_Driver/Src/stm32f1xx_hal_tim.o
                0x0000000008004240                HAL_TIM_ConfigClockSource
 .text.HAL_TIM_OC_DelayElapsedCallback
                0x00000000080043ce       0x12 ./Drivers/STM32F1xx_HAL_Driver/Src/stm32f1xx_hal_tim.o
                0x00000000080043ce                HAL_TIM_OC_DelayElapsedCallback
 .text.HAL_TIM_IC_CaptureCallback
                0x00000000080043e0       0x12 ./Drivers/STM32F1xx_HAL_Driver/Src/stm32f1xx_hal_tim.o
                0x00000000080043e0                HAL_TIM_IC_CaptureCallback
 .text.HAL_TIM_PWM_PulseFinishedCallback
                0x00000000080043f2       0x12 ./Drivers/STM32F1xx_HAL_Driver/Src/stm32f1xx_hal_tim.o
                0x00000000080043f2                HAL_TIM_PWM_PulseFinishedCallback
 .text.HAL_TIM_TriggerCallback
                0x0000000008004404       0x12 ./Drivers/STM32F1xx_HAL_Driver/Src/stm32f1xx_hal_tim.o
                0x0000000008004404                HAL_TIM_TriggerCallback
 *fill*         0x0000000008004416        0x2 
 .text.TIM_Base_SetConfig
                0x0000000008004418       0xdc ./Drivers/STM32F1xx_HAL_Driver/Src/stm32f1xx_hal_tim.o
                0x0000000008004418                TIM_Base_SetConfig
 .text.TIM_TI1_ConfigInputStage
                0x00000000080044f4       0x5c ./Drivers/STM32F1xx_HAL_Driver/Src/stm32f1xx_hal_tim.o
 .text.TIM_TI2_ConfigInputStage
                0x0000000008004550       0x5e ./Drivers/STM32F1xx_HAL_Driver/Src/stm32f1xx_hal_tim.o
 .text.TIM_ITRx_SetConfig
                0x00000000080045ae       0x34 ./Drivers/STM32F1xx_HAL_Driver/Src/stm32f1xx_hal_tim.o
 .text.TIM_ETR_SetConfig
                0x00000000080045e2       0x3e ./Drivers/STM32F1xx_HAL_Driver/Src/stm32f1xx_hal_tim.o
                0x00000000080045e2                TIM_ETR_SetConfig
 .text.HAL_TIMEx_MasterConfigSynchronization
                0x0000000008004620       0xbc ./Drivers/STM32F1xx_HAL_Driver/Src/stm32f1xx_hal_tim_ex.o
                0x0000000008004620                HAL_TIMEx_MasterConfigSynchronization
 .text.HAL_TIMEx_CommutCallback
                0x00000000080046dc       0x12 ./Drivers/STM32F1xx_HAL_Driver/Src/stm32f1xx_hal_tim_ex.o
                0x00000000080046dc                HAL_TIMEx_CommutCallback
 .text.HAL_TIMEx_BreakCallback
                0x00000000080046ee       0x12 ./Drivers/STM32F1xx_HAL_Driver/Src/stm32f1xx_hal_tim_ex.o
                0x00000000080046ee                HAL_TIMEx_BreakCallback
 .text.HAL_UART_Init
                0x0000000008004700       0xa0 ./Drivers/STM32F1xx_HAL_Driver/Src/stm32f1xx_hal_uart.o
                0x0000000008004700                HAL_UART_Init
 .text.HAL_UART_IRQHandler
                0x00000000080047a0      0x524 ./Drivers/STM32F1xx_HAL_Driver/Src/stm32f1xx_hal_uart.o
                0x00000000080047a0                HAL_UART_IRQHandler
 .text.HAL_UART_TxCpltCallback
                0x0000000008004cc4       0x12 ./Drivers/STM32F1xx_HAL_Driver/Src/stm32f1xx_hal_uart.o
                0x0000000008004cc4                HAL_UART_TxCpltCallback
 .text.HAL_UART_RxCpltCallback
                0x0000000008004cd6       0x12 ./Drivers/STM32F1xx_HAL_Driver/Src/stm32f1xx_hal_uart.o
                0x0000000008004cd6                HAL_UART_RxCpltCallback
 .text.HAL_UART_ErrorCallback
                0x0000000008004ce8       0x12 ./Drivers/STM32F1xx_HAL_Driver/Src/stm32f1xx_hal_uart.o
                0x0000000008004ce8                HAL_UART_ErrorCallback
 .text.HAL_UARTEx_RxEventCallback
                0x0000000008004cfa       0x16 ./Drivers/STM32F1xx_HAL_Driver/Src/stm32f1xx_hal_uart.o
                0x0000000008004cfa                HAL_UARTEx_RxEventCallback
 .text.UART_EndRxTransfer
                0x0000000008004d10       0xc4 ./Drivers/STM32F1xx_HAL_Driver/Src/stm32f1xx_hal_uart.o
 .text.UART_DMAAbortOnError
                0x0000000008004dd4       0x28 ./Drivers/STM32F1xx_HAL_Driver/Src/stm32f1xx_hal_uart.o
 .text.UART_Transmit_IT
                0x0000000008004dfc       0x9e ./Drivers/STM32F1xx_HAL_Driver/Src/stm32f1xx_hal_uart.o
 .text.UART_EndTransmit_IT
                0x0000000008004e9a       0x30 ./Drivers/STM32F1xx_HAL_Driver/Src/stm32f1xx_hal_uart.o
 .text.UART_Receive_IT
                0x0000000008004eca      0x17c ./Drivers/STM32F1xx_HAL_Driver/Src/stm32f1xx_hal_uart.o
 *fill*         0x0000000008005046        0x2 
 .text.UART_SetConfig
                0x0000000008005048      0x11c ./Drivers/STM32F1xx_HAL_Driver/Src/stm32f1xx_hal_uart.o
 .text.__libc_init_array
                0x0000000008005164       0x48 c:/st/stm32cubeide_1.7.0/stm32cubeide/plugins/com.st.stm32cube.ide.mcu.externaltools.gnu-tools-for-stm32.9-2020-q2-update.win32_2.0.0.202105311346/tools/bin/../lib/gcc/arm-none-eabi/9.3.1/../../../../arm-none-eabi/lib/thumb/v7-m/nofp\libc_nano.a(lib_a-init.o)
                0x0000000008005164                __libc_init_array
 .text.memset   0x00000000080051ac       0x10 c:/st/stm32cubeide_1.7.0/stm32cubeide/plugins/com.st.stm32cube.ide.mcu.externaltools.gnu-tools-for-stm32.9-2020-q2-update.win32_2.0.0.202105311346/tools/bin/../lib/gcc/arm-none-eabi/9.3.1/../../../../arm-none-eabi/lib/thumb/v7-m/nofp\libc_nano.a(lib_a-memset.o)
                0x00000000080051ac                memset
 *(.glue_7)
 .glue_7        0x00000000080051bc        0x0 linker stubs
 *(.glue_7t)
 .glue_7t       0x00000000080051bc        0x0 linker stubs
 *(.eh_frame)
 .eh_frame      0x00000000080051bc        0x0 c:/st/stm32cubeide_1.7.0/stm32cubeide/plugins/com.st.stm32cube.ide.mcu.externaltools.gnu-tools-for-stm32.9-2020-q2-update.win32_2.0.0.202105311346/tools/bin/../lib/gcc/arm-none-eabi/9.3.1/thumb/v7-m/nofp/crtbegin.o
 *(.init)
 .init          0x00000000080051bc        0x4 c:/st/stm32cubeide_1.7.0/stm32cubeide/plugins/com.st.stm32cube.ide.mcu.externaltools.gnu-tools-for-stm32.9-2020-q2-update.win32_2.0.0.202105311346/tools/bin/../lib/gcc/arm-none-eabi/9.3.1/thumb/v7-m/nofp/crti.o
                0x00000000080051bc                _init
 .init          0x00000000080051c0        0x8 c:/st/stm32cubeide_1.7.0/stm32cubeide/plugins/com.st.stm32cube.ide.mcu.externaltools.gnu-tools-for-stm32.9-2020-q2-update.win32_2.0.0.202105311346/tools/bin/../lib/gcc/arm-none-eabi/9.3.1/thumb/v7-m/nofp/crtn.o
 *(.fini)
 .fini          0x00000000080051c8        0x4 c:/st/stm32cubeide_1.7.0/stm32cubeide/plugins/com.st.stm32cube.ide.mcu.externaltools.gnu-tools-for-stm32.9-2020-q2-update.win32_2.0.0.202105311346/tools/bin/../lib/gcc/arm-none-eabi/9.3.1/thumb/v7-m/nofp/crti.o
                0x00000000080051c8                _fini
 .fini          0x00000000080051cc        0x8 c:/st/stm32cubeide_1.7.0/stm32cubeide/plugins/com.st.stm32cube.ide.mcu.externaltools.gnu-tools-for-stm32.9-2020-q2-update.win32_2.0.0.202105311346/tools/bin/../lib/gcc/arm-none-eabi/9.3.1/thumb/v7-m/nofp/crtn.o
                0x00000000080051d4                . = ALIGN (0x4)
                0x00000000080051d4                _etext = .

.vfp11_veneer   0x00000000080051d4        0x0
 .vfp11_veneer  0x00000000080051d4        0x0 linker stubs

.v4_bx          0x00000000080051d4        0x0
 .v4_bx         0x00000000080051d4        0x0 linker stubs

.iplt           0x00000000080051d4        0x0
 .iplt          0x00000000080051d4        0x0 c:/st/stm32cubeide_1.7.0/stm32cubeide/plugins/com.st.stm32cube.ide.mcu.externaltools.gnu-tools-for-stm32.9-2020-q2-update.win32_2.0.0.202105311346/tools/bin/../lib/gcc/arm-none-eabi/9.3.1/thumb/v7-m/nofp/crtbegin.o

.rodata         0x00000000080051d4       0x2c
                0x00000000080051d4                . = ALIGN (0x4)
 *(.rodata)
 *(.rodata*)
 .rodata.AHBPrescTable
                0x00000000080051d4       0x10 ./Core/Src/system_stm32f1xx.o
                0x00000000080051d4                AHBPrescTable
 .rodata.APBPrescTable
                0x00000000080051e4        0x8 ./Core/Src/system_stm32f1xx.o
                0x00000000080051e4                APBPrescTable
 .rodata.aPLLMULFactorTable.6442
                0x00000000080051ec       0x10 ./Drivers/STM32F1xx_HAL_Driver/Src/stm32f1xx_hal_rcc.o
 .rodata.aPredivFactorTable.6443
                0x00000000080051fc        0x2 ./Drivers/STM32F1xx_HAL_Driver/Src/stm32f1xx_hal_rcc.o
                0x0000000008005200                . = ALIGN (0x4)
 *fill*         0x00000000080051fe        0x2 

.rel.dyn        0x0000000008005200        0x0
 .rel.iplt      0x0000000008005200        0x0 c:/st/stm32cubeide_1.7.0/stm32cubeide/plugins/com.st.stm32cube.ide.mcu.externaltools.gnu-tools-for-stm32.9-2020-q2-update.win32_2.0.0.202105311346/tools/bin/../lib/gcc/arm-none-eabi/9.3.1/thumb/v7-m/nofp/crtbegin.o

.ARM.extab      0x0000000008005200        0x0
                0x0000000008005200                . = ALIGN (0x4)
 *(.ARM.extab* .gnu.linkonce.armextab.*)
                0x0000000008005200                . = ALIGN (0x4)

.ARM            0x0000000008005200        0x0
                0x0000000008005200                . = ALIGN (0x4)
                0x0000000008005200                __exidx_start = .
 *(.ARM.exidx*)
                0x0000000008005200                __exidx_end = .
                0x0000000008005200                . = ALIGN (0x4)

.preinit_array  0x0000000008005200        0x0
                0x0000000008005200                . = ALIGN (0x4)
                0x0000000008005200                PROVIDE (__preinit_array_start = .)
 *(.preinit_array*)
                0x0000000008005200                PROVIDE (__preinit_array_end = .)
                0x0000000008005200                . = ALIGN (0x4)

.init_array     0x0000000008005200        0x4
                0x0000000008005200                . = ALIGN (0x4)
                0x0000000008005200                PROVIDE (__init_array_start = .)
 *(SORT_BY_NAME(.init_array.*))
 *(.init_array*)
 .init_array    0x0000000008005200        0x4 c:/st/stm32cubeide_1.7.0/stm32cubeide/plugins/com.st.stm32cube.ide.mcu.externaltools.gnu-tools-for-stm32.9-2020-q2-update.win32_2.0.0.202105311346/tools/bin/../lib/gcc/arm-none-eabi/9.3.1/thumb/v7-m/nofp/crtbegin.o
                0x0000000008005204                PROVIDE (__init_array_end = .)
                0x0000000008005204                . = ALIGN (0x4)

.fini_array     0x0000000008005204        0x4
                0x0000000008005204                . = ALIGN (0x4)
                [!provide]                        PROVIDE (__fini_array_start = .)
 *(SORT_BY_NAME(.fini_array.*))
 *(.fini_array*)
 .fini_array    0x0000000008005204        0x4 c:/st/stm32cubeide_1.7.0/stm32cubeide/plugins/com.st.stm32cube.ide.mcu.externaltools.gnu-tools-for-stm32.9-2020-q2-update.win32_2.0.0.202105311346/tools/bin/../lib/gcc/arm-none-eabi/9.3.1/thumb/v7-m/nofp/crtbegin.o
                [!provide]                        PROVIDE (__fini_array_end = .)
                0x0000000008005208                . = ALIGN (0x4)
                0x0000000008005208                _sidata = LOADADDR (.data)

.data           0x0000000020000000       0x2c load address 0x0000000008005208
                0x0000000020000000                . = ALIGN (0x4)
                0x0000000020000000                _sdata = .
 *(.data)
 *(.data*)
 .data.button_ports
                0x0000000020000000        0xc ./Core/Src/button.o
                0x0000000020000000                button_ports
 .data.button_pins
                0x000000002000000c        0x6 ./Core/Src/button.o
                0x000000002000000c                button_pins
 *fill*         0x0000000020000012        0x2 
 .data.red_time
                0x0000000020000014        0x4 ./Core/Src/global.o
                0x0000000020000014                red_time
 .data.green_time
                0x0000000020000018        0x4 ./Core/Src/global.o
                0x0000000020000018                green_time
 .data.yel_time
                0x000000002000001c        0x4 ./Core/Src/global.o
                0x000000002000001c                yel_time
 .data.SystemCoreClock
                0x0000000020000020        0x4 ./Core/Src/system_stm32f1xx.o
                0x0000000020000020                SystemCoreClock
 .data.uwTickPrio
                0x0000000020000024        0x4 ./Drivers/STM32F1xx_HAL_Driver/Src/stm32f1xx_hal.o
                0x0000000020000024                uwTickPrio
 .data.uwTickFreq
                0x0000000020000028        0x1 ./Drivers/STM32F1xx_HAL_Driver/Src/stm32f1xx_hal.o
                0x0000000020000028                uwTickFreq
 *(.RamFunc)
 *(.RamFunc*)
                0x000000002000002c                . = ALIGN (0x4)
 *fill*         0x0000000020000029        0x3 
                0x000000002000002c                _edata = .

.igot.plt       0x000000002000002c        0x0 load address 0x0000000008005234
 .igot.plt      0x000000002000002c        0x0 c:/st/stm32cubeide_1.7.0/stm32cubeide/plugins/com.st.stm32cube.ide.mcu.externaltools.gnu-tools-for-stm32.9-2020-q2-update.win32_2.0.0.202105311346/tools/bin/../lib/gcc/arm-none-eabi/9.3.1/thumb/v7-m/nofp/crtbegin.o
                0x000000002000002c                . = ALIGN (0x4)

.bss            0x000000002000002c      0x4f4 load address 0x0000000008005234
                0x000000002000002c                _sbss = .
                0x000000002000002c                __bss_start__ = _sbss
 *(.bss)
 .bss           0x000000002000002c       0x1c c:/st/stm32cubeide_1.7.0/stm32cubeide/plugins/com.st.stm32cube.ide.mcu.externaltools.gnu-tools-for-stm32.9-2020-q2-update.win32_2.0.0.202105311346/tools/bin/../lib/gcc/arm-none-eabi/9.3.1/thumb/v7-m/nofp/crtbegin.o
 *(.bss*)
 .bss.status    0x0000000020000048        0x4 ./Core/Src/global.o
                0x0000000020000048                status
 .bss.current_index_task
                0x000000002000004c        0x1 ./Core/Src/scheduler.o
                0x000000002000004c                current_index_task
 *fill*         0x000000002000004d        0x3 
 .bss.global_timer
                0x0000000020000050        0x4 ./Core/Src/scheduler.o
                0x0000000020000050                global_timer
 *(COMMON)
 COMMON         0x0000000020000054       0x60 ./Core/Src/button.o
                0x0000000020000054                KeyReg3
                0x0000000020000060                KeyReg0
                0x000000002000006c                KeyReg1
                0x0000000020000078                TimeOutForKeyPress
                0x0000000020000084                button_flag
                0x0000000020000090                button_pressed
                0x000000002000009c                KeyReg2
                0x00000000200000a8                button_long_pressed
 COMMON         0x00000000200000b4        0xc ./Core/Src/global.o
                0x00000000200000b4                temp
 COMMON         0x00000000200000c0       0xe4 ./Core/Src/main.o
                0x00000000200000c0                hi2c1
                0x0000000020000114                htim2
                0x000000002000015c                huart2
 COMMON         0x00000000200001a4      0x320 ./Core/Src/scheduler.o
                0x00000000200001a4                SCH_tasks_G
 COMMON         0x00000000200004c4       0x58 ./Core/Src/software_timer.o
                0x00000000200004c4                timer_counter
                0x00000000200004f0                timer_flag
 COMMON         0x000000002000051c        0x4 ./Drivers/STM32F1xx_HAL_Driver/Src/stm32f1xx_hal.o
                0x000000002000051c                uwTick
                0x0000000020000520                . = ALIGN (0x4)
                0x0000000020000520                _ebss = .
                0x0000000020000520                __bss_end__ = _ebss

._user_heap_stack
                0x0000000020000520      0x600 load address 0x0000000008005234
                0x0000000020000520                . = ALIGN (0x8)
                [!provide]                        PROVIDE (end = .)
                0x0000000020000520                PROVIDE (_end = .)
                0x0000000020000720                . = (. + _Min_Heap_Size)
 *fill*         0x0000000020000520      0x200 
                0x0000000020000b20                . = (. + _Min_Stack_Size)
 *fill*         0x0000000020000720      0x400 
                0x0000000020000b20                . = ALIGN (0x8)

/DISCARD/
 libc.a(*)
 libm.a(*)
 libgcc.a(*)

.ARM.attributes
                0x0000000000000000       0x29
 *(.ARM.attributes)
 .ARM.attributes
                0x0000000000000000       0x1d c:/st/stm32cubeide_1.7.0/stm32cubeide/plugins/com.st.stm32cube.ide.mcu.externaltools.gnu-tools-for-stm32.9-2020-q2-update.win32_2.0.0.202105311346/tools/bin/../lib/gcc/arm-none-eabi/9.3.1/thumb/v7-m/nofp/crti.o
 .ARM.attributes
                0x000000000000001d       0x2d c:/st/stm32cubeide_1.7.0/stm32cubeide/plugins/com.st.stm32cube.ide.mcu.externaltools.gnu-tools-for-stm32.9-2020-q2-update.win32_2.0.0.202105311346/tools/bin/../lib/gcc/arm-none-eabi/9.3.1/thumb/v7-m/nofp/crtbegin.o
 .ARM.attributes
                0x000000000000004a       0x2d ./Core/Src/RYG_LED.o
 .ARM.attributes
                0x0000000000000077       0x2d ./Core/Src/button.o
 .ARM.attributes
                0x00000000000000a4       0x2d ./Core/Src/fsm_traffic_light.o
 .ARM.attributes
                0x00000000000000d1       0x33 ./Core/Src/global.o
 .ARM.attributes
                0x0000000000000104       0x2d ./Core/Src/main.o
 .ARM.attributes
                0x0000000000000131       0x2d ./Core/Src/scheduler.o
 .ARM.attributes
                0x000000000000015e       0x2d ./Core/Src/software_timer.o
 .ARM.attributes
                0x000000000000018b       0x2d ./Core/Src/stm32f1xx_hal_msp.o
 .ARM.attributes
                0x00000000000001b8       0x2d ./Core/Src/stm32f1xx_it.o
 .ARM.attributes
                0x00000000000001e5       0x2d ./Core/Src/system_stm32f1xx.o
 .ARM.attributes
                0x0000000000000212       0x21 ./Core/Startup/startup_stm32f103rbtx.o
 .ARM.attributes
                0x0000000000000233       0x2d ./Drivers/STM32F1xx_HAL_Driver/Src/stm32f1xx_hal.o
 .ARM.attributes
                0x0000000000000260       0x2d ./Drivers/STM32F1xx_HAL_Driver/Src/stm32f1xx_hal_cortex.o
 .ARM.attributes
                0x000000000000028d       0x2d ./Drivers/STM32F1xx_HAL_Driver/Src/stm32f1xx_hal_dma.o
 .ARM.attributes
                0x00000000000002ba       0x2d ./Drivers/STM32F1xx_HAL_Driver/Src/stm32f1xx_hal_gpio.o
 .ARM.attributes
                0x00000000000002e7       0x2d ./Drivers/STM32F1xx_HAL_Driver/Src/stm32f1xx_hal_i2c.o
 .ARM.attributes
                0x0000000000000314       0x2d ./Drivers/STM32F1xx_HAL_Driver/Src/stm32f1xx_hal_rcc.o
 .ARM.attributes
                0x0000000000000341       0x2d ./Drivers/STM32F1xx_HAL_Driver/Src/stm32f1xx_hal_tim.o
 .ARM.attributes
                0x000000000000036e       0x2d ./Drivers/STM32F1xx_HAL_Driver/Src/stm32f1xx_hal_tim_ex.o
 .ARM.attributes
                0x000000000000039b       0x2d ./Drivers/STM32F1xx_HAL_Driver/Src/stm32f1xx_hal_uart.o
 .ARM.attributes
                0x00000000000003c8       0x2d c:/st/stm32cubeide_1.7.0/stm32cubeide/plugins/com.st.stm32cube.ide.mcu.externaltools.gnu-tools-for-stm32.9-2020-q2-update.win32_2.0.0.202105311346/tools/bin/../lib/gcc/arm-none-eabi/9.3.1/../../../../arm-none-eabi/lib/thumb/v7-m/nofp\libc_nano.a(lib_a-init.o)
 .ARM.attributes
                0x00000000000003f5       0x2d c:/st/stm32cubeide_1.7.0/stm32cubeide/plugins/com.st.stm32cube.ide.mcu.externaltools.gnu-tools-for-stm32.9-2020-q2-update.win32_2.0.0.202105311346/tools/bin/../lib/gcc/arm-none-eabi/9.3.1/../../../../arm-none-eabi/lib/thumb/v7-m/nofp\libc_nano.a(lib_a-memset.o)
 .ARM.attributes
                0x0000000000000422       0x1d c:/st/stm32cubeide_1.7.0/stm32cubeide/plugins/com.st.stm32cube.ide.mcu.externaltools.gnu-tools-for-stm32.9-2020-q2-update.win32_2.0.0.202105311346/tools/bin/../lib/gcc/arm-none-eabi/9.3.1/thumb/v7-m/nofp/crtn.o
OUTPUT(PROJECT_NUCLEO.elf elf32-littlearm)
LOAD linker stubs
LOAD c:/st/stm32cubeide_1.7.0/stm32cubeide/plugins/com.st.stm32cube.ide.mcu.externaltools.gnu-tools-for-stm32.9-2020-q2-update.win32_2.0.0.202105311346/tools/bin/../lib/gcc/arm-none-eabi/9.3.1/../../../../arm-none-eabi/lib/thumb/v7-m/nofp\libc.a
LOAD c:/st/stm32cubeide_1.7.0/stm32cubeide/plugins/com.st.stm32cube.ide.mcu.externaltools.gnu-tools-for-stm32.9-2020-q2-update.win32_2.0.0.202105311346/tools/bin/../lib/gcc/arm-none-eabi/9.3.1/../../../../arm-none-eabi/lib/thumb/v7-m/nofp\libm.a
LOAD c:/st/stm32cubeide_1.7.0/stm32cubeide/plugins/com.st.stm32cube.ide.mcu.externaltools.gnu-tools-for-stm32.9-2020-q2-update.win32_2.0.0.202105311346/tools/bin/../lib/gcc/arm-none-eabi/9.3.1/thumb/v7-m/nofp\libgcc.a

.debug_info     0x0000000000000000    0x10b25
 .debug_info    0x0000000000000000      0x270 ./Core/Src/RYG_LED.o
 .debug_info    0x0000000000000270      0x437 ./Core/Src/button.o
 .debug_info    0x00000000000006a7      0x29e ./Core/Src/fsm_traffic_light.o
 .debug_info    0x0000000000000945      0x226 ./Core/Src/global.o
 .debug_info    0x0000000000000b6b     0x12cf ./Core/Src/main.o
 .debug_info    0x0000000000001e3a      0x36b ./Core/Src/scheduler.o
 .debug_info    0x00000000000021a5      0x291 ./Core/Src/software_timer.o
 .debug_info    0x0000000000002436     0x1133 ./Core/Src/stm32f1xx_hal_msp.o
 .debug_info    0x0000000000003569      0xd34 ./Core/Src/stm32f1xx_it.o
 .debug_info    0x000000000000429d      0x2be ./Core/Src/system_stm32f1xx.o
 .debug_info    0x000000000000455b       0x22 ./Core/Startup/startup_stm32f103rbtx.o
 .debug_info    0x000000000000457d      0x76a ./Drivers/STM32F1xx_HAL_Driver/Src/stm32f1xx_hal.o
 .debug_info    0x0000000000004ce7      0xbdc ./Drivers/STM32F1xx_HAL_Driver/Src/stm32f1xx_hal_cortex.o
 .debug_info    0x00000000000058c3      0x823 ./Drivers/STM32F1xx_HAL_Driver/Src/stm32f1xx_hal_dma.o
 .debug_info    0x00000000000060e6      0x701 ./Drivers/STM32F1xx_HAL_Driver/Src/stm32f1xx_hal_gpio.o
 .debug_info    0x00000000000067e7     0x27cb ./Drivers/STM32F1xx_HAL_Driver/Src/stm32f1xx_hal_i2c.o
 .debug_info    0x0000000000008fb2      0x893 ./Drivers/STM32F1xx_HAL_Driver/Src/stm32f1xx_hal_rcc.o
 .debug_info    0x0000000000009845     0x2c32 ./Drivers/STM32F1xx_HAL_Driver/Src/stm32f1xx_hal_tim.o
 .debug_info    0x000000000000c477     0x157f ./Drivers/STM32F1xx_HAL_Driver/Src/stm32f1xx_hal_tim_ex.o
 .debug_info    0x000000000000d9f6     0x312f ./Drivers/STM32F1xx_HAL_Driver/Src/stm32f1xx_hal_uart.o

.debug_abbrev   0x0000000000000000     0x2445
 .debug_abbrev  0x0000000000000000      0x123 ./Core/Src/RYG_LED.o
 .debug_abbrev  0x0000000000000123      0x1ad ./Core/Src/button.o
 .debug_abbrev  0x00000000000002d0      0x10e ./Core/Src/fsm_traffic_light.o
 .debug_abbrev  0x00000000000003de       0xa9 ./Core/Src/global.o
 .debug_abbrev  0x0000000000000487      0x294 ./Core/Src/main.o
 .debug_abbrev  0x000000000000071b      0x17b ./Core/Src/scheduler.o
 .debug_abbrev  0x0000000000000896      0x13d ./Core/Src/software_timer.o
 .debug_abbrev  0x00000000000009d3      0x1c8 ./Core/Src/stm32f1xx_hal_msp.o
 .debug_abbrev  0x0000000000000b9b      0x190 ./Core/Src/stm32f1xx_it.o
 .debug_abbrev  0x0000000000000d2b      0x14e ./Core/Src/system_stm32f1xx.o
 .debug_abbrev  0x0000000000000e79       0x12 ./Core/Startup/startup_stm32f103rbtx.o
 .debug_abbrev  0x0000000000000e8b      0x1ed ./Drivers/STM32F1xx_HAL_Driver/Src/stm32f1xx_hal.o
 .debug_abbrev  0x0000000000001078      0x313 ./Drivers/STM32F1xx_HAL_Driver/Src/stm32f1xx_hal_cortex.o
 .debug_abbrev  0x000000000000138b      0x228 ./Drivers/STM32F1xx_HAL_Driver/Src/stm32f1xx_hal_dma.o
 .debug_abbrev  0x00000000000015b3      0x1e8 ./Drivers/STM32F1xx_HAL_Driver/Src/stm32f1xx_hal_gpio.o
 .debug_abbrev  0x000000000000179b      0x288 ./Drivers/STM32F1xx_HAL_Driver/Src/stm32f1xx_hal_i2c.o
 .debug_abbrev  0x0000000000001a23      0x273 ./Drivers/STM32F1xx_HAL_Driver/Src/stm32f1xx_hal_rcc.o
 .debug_abbrev  0x0000000000001c96      0x25e ./Drivers/STM32F1xx_HAL_Driver/Src/stm32f1xx_hal_tim.o
 .debug_abbrev  0x0000000000001ef4      0x266 ./Drivers/STM32F1xx_HAL_Driver/Src/stm32f1xx_hal_tim_ex.o
 .debug_abbrev  0x000000000000215a      0x2eb ./Drivers/STM32F1xx_HAL_Driver/Src/stm32f1xx_hal_uart.o

.debug_aranges  0x0000000000000000      0xfd0
 .debug_aranges
                0x0000000000000000       0x30 ./Core/Src/RYG_LED.o
 .debug_aranges
                0x0000000000000030       0x40 ./Core/Src/button.o
 .debug_aranges
                0x0000000000000070       0x28 ./Core/Src/fsm_traffic_light.o
 .debug_aranges
                0x0000000000000098       0x18 ./Core/Src/global.o
 .debug_aranges
                0x00000000000000b0       0x58 ./Core/Src/main.o
 .debug_aranges
                0x0000000000000108       0x40 ./Core/Src/scheduler.o
 .debug_aranges
                0x0000000000000148       0x30 ./Core/Src/software_timer.o
 .debug_aranges
                0x0000000000000178       0x50 ./Core/Src/stm32f1xx_hal_msp.o
 .debug_aranges
                0x00000000000001c8       0x88 ./Core/Src/stm32f1xx_it.o
 .debug_aranges
                0x0000000000000250       0x28 ./Core/Src/system_stm32f1xx.o
 .debug_aranges
                0x0000000000000278       0x28 ./Core/Startup/startup_stm32f103rbtx.o
 .debug_aranges
                0x00000000000002a0       0xe0 ./Drivers/STM32F1xx_HAL_Driver/Src/stm32f1xx_hal.o
 .debug_aranges
                0x0000000000000380      0x100 ./Drivers/STM32F1xx_HAL_Driver/Src/stm32f1xx_hal_cortex.o
 .debug_aranges
                0x0000000000000480       0x80 ./Drivers/STM32F1xx_HAL_Driver/Src/stm32f1xx_hal_dma.o
 .debug_aranges
                0x0000000000000500       0x58 ./Drivers/STM32F1xx_HAL_Driver/Src/stm32f1xx_hal_gpio.o
 .debug_aranges
                0x0000000000000558      0x2a8 ./Drivers/STM32F1xx_HAL_Driver/Src/stm32f1xx_hal_i2c.o
 .debug_aranges
                0x0000000000000800       0x90 ./Drivers/STM32F1xx_HAL_Driver/Src/stm32f1xx_hal_rcc.o
 .debug_aranges
                0x0000000000000890      0x3d0 ./Drivers/STM32F1xx_HAL_Driver/Src/stm32f1xx_hal_tim.o
 .debug_aranges
                0x0000000000000c60      0x168 ./Drivers/STM32F1xx_HAL_Driver/Src/stm32f1xx_hal_tim_ex.o
 .debug_aranges
                0x0000000000000dc8      0x208 ./Drivers/STM32F1xx_HAL_Driver/Src/stm32f1xx_hal_uart.o

.debug_ranges   0x0000000000000000      0xed8
 .debug_ranges  0x0000000000000000       0x20 ./Core/Src/RYG_LED.o
 .debug_ranges  0x0000000000000020       0x30 ./Core/Src/button.o
 .debug_ranges  0x0000000000000050       0x18 ./Core/Src/fsm_traffic_light.o
 .debug_ranges  0x0000000000000068       0x48 ./Core/Src/main.o
 .debug_ranges  0x00000000000000b0       0x30 ./Core/Src/scheduler.o
 .debug_ranges  0x00000000000000e0       0x20 ./Core/Src/software_timer.o
 .debug_ranges  0x0000000000000100       0x40 ./Core/Src/stm32f1xx_hal_msp.o
 .debug_ranges  0x0000000000000140       0x78 ./Core/Src/stm32f1xx_it.o
 .debug_ranges  0x00000000000001b8       0x18 ./Core/Src/system_stm32f1xx.o
 .debug_ranges  0x00000000000001d0       0x20 ./Core/Startup/startup_stm32f103rbtx.o
 .debug_ranges  0x00000000000001f0       0xd0 ./Drivers/STM32F1xx_HAL_Driver/Src/stm32f1xx_hal.o
 .debug_ranges  0x00000000000002c0       0xf0 ./Drivers/STM32F1xx_HAL_Driver/Src/stm32f1xx_hal_cortex.o
 .debug_ranges  0x00000000000003b0       0x70 ./Drivers/STM32F1xx_HAL_Driver/Src/stm32f1xx_hal_dma.o
 .debug_ranges  0x0000000000000420       0x48 ./Drivers/STM32F1xx_HAL_Driver/Src/stm32f1xx_hal_gpio.o
 .debug_ranges  0x0000000000000468      0x2b0 ./Drivers/STM32F1xx_HAL_Driver/Src/stm32f1xx_hal_i2c.o
 .debug_ranges  0x0000000000000718       0x80 ./Drivers/STM32F1xx_HAL_Driver/Src/stm32f1xx_hal_rcc.o
 .debug_ranges  0x0000000000000798      0x3c0 ./Drivers/STM32F1xx_HAL_Driver/Src/stm32f1xx_hal_tim.o
 .debug_ranges  0x0000000000000b58      0x158 ./Drivers/STM32F1xx_HAL_Driver/Src/stm32f1xx_hal_tim_ex.o
 .debug_ranges  0x0000000000000cb0      0x228 ./Drivers/STM32F1xx_HAL_Driver/Src/stm32f1xx_hal_uart.o

.debug_macro    0x0000000000000000    0x17f61
 .debug_macro   0x0000000000000000      0x1cb ./Core/Src/RYG_LED.o
 .debug_macro   0x00000000000001cb      0xa9c ./Core/Src/RYG_LED.o
 .debug_macro   0x0000000000000c67      0x221 ./Core/Src/RYG_LED.o
 .debug_macro   0x0000000000000e88       0x2e ./Core/Src/RYG_LED.o
 .debug_macro   0x0000000000000eb6       0x22 ./Core/Src/RYG_LED.o
 .debug_macro   0x0000000000000ed8       0x22 ./Core/Src/RYG_LED.o
 .debug_macro   0x0000000000000efa       0x8e ./Core/Src/RYG_LED.o
 .debug_macro   0x0000000000000f88       0x51 ./Core/Src/RYG_LED.o
 .debug_macro   0x0000000000000fd9      0x103 ./Core/Src/RYG_LED.o
 .debug_macro   0x00000000000010dc       0x6a ./Core/Src/RYG_LED.o
 .debug_macro   0x0000000000001146      0x1df ./Core/Src/RYG_LED.o
 .debug_macro   0x0000000000001325       0x1c ./Core/Src/RYG_LED.o
 .debug_macro   0x0000000000001341       0x22 ./Core/Src/RYG_LED.o
 .debug_macro   0x0000000000001363       0xc3 ./Core/Src/RYG_LED.o
 .debug_macro   0x0000000000001426      0xd23 ./Core/Src/RYG_LED.o
 .debug_macro   0x0000000000002149     0xe09e ./Core/Src/RYG_LED.o
 .debug_macro   0x00000000000101e7       0x6d ./Core/Src/RYG_LED.o
 .debug_macro   0x0000000000010254     0x34a2 ./Core/Src/RYG_LED.o
 .debug_macro   0x00000000000136f6      0x174 ./Core/Src/RYG_LED.o
 .debug_macro   0x000000000001386a       0x5c ./Core/Src/RYG_LED.o
 .debug_macro   0x00000000000138c6      0x5bc ./Core/Src/RYG_LED.o
 .debug_macro   0x0000000000013e82      0x289 ./Core/Src/RYG_LED.o
 .debug_macro   0x000000000001410b      0x1cb ./Core/Src/RYG_LED.o
 .debug_macro   0x00000000000142d6      0x114 ./Core/Src/RYG_LED.o
 .debug_macro   0x00000000000143ea      0x1b2 ./Core/Src/RYG_LED.o
 .debug_macro   0x000000000001459c       0x27 ./Core/Src/RYG_LED.o
 .debug_macro   0x00000000000145c3      0x136 ./Core/Src/RYG_LED.o
 .debug_macro   0x00000000000146f9      0x1bc ./Core/Src/RYG_LED.o
 .debug_macro   0x00000000000148b5       0x34 ./Core/Src/RYG_LED.o
 .debug_macro   0x00000000000148e9       0x3c ./Core/Src/RYG_LED.o
 .debug_macro   0x0000000000014925       0x57 ./Core/Src/RYG_LED.o
 .debug_macro   0x000000000001497c       0x87 ./Core/Src/RYG_LED.o
 .debug_macro   0x0000000000014a03      0x240 ./Core/Src/RYG_LED.o
 .debug_macro   0x0000000000014c43      0x287 ./Core/Src/RYG_LED.o
 .debug_macro   0x0000000000014eca      0x140 ./Core/Src/RYG_LED.o
 .debug_macro   0x000000000001500a      0x8ed ./Core/Src/RYG_LED.o
 .debug_macro   0x00000000000158f7      0x28e ./Core/Src/RYG_LED.o
 .debug_macro   0x0000000000015b85       0x83 ./Core/Src/RYG_LED.o
 .debug_macro   0x0000000000015c08       0xd6 ./Core/Src/RYG_LED.o
 .debug_macro   0x0000000000015cde       0x16 ./Core/Src/RYG_LED.o
 .debug_macro   0x0000000000015cf4      0x222 ./Core/Src/button.o
 .debug_macro   0x0000000000015f16       0x16 ./Core/Src/button.o
 .debug_macro   0x0000000000015f2c       0x10 ./Core/Src/button.o
 .debug_macro   0x0000000000015f3c       0x1c ./Core/Src/button.o
 .debug_macro   0x0000000000015f58       0x40 ./Core/Src/button.o
 .debug_macro   0x0000000000015f98      0x21e ./Core/Src/fsm_traffic_light.o
 .debug_macro   0x00000000000161b6      0x21e ./Core/Src/global.o
 .debug_macro   0x00000000000163d4      0x218 ./Core/Src/main.o
 .debug_macro   0x00000000000165ec      0x21e ./Core/Src/scheduler.o
 .debug_macro   0x000000000001680a      0x222 ./Core/Src/software_timer.o
 .debug_macro   0x0000000000016a2c      0x1bc ./Core/Src/stm32f1xx_hal_msp.o
 .debug_macro   0x0000000000016be8      0x1c6 ./Core/Src/stm32f1xx_it.o
 .debug_macro   0x0000000000016dae      0x1ad ./Core/Src/system_stm32f1xx.o
 .debug_macro   0x0000000000016f5b      0x1d1 ./Drivers/STM32F1xx_HAL_Driver/Src/stm32f1xx_hal.o
 .debug_macro   0x000000000001712c      0x1ad ./Drivers/STM32F1xx_HAL_Driver/Src/stm32f1xx_hal_cortex.o
 .debug_macro   0x00000000000172d9      0x1ad ./Drivers/STM32F1xx_HAL_Driver/Src/stm32f1xx_hal_dma.o
 .debug_macro   0x0000000000017486      0x218 ./Drivers/STM32F1xx_HAL_Driver/Src/stm32f1xx_hal_gpio.o
 .debug_macro   0x000000000001769e      0x1fb ./Drivers/STM32F1xx_HAL_Driver/Src/stm32f1xx_hal_i2c.o
 .debug_macro   0x0000000000017899      0x1bf ./Drivers/STM32F1xx_HAL_Driver/Src/stm32f1xx_hal_rcc.o
 .debug_macro   0x0000000000017a58      0x1ae ./Drivers/STM32F1xx_HAL_Driver/Src/stm32f1xx_hal_tim.o
 .debug_macro   0x0000000000017c06      0x1ad ./Drivers/STM32F1xx_HAL_Driver/Src/stm32f1xx_hal_tim_ex.o
 .debug_macro   0x0000000000017db3      0x1ae ./Drivers/STM32F1xx_HAL_Driver/Src/stm32f1xx_hal_uart.o

.debug_line     0x0000000000000000    0x1369c
 .debug_line    0x0000000000000000      0x6de ./Core/Src/RYG_LED.o
 .debug_line    0x00000000000006de      0x7da ./Core/Src/button.o
 .debug_line    0x0000000000000eb8      0x8c8 ./Core/Src/fsm_traffic_light.o
 .debug_line    0x0000000000001780      0x6cf ./Core/Src/global.o
 .debug_line    0x0000000000001e4f      0x8a1 ./Core/Src/main.o
 .debug_line    0x00000000000026f0      0x7ea ./Core/Src/scheduler.o
 .debug_line    0x0000000000002eda      0x752 ./Core/Src/software_timer.o
 .debug_line    0x000000000000362c      0x76c ./Core/Src/stm32f1xx_hal_msp.o
 .debug_line    0x0000000000003d98      0x7ce ./Core/Src/stm32f1xx_it.o
 .debug_line    0x0000000000004566      0x712 ./Core/Src/system_stm32f1xx.o
 .debug_line    0x0000000000004c78       0x86 ./Core/Startup/startup_stm32f103rbtx.o
 .debug_line    0x0000000000004cfe      0x963 ./Drivers/STM32F1xx_HAL_Driver/Src/stm32f1xx_hal.o
 .debug_line    0x0000000000005661      0xb4b ./Drivers/STM32F1xx_HAL_Driver/Src/stm32f1xx_hal_cortex.o
 .debug_line    0x00000000000061ac      0xdbc ./Drivers/STM32F1xx_HAL_Driver/Src/stm32f1xx_hal_dma.o
 .debug_line    0x0000000000006f68      0x9fc ./Drivers/STM32F1xx_HAL_Driver/Src/stm32f1xx_hal_gpio.o
 .debug_line    0x0000000000007964     0x3af9 ./Drivers/STM32F1xx_HAL_Driver/Src/stm32f1xx_hal_i2c.o
 .debug_line    0x000000000000b45d      0xd6f ./Drivers/STM32F1xx_HAL_Driver/Src/stm32f1xx_hal_rcc.o
 .debug_line    0x000000000000c1cc     0x33fd ./Drivers/STM32F1xx_HAL_Driver/Src/stm32f1xx_hal_tim.o
 .debug_line    0x000000000000f5c9     0x18a9 ./Drivers/STM32F1xx_HAL_Driver/Src/stm32f1xx_hal_tim_ex.o
 .debug_line    0x0000000000010e72     0x282a ./Drivers/STM32F1xx_HAL_Driver/Src/stm32f1xx_hal_uart.o

.debug_str      0x0000000000000000    0x8955b
 .debug_str     0x0000000000000000    0x84fc3 ./Core/Src/RYG_LED.o
                                      0x85313 (size before relaxing)
 .debug_str     0x0000000000084fc3      0x238 ./Core/Src/button.o
                                      0x8551c (size before relaxing)
 .debug_str     0x00000000000851fb       0x36 ./Core/Src/fsm_traffic_light.o
                                      0x8546b (size before relaxing)
 .debug_str     0x0000000000085231       0x15 ./Core/Src/global.o
                                      0x8541f (size before relaxing)
 .debug_str     0x0000000000085246      0xd72 ./Core/Src/main.o
                                      0x86351 (size before relaxing)
 .debug_str     0x0000000000085fb8       0xb2 ./Core/Src/scheduler.o
                                      0x854d0 (size before relaxing)
 .debug_str     0x000000000008606a       0x49 ./Core/Src/software_timer.o
                                      0x8545f (size before relaxing)
 .debug_str     0x00000000000860b3       0xe1 ./Core/Src/stm32f1xx_hal_msp.o
                                      0x85ff7 (size before relaxing)
 .debug_str     0x0000000000086194      0x11a ./Core/Src/stm32f1xx_it.o
                                      0x85ce5 (size before relaxing)
 .debug_str     0x00000000000862ae       0x52 ./Core/Src/system_stm32f1xx.o
                                      0x8502b (size before relaxing)
 .debug_str     0x0000000000086300       0x36 ./Core/Startup/startup_stm32f103rbtx.o
                                         0x61 (size before relaxing)
 .debug_str     0x0000000000086336      0x321 ./Drivers/STM32F1xx_HAL_Driver/Src/stm32f1xx_hal.o
                                      0x856ae (size before relaxing)
 .debug_str     0x0000000000086657      0x300 ./Drivers/STM32F1xx_HAL_Driver/Src/stm32f1xx_hal_cortex.o
                                      0x856b6 (size before relaxing)
 .debug_str     0x0000000000086957      0x230 ./Drivers/STM32F1xx_HAL_Driver/Src/stm32f1xx_hal_dma.o
                                      0x853f8 (size before relaxing)
 .debug_str     0x0000000000086b87      0x31f ./Drivers/STM32F1xx_HAL_Driver/Src/stm32f1xx_hal_gpio.o
                                      0x853e1 (size before relaxing)
 .debug_str     0x0000000000086ea6      0xba0 ./Drivers/STM32F1xx_HAL_Driver/Src/stm32f1xx_hal_i2c.o
                                      0x860ac (size before relaxing)
 .debug_str     0x0000000000087a46      0x244 ./Drivers/STM32F1xx_HAL_Driver/Src/stm32f1xx_hal_rcc.o
                                      0x8541a (size before relaxing)
 .debug_str     0x0000000000087c8a      0xdcd ./Drivers/STM32F1xx_HAL_Driver/Src/stm32f1xx_hal_tim.o
                                      0x86403 (size before relaxing)
 .debug_str     0x0000000000088a57      0x4ee ./Drivers/STM32F1xx_HAL_Driver/Src/stm32f1xx_hal_tim_ex.o
                                      0x85ba4 (size before relaxing)
 .debug_str     0x0000000000088f45      0x616 ./Drivers/STM32F1xx_HAL_Driver/Src/stm32f1xx_hal_uart.o
                                      0x85a72 (size before relaxing)

.comment        0x0000000000000000       0x53
 .comment       0x0000000000000000       0x53 ./Core/Src/RYG_LED.o
                                         0x54 (size before relaxing)
 .comment       0x0000000000000053       0x54 ./Core/Src/button.o
 .comment       0x0000000000000053       0x54 ./Core/Src/fsm_traffic_light.o
 .comment       0x0000000000000053       0x54 ./Core/Src/global.o
 .comment       0x0000000000000053       0x54 ./Core/Src/main.o
 .comment       0x0000000000000053       0x54 ./Core/Src/scheduler.o
 .comment       0x0000000000000053       0x54 ./Core/Src/software_timer.o
 .comment       0x0000000000000053       0x54 ./Core/Src/stm32f1xx_hal_msp.o
 .comment       0x0000000000000053       0x54 ./Core/Src/stm32f1xx_it.o
 .comment       0x0000000000000053       0x54 ./Core/Src/system_stm32f1xx.o
 .comment       0x0000000000000053       0x54 ./Drivers/STM32F1xx_HAL_Driver/Src/stm32f1xx_hal.o
 .comment       0x0000000000000053       0x54 ./Drivers/STM32F1xx_HAL_Driver/Src/stm32f1xx_hal_cortex.o
 .comment       0x0000000000000053       0x54 ./Drivers/STM32F1xx_HAL_Driver/Src/stm32f1xx_hal_dma.o
 .comment       0x0000000000000053       0x54 ./Drivers/STM32F1xx_HAL_Driver/Src/stm32f1xx_hal_gpio.o
 .comment       0x0000000000000053       0x54 ./Drivers/STM32F1xx_HAL_Driver/Src/stm32f1xx_hal_i2c.o
 .comment       0x0000000000000053       0x54 ./Drivers/STM32F1xx_HAL_Driver/Src/stm32f1xx_hal_rcc.o
 .comment       0x0000000000000053       0x54 ./Drivers/STM32F1xx_HAL_Driver/Src/stm32f1xx_hal_tim.o
 .comment       0x0000000000000053       0x54 ./Drivers/STM32F1xx_HAL_Driver/Src/stm32f1xx_hal_tim_ex.o
 .comment       0x0000000000000053       0x54 ./Drivers/STM32F1xx_HAL_Driver/Src/stm32f1xx_hal_uart.o

.debug_frame    0x0000000000000000     0x41b4
 .debug_frame   0x0000000000000000       0x74 ./Core/Src/RYG_LED.o
 .debug_frame   0x0000000000000074       0xd4 ./Core/Src/button.o
 .debug_frame   0x0000000000000148       0x4c ./Core/Src/fsm_traffic_light.o
 .debug_frame   0x0000000000000194      0x10c ./Core/Src/main.o
 .debug_frame   0x00000000000002a0       0xc8 ./Core/Src/scheduler.o
 .debug_frame   0x0000000000000368       0x88 ./Core/Src/software_timer.o
 .debug_frame   0x00000000000003f0      0x110 ./Core/Src/stm32f1xx_hal_msp.o
 .debug_frame   0x0000000000000500      0x190 ./Core/Src/stm32f1xx_it.o
 .debug_frame   0x0000000000000690       0x58 ./Core/Src/system_stm32f1xx.o
 .debug_frame   0x00000000000006e8      0x334 ./Drivers/STM32F1xx_HAL_Driver/Src/stm32f1xx_hal.o
 .debug_frame   0x0000000000000a1c      0x428 ./Drivers/STM32F1xx_HAL_Driver/Src/stm32f1xx_hal_cortex.o
 .debug_frame   0x0000000000000e44      0x208 ./Drivers/STM32F1xx_HAL_Driver/Src/stm32f1xx_hal_dma.o
 .debug_frame   0x000000000000104c      0x14c ./Drivers/STM32F1xx_HAL_Driver/Src/stm32f1xx_hal_gpio.o
 .debug_frame   0x0000000000001198      0xc84 ./Drivers/STM32F1xx_HAL_Driver/Src/stm32f1xx_hal_i2c.o
 .debug_frame   0x0000000000001e1c      0x218 ./Drivers/STM32F1xx_HAL_Driver/Src/stm32f1xx_hal_rcc.o
 .debug_frame   0x0000000000002034     0x11b8 ./Drivers/STM32F1xx_HAL_Driver/Src/stm32f1xx_hal_tim.o
 .debug_frame   0x00000000000031ec      0x638 ./Drivers/STM32F1xx_HAL_Driver/Src/stm32f1xx_hal_tim_ex.o
 .debug_frame   0x0000000000003824      0x944 ./Drivers/STM32F1xx_HAL_Driver/Src/stm32f1xx_hal_uart.o
 .debug_frame   0x0000000000004168       0x2c c:/st/stm32cubeide_1.7.0/stm32cubeide/plugins/com.st.stm32cube.ide.mcu.externaltools.gnu-tools-for-stm32.9-2020-q2-update.win32_2.0.0.202105311346/tools/bin/../lib/gcc/arm-none-eabi/9.3.1/../../../../arm-none-eabi/lib/thumb/v7-m/nofp\libc_nano.a(lib_a-init.o)
 .debug_frame   0x0000000000004194       0x20 c:/st/stm32cubeide_1.7.0/stm32cubeide/plugins/com.st.stm32cube.ide.mcu.externaltools.gnu-tools-for-stm32.9-2020-q2-update.win32_2.0.0.202105311346/tools/bin/../lib/gcc/arm-none-eabi/9.3.1/../../../../arm-none-eabi/lib/thumb/v7-m/nofp\libc_nano.a(lib_a-memset.o)
