Archive member included to satisfy reference by file (symbol)

d:/software/st/stm32cubeide_1.7.0/stm32cubeide/plugins/com.st.stm32cube.ide.mcu.externaltools.gnu-tools-for-stm32.9-2020-q2-update.win32_2.0.0.202105311346/tools/bin/../lib/gcc/arm-none-eabi/9.3.1/../../../../arm-none-eabi/lib/thumb/v7-m/nofp\libc_nano.a(lib_a-errno.o)
                              ./Core/Src/syscalls.o (__errno)
d:/software/st/stm32cubeide_1.7.0/stm32cubeide/plugins/com.st.stm32cube.ide.mcu.externaltools.gnu-tools-for-stm32.9-2020-q2-update.win32_2.0.0.202105311346/tools/bin/../lib/gcc/arm-none-eabi/9.3.1/../../../../arm-none-eabi/lib/thumb/v7-m/nofp\libc_nano.a(lib_a-exit.o)
                              d:/software/st/stm32cubeide_1.7.0/stm32cubeide/plugins/com.st.stm32cube.ide.mcu.externaltools.gnu-tools-for-stm32.9-2020-q2-update.win32_2.0.0.202105311346/tools/bin/../lib/gcc/arm-none-eabi/9.3.1/../../../../arm-none-eabi/lib/thumb/v7-m/nofp/crt0.o (exit)
d:/software/st/stm32cubeide_1.7.0/stm32cubeide/plugins/com.st.stm32cube.ide.mcu.externaltools.gnu-tools-for-stm32.9-2020-q2-update.win32_2.0.0.202105311346/tools/bin/../lib/gcc/arm-none-eabi/9.3.1/../../../../arm-none-eabi/lib/thumb/v7-m/nofp\libc_nano.a(lib_a-impure.o)
                              d:/software/st/stm32cubeide_1.7.0/stm32cubeide/plugins/com.st.stm32cube.ide.mcu.externaltools.gnu-tools-for-stm32.9-2020-q2-update.win32_2.0.0.202105311346/tools/bin/../lib/gcc/arm-none-eabi/9.3.1/../../../../arm-none-eabi/lib/thumb/v7-m/nofp\libc_nano.a(lib_a-exit.o) (_global_impure_ptr)
d:/software/st/stm32cubeide_1.7.0/stm32cubeide/plugins/com.st.stm32cube.ide.mcu.externaltools.gnu-tools-for-stm32.9-2020-q2-update.win32_2.0.0.202105311346/tools/bin/../lib/gcc/arm-none-eabi/9.3.1/../../../../arm-none-eabi/lib/thumb/v7-m/nofp\libc_nano.a(lib_a-init.o)
                              d:/software/st/stm32cubeide_1.7.0/stm32cubeide/plugins/com.st.stm32cube.ide.mcu.externaltools.gnu-tools-for-stm32.9-2020-q2-update.win32_2.0.0.202105311346/tools/bin/../lib/gcc/arm-none-eabi/9.3.1/../../../../arm-none-eabi/lib/thumb/v7-m/nofp/crt0.o (__libc_init_array)
d:/software/st/stm32cubeide_1.7.0/stm32cubeide/plugins/com.st.stm32cube.ide.mcu.externaltools.gnu-tools-for-stm32.9-2020-q2-update.win32_2.0.0.202105311346/tools/bin/../lib/gcc/arm-none-eabi/9.3.1/../../../../arm-none-eabi/lib/thumb/v7-m/nofp\libc_nano.a(lib_a-memset.o)
                              d:/software/st/stm32cubeide_1.7.0/stm32cubeide/plugins/com.st.stm32cube.ide.mcu.externaltools.gnu-tools-for-stm32.9-2020-q2-update.win32_2.0.0.202105311346/tools/bin/../lib/gcc/arm-none-eabi/9.3.1/../../../../arm-none-eabi/lib/thumb/v7-m/nofp/crt0.o (memset)
d:/software/st/stm32cubeide_1.7.0/stm32cubeide/plugins/com.st.stm32cube.ide.mcu.externaltools.gnu-tools-for-stm32.9-2020-q2-update.win32_2.0.0.202105311346/tools/bin/../lib/gcc/arm-none-eabi/9.3.1/../../../../arm-none-eabi/lib/thumb/v7-m/nofp\libc_nano.a(lib_a-snprintf.o)
                              ./Core/Src/displayLCD.o (snprintf)
d:/software/st/stm32cubeide_1.7.0/stm32cubeide/plugins/com.st.stm32cube.ide.mcu.externaltools.gnu-tools-for-stm32.9-2020-q2-update.win32_2.0.0.202105311346/tools/bin/../lib/gcc/arm-none-eabi/9.3.1/../../../../arm-none-eabi/lib/thumb/v7-m/nofp\libc_nano.a(lib_a-nano-svfprintf.o)
                              d:/software/st/stm32cubeide_1.7.0/stm32cubeide/plugins/com.st.stm32cube.ide.mcu.externaltools.gnu-tools-for-stm32.9-2020-q2-update.win32_2.0.0.202105311346/tools/bin/../lib/gcc/arm-none-eabi/9.3.1/../../../../arm-none-eabi/lib/thumb/v7-m/nofp\libc_nano.a(lib_a-snprintf.o) (_svfprintf_r)
d:/software/st/stm32cubeide_1.7.0/stm32cubeide/plugins/com.st.stm32cube.ide.mcu.externaltools.gnu-tools-for-stm32.9-2020-q2-update.win32_2.0.0.202105311346/tools/bin/../lib/gcc/arm-none-eabi/9.3.1/../../../../arm-none-eabi/lib/thumb/v7-m/nofp\libc_nano.a(lib_a-nano-vfprintf_i.o)
                              d:/software/st/stm32cubeide_1.7.0/stm32cubeide/plugins/com.st.stm32cube.ide.mcu.externaltools.gnu-tools-for-stm32.9-2020-q2-update.win32_2.0.0.202105311346/tools/bin/../lib/gcc/arm-none-eabi/9.3.1/../../../../arm-none-eabi/lib/thumb/v7-m/nofp\libc_nano.a(lib_a-nano-svfprintf.o) (_printf_i)
d:/software/st/stm32cubeide_1.7.0/stm32cubeide/plugins/com.st.stm32cube.ide.mcu.externaltools.gnu-tools-for-stm32.9-2020-q2-update.win32_2.0.0.202105311346/tools/bin/../lib/gcc/arm-none-eabi/9.3.1/../../../../arm-none-eabi/lib/thumb/v7-m/nofp\libc_nano.a(lib_a-memchr-stub.o)
                              d:/software/st/stm32cubeide_1.7.0/stm32cubeide/plugins/com.st.stm32cube.ide.mcu.externaltools.gnu-tools-for-stm32.9-2020-q2-update.win32_2.0.0.202105311346/tools/bin/../lib/gcc/arm-none-eabi/9.3.1/../../../../arm-none-eabi/lib/thumb/v7-m/nofp\libc_nano.a(lib_a-nano-svfprintf.o) (memchr)
[...]
Memory Configuration

Name             Origin             Length             Attributes
RAM              0x0000000020000000 0x0000000000005000 xrw
FLASH            0x0000000008000000 0x0000000000020000 xr
*default*        0x0000000000000000 0xffffffffffffffff

Linker script and memory map

LOAD d:/software/st/stm32cubeide_1.7.0/stm32cubeide/plugins/com.st.stm32cube.ide.mcu.externaltools.gnu-tools-for-stm32.9-2020-q2-update.win32_2.0.0.202105311346/tools/bin/../lib/gcc/arm-none-eabi/9.3.1/thumb/v7-m/nofp/crti.o
LOAD d:/software/st/stm32cubeide_1.7.0/stm32cubeide/plugins/com.st.stm32cube.ide.mcu.externaltools.gnu-tools-for-stm32.9-2020-q2-update.win32_2.0.0.202105311346/tools/bin/../lib/gcc/arm-none-eabi/9.3.1/thumb/v7-m/nofp/crtbegin.o
LOAD d:/software/st/stm32cubeide_1.7.0/stm32cubeide/plugins/com.st.stm32cube.ide.mcu.externaltools.gnu-tools-for-stm32.9-2020-q2-update.win32_2.0.0.202105311346/tools/bin/../lib/gcc/arm-none-eabi/9.3.1/../../../../arm-none-eabi/lib/thumb/v7-m/nofp/crt0.o
LOAD ./Core/Src/RYG_LED.o
LOAD ./Core/Src/button.o
LOAD ./Core/Src/displayLCD.o
LOAD ./Core/Src/fsm_traffic_light.o
LOAD ./Core/Src/global.o
LOAD ./Core/Src/i2c-lcd.o
LOAD ./Core/Src/main.o
LOAD ./Core/Src/scheduler.o
LOAD ./Core/Src/software_timer.o
LOAD ./Core/Src/stm32f1xx_hal_msp.o
LOAD ./Core/Src/stm32f1xx_it.o
LOAD ./Core/Src/syscalls.o
LOAD ./Core/Src/sysmem.o
LOAD ./Core/Src/system_stm32f1xx.o
LOAD ./Core/Startup/startup_stm32f103rbtx.o
LOAD ./Drivers/STM32F1xx_HAL_Driver/Src/stm32f1xx_hal.o
LOAD ./Drivers/STM32F1xx_HAL_Driver/Src/stm32f1xx_hal_cortex.o
LOAD ./Drivers/STM32F1xx_HAL_Driver/Src/stm32f1xx_hal_dma.o
LOAD ./Drivers/STM32F1xx_HAL_Driver/Src/stm32f1xx_hal_exti.o
LOAD ./Drivers/STM32F1xx_HAL_Driver/Src/stm32f1xx_hal_flash.o
LOAD ./Drivers/STM32F1xx_HAL_Driver/Src/stm32f1xx_hal_flash_ex.o
LOAD ./Drivers/STM32F1xx_HAL_Driver/Src/stm32f1xx_hal_gpio.o
LOAD ./Drivers/STM32F1xx_HAL_Driver/Src/stm32f1xx_hal_gpio_ex.o
LOAD ./Drivers/STM32F1xx_HAL_Driver/Src/stm32f1xx_hal_i2c.o
LOAD ./Drivers/STM32F1xx_HAL_Driver/Src/stm32f1xx_hal_pwr.o
LOAD ./Drivers/STM32F1xx_HAL_Driver/Src/stm32f1xx_hal_rcc.o
LOAD ./Drivers/STM32F1xx_HAL_Driver/Src/stm32f1xx_hal_rcc_ex.o
LOAD ./Drivers/STM32F1xx_HAL_Driver/Src/stm32f1xx_hal_tim.o
LOAD ./Drivers/STM32F1xx_HAL_Driver/Src/stm32f1xx_hal_tim_ex.o
LOAD ./Drivers/STM32F1xx_HAL_Driver/Src/stm32f1xx_hal_uart.o
START GROUP
LOAD d:/software/st/stm32cubeide_1.7.0/stm32cubeide/plugins/com.st.stm32cube.ide.mcu.externaltools.gnu-tools-for-stm32.9-2020-q2-update.win32_2.0.0.202105311346/tools/bin/../lib/gcc/arm-none-eabi/9.3.1/../../../../arm-none-eabi/lib/thumb/v7-m/nofp\libc_nano.a
LOAD d:/software/st/stm32cubeide_1.7.0/stm32cubeide/plugins/com.st.stm32cube.ide.mcu.externaltools.gnu-tools-for-stm32.9-2020-q2-update.win32_2.0.0.202105311346/tools/bin/../lib/gcc/arm-none-eabi/9.3.1/../../../../arm-none-eabi/lib/thumb/v7-m/nofp\libm.a
END GROUP
START GROUP
LOAD d:/software/st/stm32cubeide_1.7.0/stm32cubeide/plugins/com.st.stm32cube.ide.mcu.externaltools.gnu-tools-for-stm32.9-2020-q2-update.win32_2.0.0.202105311346/tools/bin/../lib/gcc/arm-none-eabi/9.3.1/thumb/v7-m/nofp\libgcc.a
LOAD d:/software/st/stm32cubeide_1.7.0/stm32cubeide/plugins/com.st.stm32cube.ide.mcu.externaltools.gnu-tools-for-stm32.9-2020-q2-update.win32_2.0.0.202105311346/tools/bin/../lib/gcc/arm-none-eabi/9.3.1/../../../../arm-none-eabi/lib/thumb/v7-m/nofp\libc_nano.a
END GROUP
START GROUP
LOAD d:/software/st/stm32cubeide_1.7.0/stm32cubeide/plugins/com.st.stm32cube.ide.mcu.externaltools.gnu-tools-for-stm32.9-2020-q2-update.win32_2.0.0.202105311346/tools/bin/../lib/gcc/arm-none-eabi/9.3.1/thumb/v7-m/nofp\libgcc.a
LOAD d:/software/st/stm32cubeide_1.7.0/stm32cubeide/plugins/com.st.stm32cube.ide.mcu.externaltools.gnu-tools-for-stm32.9-2020-q2-update.win32_2.0.0.202105311346/tools/bin/../lib/gcc/arm-none-eabi/9.3.1/../../../../arm-none-eabi/lib/thumb/v7-m/nofp\libc_nano.a
LOAD d:/software/st/stm32cubeide_1.7.0/stm32cubeide/plugins/com.st.stm32cube.ide.mcu.externaltools.gnu-tools-for-stm32.9-2020-q2-update.win32_2.0.0.202105311346/tools/bin/../lib/gcc/arm-none-eabi/9.3.1/../../../../arm-none-eabi/lib/thumb/v7-m/nofp\libnosys.a
END GROUP
START GROUP
LOAD d:/software/st/stm32cubeide_1.7.0/stm32cubeide/plugins/com.st.stm32cube.ide.mcu.externaltools.gnu-tools-for-stm32.9-2020-q2-update.win32_2.0.0.202105311346/tools/bin/../lib/gcc/arm-none-eabi/9.3.1/thumb/v7-m/nofp\libgcc.a
LOAD d:/software/st/stm32cubeide_1.7.0/stm32cubeide/plugins/com.st.stm32cube.ide.mcu.externaltools.gnu-tools-for-stm32.9-2020-q2-update.win32_2.0.0.202105311346/tools/bin/../lib/gcc/arm-none-eabi/9.3.1/../../../../arm-none-eabi/lib/thumb/v7-m/nofp\libc_nano.a
LOAD d:/software/st/stm32cubeide_1.7.0/stm32cubeide/plugins/com.st.stm32cube.ide.mcu.externaltools.gnu-tools-for-stm32.9-2020-q2-update.win32_2.0.0.202105311346/tools/bin/../lib/gcc/arm-none-eabi/9.3.1/../../../../arm-none-eabi/lib/thumb/v7-m/nofp\libnosys.a
END GROUP
LOAD d:/software/st/stm32cubeide_1.7.0/stm32cubeide/plugins/com.st.stm32cube.ide.mcu.externaltools.gnu-tools-for-stm32.9-2020-q2-update.win32_2.0.0.202105311346/tools/bin/../lib/gcc/arm-none-eabi/9.3.1/thumb/v7-m/nofp/crtend.o
LOAD d:/software/st/stm32cubeide_1.7.0/stm32cubeide/plugins/com.st.stm32cube.ide.mcu.externaltools.gnu-tools-for-stm32.9-2020-q2-update.win32_2.0.0.202105311346/tools/bin/../lib/gcc/arm-none-eabi/9.3.1/thumb/v7-m/nofp/crtn.o
                0x0000000020005000                _estack = (ORIGIN (RAM) + LENGTH (RAM))
                0x0000000000000200                _Min_Heap_Size = 0x200
                0x0000000000000400                _Min_Stack_Size = 0x400

.isr_vector     0x0000000008000000      0x10c
                0x0000000008000000                . = ALIGN (0x4)
 *(.isr_vector)
 .isr_vector    0x0000000008000000      0x10c ./Core/Startup/startup_stm32f103rbtx.o
                0x0000000008000000                g_pfnVectors
                0x000000000800010c                . = ALIGN (0x4)

.text           0x000000000800010c     0x4c80
                0x000000000800010c                . = ALIGN (0x4)
 *(.text)
 .text          0x000000000800010c       0x40 d:/software/st/stm32cubeide_1.7.0/stm32cubeide/plugins/com.st.stm32cube.ide.mcu.externaltools.gnu-tools-for-stm32.9-2020-q2-update.win32_2.0.0.202105311346/tools/bin/../lib/gcc/arm-none-eabi/9.3.1/thumb/v7-m/nofp/crtbegin.o
 *(.text*)
 .text.clearLed
                0x000000000800014c       0x18 ./Core/Src/RYG_LED.o
                0x000000000800014c                clearLed
 .text.displayLed
                0x0000000008000164       0x8c ./Core/Src/RYG_LED.o
                0x0000000008000164                displayLed
 .text.displayLed2
                0x00000000080001f0       0x94 ./Core/Src/RYG_LED.o
                0x00000000080001f0                displayLed2
 .text.init_Button
                0x0000000008000284       0x84 ./Core/Src/button.o
                0x0000000008000284                init_Button
 .text.isButtonPressed
                0x0000000008000308       0x34 ./Core/Src/button.o
                0x0000000008000308                isButtonPressed
 .text.getKeyInput
                0x000000000800033c      0x13c ./Core/Src/button.o
                0x000000000800033c                getKeyInput
 .text.displayLCD1
                0x0000000008000478       0x70 ./Core/Src/displayLCD.o
                0x0000000008000478                displayLCD1
 .text.displayLCD2
                0x00000000080004e8       0x70 ./Core/Src/displayLCD.o
                0x00000000080004e8                displayLCD2
 .text.acp      0x0000000008000558       0x38 ./Core/Src/displayLCD.o
                0x0000000008000558                acp
 .text.checkTime
                0x0000000008000590       0x54 ./Core/Src/fsm_traffic_light.o
                0x0000000008000590                checkTime
 .text.fsm_traffic
                0x00000000080005e4      0x6b4 ./Core/Src/fsm_traffic_light.o
                0x00000000080005e4                fsm_traffic
 .text.lcd_send_cmd
                0x0000000008000c98       0x60 ./Core/Src/i2c-lcd.o
                0x0000000008000c98                lcd_send_cmd
 .text.lcd_send_data
                0x0000000008000cf8       0x60 ./Core/Src/i2c-lcd.o
                0x0000000008000cf8                lcd_send_data
 .text.lcd_clear
                0x0000000008000d58       0x2e ./Core/Src/i2c-lcd.o
                0x0000000008000d58                lcd_clear
 .text.lcd_put_cur
                0x0000000008000d86       0x3e ./Core/Src/i2c-lcd.o
                0x0000000008000d86                lcd_put_cur
 .text.lcd_init
                0x0000000008000dc4       0x7a ./Core/Src/i2c-lcd.o
                0x0000000008000dc4                lcd_init
 .text.lcd_send_string
                0x0000000008000e3e       0x2a ./Core/Src/i2c-lcd.o
                0x0000000008000e3e                lcd_send_string
 .text.main     0x0000000008000e68       0x68 ./Core/Src/main.o
                0x0000000008000e68                main
 .text.SystemClock_Config
                0x0000000008000ed0       0x82 ./Core/Src/main.o
                0x0000000008000ed0                SystemClock_Config
 *fill*         0x0000000008000f52        0x2 
 .text.MX_I2C1_Init
                0x0000000008000f54       0x5c ./Core/Src/main.o
 .text.MX_TIM2_Init
                0x0000000008000fb0       0x98 ./Core/Src/main.o
 .text.MX_USART2_UART_Init
                0x0000000008001048       0x54 ./Core/Src/main.o
 .text.MX_GPIO_Init
                0x000000000800109c      0x140 ./Core/Src/main.o
 .text.HAL_TIM_PeriodElapsedCallback
                0x00000000080011dc       0x14 ./Core/Src/main.o
                0x00000000080011dc                HAL_TIM_PeriodElapsedCallback
 .text.Error_Handler
                0x00000000080011f0        0xa ./Core/Src/main.o
                0x00000000080011f0                Error_Handler
 *fill*         0x00000000080011fa        0x2 
 .text.SCH_Init
                0x00000000080011fc       0x20 ./Core/Src/scheduler.o
                0x00000000080011fc                SCH_Init
 .text.SCH_Add_Task
                0x000000000800121c       0xc0 ./Core/Src/scheduler.o
                0x000000000800121c                SCH_Add_Task
 .text.SCH_Delete_Task
                0x00000000080012dc       0x74 ./Core/Src/scheduler.o
                0x00000000080012dc                SCH_Delete_Task
 .text.SCH_Update
                0x0000000008001350       0x1c ./Core/Src/scheduler.o
                0x0000000008001350                SCH_Update
 .text.SCH_Dispatch_Tasks
                0x000000000800136c      0x10c ./Core/Src/scheduler.o
                0x000000000800136c                SCH_Dispatch_Tasks
 .text.setTimer
                0x0000000008001478       0x40 ./Core/Src/software_timer.o
                0x0000000008001478                setTimer
 .text.isTimerExpired
                0x00000000080014b8       0x34 ./Core/Src/software_timer.o
                0x00000000080014b8                isTimerExpired
 .text.timerRun
                0x00000000080014ec       0x60 ./Core/Src/software_timer.o
                0x00000000080014ec                timerRun
 .text.HAL_MspInit
                0x000000000800154c       0x64 ./Core/Src/stm32f1xx_hal_msp.o
                0x000000000800154c                HAL_MspInit
 .text.HAL_I2C_MspInit
                0x00000000080015b0       0xa0 ./Core/Src/stm32f1xx_hal_msp.o
                0x00000000080015b0                HAL_I2C_MspInit
 .text.HAL_TIM_Base_MspInit
                0x0000000008001650       0x48 ./Core/Src/stm32f1xx_hal_msp.o
                0x0000000008001650                HAL_TIM_Base_MspInit
 .text.HAL_UART_MspInit
                0x0000000008001698       0x8c ./Core/Src/stm32f1xx_hal_msp.o
                0x0000000008001698                HAL_UART_MspInit
 .text.NMI_Handler
                0x0000000008001724        0x6 ./Core/Src/stm32f1xx_it.o
                0x0000000008001724                NMI_Handler
 .text.HardFault_Handler
                0x000000000800172a        0x6 ./Core/Src/stm32f1xx_it.o
                0x000000000800172a                HardFault_Handler
 .text.MemManage_Handler
                0x0000000008001730        0x6 ./Core/Src/stm32f1xx_it.o
                0x0000000008001730                MemManage_Handler
 .text.BusFault_Handler
                0x0000000008001736        0x6 ./Core/Src/stm32f1xx_it.o
                0x0000000008001736                BusFault_Handler
 .text.UsageFault_Handler
                0x000000000800173c        0x6 ./Core/Src/stm32f1xx_it.o
                0x000000000800173c                UsageFault_Handler
 .text.SVC_Handler
                0x0000000008001742        0xc ./Core/Src/stm32f1xx_it.o
                0x0000000008001742                SVC_Handler
 .text.DebugMon_Handler
                0x000000000800174e        0xc ./Core/Src/stm32f1xx_it.o
                0x000000000800174e                DebugMon_Handler
 .text.PendSV_Handler
                0x000000000800175a        0xc ./Core/Src/stm32f1xx_it.o
                0x000000000800175a                PendSV_Handler
 .text.SysTick_Handler
                0x0000000008001766        0xc ./Core/Src/stm32f1xx_it.o
                0x0000000008001766                SysTick_Handler
 *fill*         0x0000000008001772        0x2 
 .text.TIM2_IRQHandler
                0x0000000008001774       0x14 ./Core/Src/stm32f1xx_it.o
                0x0000000008001774                TIM2_IRQHandler
 .text.USART2_IRQHandler
                0x0000000008001788       0x14 ./Core/Src/stm32f1xx_it.o
                0x0000000008001788                USART2_IRQHandler
 .text.EXTI15_10_IRQHandler
                0x000000000800179c       0x10 ./Core/Src/stm32f1xx_it.o
                0x000000000800179c                EXTI15_10_IRQHandler
 .text._sbrk    0x00000000080017ac       0x6c ./Core/Src/sysmem.o
                0x00000000080017ac                _sbrk
 .text.SystemInit
                0x0000000008001818        0xc ./Core/Src/system_stm32f1xx.o
                0x0000000008001818                SystemInit
 .text.Reset_Handler
                0x0000000008001824       0x48 ./Core/Startup/startup_stm32f103rbtx.o
                0x0000000008001824                Reset_Handler
 .text.Default_Handler
                0x000000000800186c        0x2 ./Core/Startup/startup_stm32f103rbtx.o
                0x000000000800186c                RTC_Alarm_IRQHandler
                0x000000000800186c                EXTI2_IRQHandler
                0x000000000800186c                TIM1_CC_IRQHandler
                0x000000000800186c                PVD_IRQHandler
                0x000000000800186c                EXTI3_IRQHandler
                0x000000000800186c                EXTI0_IRQHandler
                0x000000000800186c                I2C2_EV_IRQHandler
                0x000000000800186c                ADC1_2_IRQHandler
                0x000000000800186c                SPI1_IRQHandler
                0x000000000800186c                TAMPER_IRQHandler
                0x000000000800186c                DMA1_Channel4_IRQHandler
                0x000000000800186c                USART3_IRQHandler
                0x000000000800186c                RTC_IRQHandler
                0x000000000800186c                DMA1_Channel7_IRQHandler
                0x000000000800186c                CAN1_RX1_IRQHandler
                0x000000000800186c                TIM4_IRQHandler
                0x000000000800186c                I2C1_EV_IRQHandler
                0x000000000800186c                DMA1_Channel6_IRQHandler
                0x000000000800186c                TIM3_IRQHandler
                0x000000000800186c                RCC_IRQHandler
                0x000000000800186c                TIM1_TRG_COM_IRQHandler
                0x000000000800186c                DMA1_Channel1_IRQHandler
                0x000000000800186c                Default_Handler
                0x000000000800186c                EXTI9_5_IRQHandler
                0x000000000800186c                SPI2_IRQHandler
                0x000000000800186c                DMA1_Channel5_IRQHandler
                0x000000000800186c                EXTI4_IRQHandler
                0x000000000800186c                USB_LP_CAN1_RX0_IRQHandler
                0x000000000800186c                USB_HP_CAN1_TX_IRQHandler
                0x000000000800186c                DMA1_Channel3_IRQHandler
                0x000000000800186c                TIM1_UP_IRQHandler
                0x000000000800186c                WWDG_IRQHandler
                0x000000000800186c                TIM1_BRK_IRQHandler
                0x000000000800186c                EXTI1_IRQHandler
                0x000000000800186c                I2C2_ER_IRQHandler
                0x000000000800186c                DMA1_Channel2_IRQHandler
                0x000000000800186c                CAN1_SCE_IRQHandler
                0x000000000800186c                FLASH_IRQHandler
                0x000000000800186c                USART1_IRQHandler
                0x000000000800186c                I2C1_ER_IRQHandler
                0x000000000800186c                USBWakeUp_IRQHandler
 *fill*         0x000000000800186e        0x2 
 .text.HAL_Init
                0x0000000008001870       0x2c ./Drivers/STM32F1xx_HAL_Driver/Src/stm32f1xx_hal.o
                0x0000000008001870                HAL_Init
 .text.HAL_InitTick
                0x000000000800189c       0x60 ./Drivers/STM32F1xx_HAL_Driver/Src/stm32f1xx_hal.o
                0x000000000800189c                HAL_InitTick
 .text.HAL_IncTick
                0x00000000080018fc       0x24 ./Drivers/STM32F1xx_HAL_Driver/Src/stm32f1xx_hal.o
                0x00000000080018fc                HAL_IncTick
 .text.HAL_GetTick
                0x0000000008001920       0x14 ./Drivers/STM32F1xx_HAL_Driver/Src/stm32f1xx_hal.o
                0x0000000008001920                HAL_GetTick
 .text.HAL_Delay
                0x0000000008001934       0x48 ./Drivers/STM32F1xx_HAL_Driver/Src/stm32f1xx_hal.o
                0x0000000008001934                HAL_Delay
 .text.__NVIC_SetPriorityGrouping
                0x000000000800197c       0x48 ./Drivers/STM32F1xx_HAL_Driver/Src/stm32f1xx_hal_cortex.o
 .text.__NVIC_GetPriorityGrouping
                0x00000000080019c4       0x1c ./Drivers/STM32F1xx_HAL_Driver/Src/stm32f1xx_hal_cortex.o
 .text.__NVIC_EnableIRQ
                0x00000000080019e0       0x38 ./Drivers/STM32F1xx_HAL_Driver/Src/stm32f1xx_hal_cortex.o
 .text.__NVIC_SetPriority
                0x0000000008001a18       0x54 ./Drivers/STM32F1xx_HAL_Driver/Src/stm32f1xx_hal_cortex.o
 .text.NVIC_EncodePriority
                0x0000000008001a6c       0x64 ./Drivers/STM32F1xx_HAL_Driver/Src/stm32f1xx_hal_cortex.o
 .text.SysTick_Config
                0x0000000008001ad0       0x44 ./Drivers/STM32F1xx_HAL_Driver/Src/stm32f1xx_hal_cortex.o
 .text.HAL_NVIC_SetPriorityGrouping
                0x0000000008001b14       0x16 ./Drivers/STM32F1xx_HAL_Driver/Src/stm32f1xx_hal_cortex.o
                0x0000000008001b14                HAL_NVIC_SetPriorityGrouping
 .text.HAL_NVIC_SetPriority
                0x0000000008001b2a       0x38 ./Drivers/STM32F1xx_HAL_Driver/Src/stm32f1xx_hal_cortex.o
                0x0000000008001b2a                HAL_NVIC_SetPriority
 .text.HAL_NVIC_EnableIRQ
                0x0000000008001b62       0x1c ./Drivers/STM32F1xx_HAL_Driver/Src/stm32f1xx_hal_cortex.o
                0x0000000008001b62                HAL_NVIC_EnableIRQ
 .text.HAL_SYSTICK_Config
                0x0000000008001b7e       0x18 ./Drivers/STM32F1xx_HAL_Driver/Src/stm32f1xx_hal_cortex.o
                0x0000000008001b7e                HAL_SYSTICK_Config
 .text.HAL_DMA_Abort
                0x0000000008001b96       0x76 ./Drivers/STM32F1xx_HAL_Driver/Src/stm32f1xx_hal_dma.o
                0x0000000008001b96                HAL_DMA_Abort
 .text.HAL_DMA_Abort_IT
                0x0000000008001c0c       0xf0 ./Drivers/STM32F1xx_HAL_Driver/Src/stm32f1xx_hal_dma.o
                0x0000000008001c0c                HAL_DMA_Abort_IT
 .text.HAL_GPIO_Init
                0x0000000008001cfc      0x308 ./Drivers/STM32F1xx_HAL_Driver/Src/stm32f1xx_hal_gpio.o
                0x0000000008001cfc                HAL_GPIO_Init
 .text.HAL_GPIO_ReadPin
                0x0000000008002004       0x2e ./Drivers/STM32F1xx_HAL_Driver/Src/stm32f1xx_hal_gpio.o
                0x0000000008002004                HAL_GPIO_ReadPin
 .text.HAL_GPIO_WritePin
                0x0000000008002032       0x30 ./Drivers/STM32F1xx_HAL_Driver/Src/stm32f1xx_hal_gpio.o
                0x0000000008002032                HAL_GPIO_WritePin
 .text.HAL_GPIO_TogglePin
                0x0000000008002062       0x32 ./Drivers/STM32F1xx_HAL_Driver/Src/stm32f1xx_hal_gpio.o
                0x0000000008002062                HAL_GPIO_TogglePin
 .text.HAL_GPIO_EXTI_IRQHandler
                0x0000000008002094       0x30 ./Drivers/STM32F1xx_HAL_Driver/Src/stm32f1xx_hal_gpio.o
                0x0000000008002094                HAL_GPIO_EXTI_IRQHandler
 .text.HAL_GPIO_EXTI_Callback
                0x00000000080020c4       0x14 ./Drivers/STM32F1xx_HAL_Driver/Src/stm32f1xx_hal_gpio.o
                0x00000000080020c4                HAL_GPIO_EXTI_Callback
 .text.HAL_I2C_Init
                0x00000000080020d8      0x288 ./Drivers/STM32F1xx_HAL_Driver/Src/stm32f1xx_hal_i2c.o
                0x00000000080020d8                HAL_I2C_Init
 .text.HAL_I2C_Master_Transmit
                0x0000000008002360      0x1fc ./Drivers/STM32F1xx_HAL_Driver/Src/stm32f1xx_hal_i2c.o
                0x0000000008002360                HAL_I2C_Master_Transmit
 .text.I2C_MasterRequestWrite
                0x000000000800255c      0x104 ./Drivers/STM32F1xx_HAL_Driver/Src/stm32f1xx_hal_i2c.o
 .text.I2C_WaitOnFlagUntilTimeout
                0x0000000008002660       0xf4 ./Drivers/STM32F1xx_HAL_Driver/Src/stm32f1xx_hal_i2c.o
 .text.I2C_WaitOnMasterAddressFlagUntilTimeout
                0x0000000008002754      0x140 ./Drivers/STM32F1xx_HAL_Driver/Src/stm32f1xx_hal_i2c.o
 .text.I2C_WaitOnTXEFlagUntilTimeout
                0x0000000008002894       0x90 ./Drivers/STM32F1xx_HAL_Driver/Src/stm32f1xx_hal_i2c.o
 .text.I2C_WaitOnBTFFlagUntilTimeout
                0x0000000008002924       0x90 ./Drivers/STM32F1xx_HAL_Driver/Src/stm32f1xx_hal_i2c.o
 .text.I2C_IsAcknowledgeFailed
                0x00000000080029b4       0x5c ./Drivers/STM32F1xx_HAL_Driver/Src/stm32f1xx_hal_i2c.o
 .text.HAL_RCC_OscConfig
                0x0000000008002a10      0x500 ./Drivers/STM32F1xx_HAL_Driver/Src/stm32f1xx_hal_rcc.o
                0x0000000008002a10                HAL_RCC_OscConfig
 .text.HAL_RCC_ClockConfig
                0x0000000008002f10      0x1d4 ./Drivers/STM32F1xx_HAL_Driver/Src/stm32f1xx_hal_rcc.o
                0x0000000008002f10                HAL_RCC_ClockConfig
 .text.HAL_RCC_GetSysClockFreq
                0x00000000080030e4       0xa8 ./Drivers/STM32F1xx_HAL_Driver/Src/stm32f1xx_hal_rcc.o
                0x00000000080030e4                HAL_RCC_GetSysClockFreq
 .text.HAL_RCC_GetHCLKFreq
                0x000000000800318c       0x14 ./Drivers/STM32F1xx_HAL_Driver/Src/stm32f1xx_hal_rcc.o
                0x000000000800318c                HAL_RCC_GetHCLKFreq
 .text.HAL_RCC_GetPCLK1Freq
                0x00000000080031a0       0x28 ./Drivers/STM32F1xx_HAL_Driver/Src/stm32f1xx_hal_rcc.o
                0x00000000080031a0                HAL_RCC_GetPCLK1Freq
 .text.HAL_RCC_GetPCLK2Freq
                0x00000000080031c8       0x28 ./Drivers/STM32F1xx_HAL_Driver/Src/stm32f1xx_hal_rcc.o
                0x00000000080031c8                HAL_RCC_GetPCLK2Freq
 .text.RCC_Delay
                0x00000000080031f0       0x3c ./Drivers/STM32F1xx_HAL_Driver/Src/stm32f1xx_hal_rcc.o
 .text.HAL_TIM_Base_Init
                0x000000000800322c       0x9e ./Drivers/STM32F1xx_HAL_Driver/Src/stm32f1xx_hal_tim.o
                0x000000000800322c                HAL_TIM_Base_Init
 *fill*         0x00000000080032ca        0x2 
 .text.HAL_TIM_Base_Start_IT
                0x00000000080032cc       0xa4 ./Drivers/STM32F1xx_HAL_Driver/Src/stm32f1xx_hal_tim.o
                0x00000000080032cc                HAL_TIM_Base_Start_IT
 .text.HAL_TIM_IRQHandler
                0x0000000008003370      0x1e0 ./Drivers/STM32F1xx_HAL_Driver/Src/stm32f1xx_hal_tim.o
                0x0000000008003370                HAL_TIM_IRQHandler
 .text.HAL_TIM_ConfigClockSource
                0x0000000008003550      0x18e ./Drivers/STM32F1xx_HAL_Driver/Src/stm32f1xx_hal_tim.o
                0x0000000008003550                HAL_TIM_ConfigClockSource
 .text.HAL_TIM_OC_DelayElapsedCallback
                0x00000000080036de       0x12 ./Drivers/STM32F1xx_HAL_Driver/Src/stm32f1xx_hal_tim.o
                0x00000000080036de                HAL_TIM_OC_DelayElapsedCallback
 .text.HAL_TIM_IC_CaptureCallback
                0x00000000080036f0       0x12 ./Drivers/STM32F1xx_HAL_Driver/Src/stm32f1xx_hal_tim.o
                0x00000000080036f0                HAL_TIM_IC_CaptureCallback
 .text.HAL_TIM_PWM_PulseFinishedCallback
                0x0000000008003702       0x12 ./Drivers/STM32F1xx_HAL_Driver/Src/stm32f1xx_hal_tim.o
                0x0000000008003702                HAL_TIM_PWM_PulseFinishedCallback
 .text.HAL_TIM_TriggerCallback
                0x0000000008003714       0x12 ./Drivers/STM32F1xx_HAL_Driver/Src/stm32f1xx_hal_tim.o
                0x0000000008003714                HAL_TIM_TriggerCallback
 *fill*         0x0000000008003726        0x2 
 .text.TIM_Base_SetConfig
                0x0000000008003728       0xdc ./Drivers/STM32F1xx_HAL_Driver/Src/stm32f1xx_hal_tim.o
                0x0000000008003728                TIM_Base_SetConfig
 .text.TIM_TI1_ConfigInputStage
                0x0000000008003804       0x5c ./Drivers/STM32F1xx_HAL_Driver/Src/stm32f1xx_hal_tim.o
 .text.TIM_TI2_ConfigInputStage
                0x0000000008003860       0x5e ./Drivers/STM32F1xx_HAL_Driver/Src/stm32f1xx_hal_tim.o
 .text.TIM_ITRx_SetConfig
                0x00000000080038be       0x34 ./Drivers/STM32F1xx_HAL_Driver/Src/stm32f1xx_hal_tim.o
 .text.TIM_ETR_SetConfig
                0x00000000080038f2       0x3e ./Drivers/STM32F1xx_HAL_Driver/Src/stm32f1xx_hal_tim.o
                0x00000000080038f2                TIM_ETR_SetConfig
 .text.HAL_TIMEx_MasterConfigSynchronization
                0x0000000008003930       0xbc ./Drivers/STM32F1xx_HAL_Driver/Src/stm32f1xx_hal_tim_ex.o
                0x0000000008003930                HAL_TIMEx_MasterConfigSynchronization
 .text.HAL_TIMEx_CommutCallback
                0x00000000080039ec       0x12 ./Drivers/STM32F1xx_HAL_Driver/Src/stm32f1xx_hal_tim_ex.o
                0x00000000080039ec                HAL_TIMEx_CommutCallback
 .text.HAL_TIMEx_BreakCallback
                0x00000000080039fe       0x12 ./Drivers/STM32F1xx_HAL_Driver/Src/stm32f1xx_hal_tim_ex.o
                0x00000000080039fe                HAL_TIMEx_BreakCallback
 .text.HAL_UART_Init
                0x0000000008003a10       0xa0 ./Drivers/STM32F1xx_HAL_Driver/Src/stm32f1xx_hal_uart.o
                0x0000000008003a10                HAL_UART_Init
 .text.HAL_UART_IRQHandler
                0x0000000008003ab0      0x524 ./Drivers/STM32F1xx_HAL_Driver/Src/stm32f1xx_hal_uart.o
                0x0000000008003ab0                HAL_UART_IRQHandler
 .text.HAL_UART_TxCpltCallback
                0x0000000008003fd4       0x12 ./Drivers/STM32F1xx_HAL_Driver/Src/stm32f1xx_hal_uart.o
                0x0000000008003fd4                HAL_UART_TxCpltCallback
 .text.HAL_UART_RxCpltCallback
                0x0000000008003fe6       0x12 ./Drivers/STM32F1xx_HAL_Driver/Src/stm32f1xx_hal_uart.o
                0x0000000008003fe6                HAL_UART_RxCpltCallback
 .text.HAL_UART_ErrorCallback
                0x0000000008003ff8       0x12 ./Drivers/STM32F1xx_HAL_Driver/Src/stm32f1xx_hal_uart.o
                0x0000000008003ff8                HAL_UART_ErrorCallback
 .text.HAL_UARTEx_RxEventCallback
                0x000000000800400a       0x16 ./Drivers/STM32F1xx_HAL_Driver/Src/stm32f1xx_hal_uart.o
                0x000000000800400a                HAL_UARTEx_RxEventCallback
 .text.UART_EndRxTransfer
                0x0000000008004020       0xc4 ./Drivers/STM32F1xx_HAL_Driver/Src/stm32f1xx_hal_uart.o
 .text.UART_DMAAbortOnError
                0x00000000080040e4       0x28 ./Drivers/STM32F1xx_HAL_Driver/Src/stm32f1xx_hal_uart.o
 .text.UART_Transmit_IT
                0x000000000800410c       0x9e ./Drivers/STM32F1xx_HAL_Driver/Src/stm32f1xx_hal_uart.o
 .text.UART_EndTransmit_IT
                0x00000000080041aa       0x30 ./Drivers/STM32F1xx_HAL_Driver/Src/stm32f1xx_hal_uart.o
 .text.UART_Receive_IT
                0x00000000080041da      0x17c ./Drivers/STM32F1xx_HAL_Driver/Src/stm32f1xx_hal_uart.o
 *fill*         0x0000000008004356        0x2 
 .text.UART_SetConfig
                0x0000000008004358      0x11c ./Drivers/STM32F1xx_HAL_Driver/Src/stm32f1xx_hal_uart.o
 .text.__errno  0x0000000008004474        0xc d:/software/st/stm32cubeide_1.7.0/stm32cubeide/plugins/com.st.stm32cube.ide.mcu.externaltools.gnu-tools-for-stm32.9-2020-q2-update.win32_2.0.0.202105311346/tools/bin/../lib/gcc/arm-none-eabi/9.3.1/../../../../arm-none-eabi/lib/thumb/v7-m/nofp\libc_nano.a(lib_a-errno.o)
                0x0000000008004474                __errno
 .text.__libc_init_array
                0x0000000008004480       0x48 d:/software/st/stm32cubeide_1.7.0/stm32cubeide/plugins/com.st.stm32cube.ide.mcu.externaltools.gnu-tools-for-stm32.9-2020-q2-update.win32_2.0.0.202105311346/tools/bin/../lib/gcc/arm-none-eabi/9.3.1/../../../../arm-none-eabi/lib/thumb/v7-m/nofp\libc_nano.a(lib_a-init.o)
                0x0000000008004480                __libc_init_array
 .text.memset   0x00000000080044c8       0x10 d:/software/st/stm32cubeide_1.7.0/stm32cubeide/plugins/com.st.stm32cube.ide.mcu.externaltools.gnu-tools-for-stm32.9-2020-q2-update.win32_2.0.0.202105311346/tools/bin/../lib/gcc/arm-none-eabi/9.3.1/../../../../arm-none-eabi/lib/thumb/v7-m/nofp\libc_nano.a(lib_a-memset.o)
                0x00000000080044c8                memset
 .text.snprintf
                0x00000000080044d8       0x68 d:/software/st/stm32cubeide_1.7.0/stm32cubeide/plugins/com.st.stm32cube.ide.mcu.externaltools.gnu-tools-for-stm32.9-2020-q2-update.win32_2.0.0.202105311346/tools/bin/../lib/gcc/arm-none-eabi/9.3.1/../../../../arm-none-eabi/lib/thumb/v7-m/nofp\libc_nano.a(lib_a-snprintf.o)
                0x00000000080044d8                sniprintf
                0x00000000080044d8                snprintf
 .text.__ssputs_r
                0x0000000008004540       0xb6 d:/software/st/stm32cubeide_1.7.0/stm32cubeide/plugins/com.st.stm32cube.ide.mcu.externaltools.gnu-tools-for-stm32.9-2020-q2-update.win32_2.0.0.202105311346/tools/bin/../lib/gcc/arm-none-eabi/9.3.1/../../../../arm-none-eabi/lib/thumb/v7-m/nofp\libc_nano.a(lib_a-nano-svfprintf.o)
                0x0000000008004540                __ssputs_r
 *fill*         0x00000000080045f6        0x2 
 .text._svfprintf_r
                0x00000000080045f8      0x200 d:/software/st/stm32cubeide_1.7.0/stm32cubeide/plugins/com.st.stm32cube.ide.mcu.externaltools.gnu-tools-for-stm32.9-2020-q2-update.win32_2.0.0.202105311346/tools/bin/../lib/gcc/arm-none-eabi/9.3.1/../../../../arm-none-eabi/lib/thumb/v7-m/nofp\libc_nano.a(lib_a-nano-svfprintf.o)
                0x00000000080045f8                _svfiprintf_r
                0x00000000080045f8                _svfprintf_r
 .text._printf_common
                0x00000000080047f8       0xde d:/software/st/stm32cubeide_1.7.0/stm32cubeide/plugins/com.st.stm32cube.ide.mcu.externaltools.gnu-tools-for-stm32.9-2020-q2-update.win32_2.0.0.202105311346/tools/bin/../lib/gcc/arm-none-eabi/9.3.1/../../../../arm-none-eabi/lib/thumb/v7-m/nofp\libc_nano.a(lib_a-nano-vfprintf_i.o)
                0x00000000080047f8                _printf_common
 *fill*         0x00000000080048d6        0x2 
 .text._printf_i
                0x00000000080048d8      0x24c d:/software/st/stm32cubeide_1.7.0/stm32cubeide/plugins/com.st.stm32cube.ide.mcu.externaltools.gnu-tools-for-stm32.9-2020-q2-update.win32_2.0.0.202105311346/tools/bin/../lib/gcc/arm-none-eabi/9.3.1/../../../../arm-none-eabi/lib/thumb/v7-m/nofp\libc_nano.a(lib_a-nano-vfprintf_i.o)
                0x00000000080048d8                _printf_i
 .text.memchr   0x0000000008004b24       0x1c d:/software/st/stm32cubeide_1.7.0/stm32cubeide/plugins/com.st.stm32cube.ide.mcu.externaltools.gnu-tools-for-stm32.9-2020-q2-update.win32_2.0.0.202105311346/tools/bin/../lib/gcc/arm-none-eabi/9.3.1/../../../../arm-none-eabi/lib/thumb/v7-m/nofp\libc_nano.a(lib_a-memchr-stub.o)
                0x0000000008004b24                memchr
 .text.memcpy   0x0000000008004b40       0x1c d:/software/st/stm32cubeide_1.7.0/stm32cubeide/plugins/com.st.stm32cube.ide.mcu.externaltools.gnu-tools-for-stm32.9-2020-q2-update.win32_2.0.0.202105311346/tools/bin/../lib/gcc/arm-none-eabi/9.3.1/../../../../arm-none-eabi/lib/thumb/v7-m/nofp\libc_nano.a(lib_a-memcpy-stub.o)
                0x0000000008004b40                memcpy
 .text.memmove  0x0000000008004b5c       0x34 d:/software/st/stm32cubeide_1.7.0/stm32cubeide/plugins/com.st.stm32cube.ide.mcu.externaltools.gnu-tools-for-stm32.9-2020-q2-update.win32_2.0.0.202105311346/tools/bin/../lib/gcc/arm-none-eabi/9.3.1/../../../../arm-none-eabi/lib/thumb/v7-m/nofp\libc_nano.a(lib_a-memmove.o)
                0x0000000008004b5c                memmove
 .text._free_r  0x0000000008004b90       0x98 d:/software/st/stm32cubeide_1.7.0/stm32cubeide/plugins/com.st.stm32cube.ide.mcu.externaltools.gnu-tools-for-stm32.9-2020-q2-update.win32_2.0.0.202105311346/tools/bin/../lib/gcc/arm-none-eabi/9.3.1/../../../../arm-none-eabi/lib/thumb/v7-m/nofp\libc_nano.a(lib_a-nano-freer.o)
                0x0000000008004b90                _free_r
 .text._malloc_r
                0x0000000008004c28       0xb4 d:/software/st/stm32cubeide_1.7.0/stm32cubeide/plugins/com.st.stm32cube.ide.mcu.externaltools.gnu-tools-for-stm32.9-2020-q2-update.win32_2.0.0.202105311346/tools/bin/../lib/gcc/arm-none-eabi/9.3.1/../../../../arm-none-eabi/lib/thumb/v7-m/nofp\libc_nano.a(lib_a-nano-mallocr.o)
                0x0000000008004c28                _malloc_r
 .text._realloc_r
                0x0000000008004cdc       0x4c d:/software/st/stm32cubeide_1.7.0/stm32cubeide/plugins/com.st.stm32cube.ide.mcu.externaltools.gnu-tools-for-stm32.9-2020-q2-update.win32_2.0.0.202105311346/tools/bin/../lib/gcc/arm-none-eabi/9.3.1/../../../../arm-none-eabi/lib/thumb/v7-m/nofp\libc_nano.a(lib_a-nano-reallocr.o)
                0x0000000008004cdc                _realloc_r
 .text._sbrk_r  0x0000000008004d28       0x20 d:/software/st/stm32cubeide_1.7.0/stm32cubeide/plugins/com.st.stm32cube.ide.mcu.externaltools.gnu-tools-for-stm32.9-2020-q2-update.win32_2.0.0.202105311346/tools/bin/../lib/gcc/arm-none-eabi/9.3.1/../../../../arm-none-eabi/lib/thumb/v7-m/nofp\libc_nano.a(lib_a-sbrkr.o)
                0x0000000008004d28                _sbrk_r
 .text.__malloc_lock
                0x0000000008004d48        0xc d:/software/st/stm32cubeide_1.7.0/stm32cubeide/plugins/com.st.stm32cube.ide.mcu.externaltools.gnu-tools-for-stm32.9-2020-q2-update.win32_2.0.0.202105311346/tools/bin/../lib/gcc/arm-none-eabi/9.3.1/../../../../arm-none-eabi/lib/thumb/v7-m/nofp\libc_nano.a(lib_a-mlock.o)
                0x0000000008004d48                __malloc_lock
 .text.__malloc_unlock
                0x0000000008004d54        0xc d:/software/st/stm32cubeide_1.7.0/stm32cubeide/plugins/com.st.stm32cube.ide.mcu.externaltools.gnu-tools-for-stm32.9-2020-q2-update.win32_2.0.0.202105311346/tools/bin/../lib/gcc/arm-none-eabi/9.3.1/../../../../arm-none-eabi/lib/thumb/v7-m/nofp\libc_nano.a(lib_a-mlock.o)
                0x0000000008004d54                __malloc_unlock
 .text._malloc_usable_size_r
                0x0000000008004d60       0x10 d:/software/st/stm32cubeide_1.7.0/stm32cubeide/plugins/com.st.stm32cube.ide.mcu.externaltools.gnu-tools-for-stm32.9-2020-q2-update.win32_2.0.0.202105311346/tools/bin/../lib/gcc/arm-none-eabi/9.3.1/../../../../arm-none-eabi/lib/thumb/v7-m/nofp\libc_nano.a(lib_a-nano-msizer.o)
                0x0000000008004d60                _malloc_usable_size_r
 .text.__retarget_lock_acquire_recursive
                0x0000000008004d70        0x2 d:/software/st/stm32cubeide_1.7.0/stm32cubeide/plugins/com.st.stm32cube.ide.mcu.externaltools.gnu-tools-for-stm32.9-2020-q2-update.win32_2.0.0.202105311346/tools/bin/../lib/gcc/arm-none-eabi/9.3.1/../../../../arm-none-eabi/lib/thumb/v7-m/nofp\libc_nano.a(lib_a-lock.o)
                0x0000000008004d70                __retarget_lock_acquire_recursive
 .text.__retarget_lock_release_recursive
                0x0000000008004d72        0x2 d:/software/st/stm32cubeide_1.7.0/stm32cubeide/plugins/com.st.stm32cube.ide.mcu.externaltools.gnu-tools-for-stm32.9-2020-q2-update.win32_2.0.0.202105311346/tools/bin/../lib/gcc/arm-none-eabi/9.3.1/../../../../arm-none-eabi/lib/thumb/v7-m/nofp\libc_nano.a(lib_a-lock.o)
                0x0000000008004d72                __retarget_lock_release_recursive
 *(.glue_7)
 .glue_7        0x0000000008004d74        0x0 linker stubs
 *(.glue_7t)
 .glue_7t       0x0000000008004d74        0x0 linker stubs
 *(.eh_frame)
 .eh_frame      0x0000000008004d74        0x0 d:/software/st/stm32cubeide_1.7.0/stm32cubeide/plugins/com.st.stm32cube.ide.mcu.externaltools.gnu-tools-for-stm32.9-2020-q2-update.win32_2.0.0.202105311346/tools/bin/../lib/gcc/arm-none-eabi/9.3.1/thumb/v7-m/nofp/crtbegin.o
 *(.init)
 .init          0x0000000008004d74        0x4 d:/software/st/stm32cubeide_1.7.0/stm32cubeide/plugins/com.st.stm32cube.ide.mcu.externaltools.gnu-tools-for-stm32.9-2020-q2-update.win32_2.0.0.202105311346/tools/bin/../lib/gcc/arm-none-eabi/9.3.1/thumb/v7-m/nofp/crti.o
                0x0000000008004d74                _init
 .init          0x0000000008004d78        0x8 d:/software/st/stm32cubeide_1.7.0/stm32cubeide/plugins/com.st.stm32cube.ide.mcu.externaltools.gnu-tools-for-stm32.9-2020-q2-update.win32_2.0.0.202105311346/tools/bin/../lib/gcc/arm-none-eabi/9.3.1/thumb/v7-m/nofp/crtn.o
 *(.fini)
 .fini          0x0000000008004d80        0x4 d:/software/st/stm32cubeide_1.7.0/stm32cubeide/plugins/com.st.stm32cube.ide.mcu.externaltools.gnu-tools-for-stm32.9-2020-q2-update.win32_2.0.0.202105311346/tools/bin/../lib/gcc/arm-none-eabi/9.3.1/thumb/v7-m/nofp/crti.o
                0x0000000008004d80                _fini
 .fini          0x0000000008004d84        0x8 d:/software/st/stm32cubeide_1.7.0/stm32cubeide/plugins/com.st.stm32cube.ide.mcu.externaltools.gnu-tools-for-stm32.9-2020-q2-update.win32_2.0.0.202105311346/tools/bin/../lib/gcc/arm-none-eabi/9.3.1/thumb/v7-m/nofp/crtn.o
                0x0000000008004d8c                . = ALIGN (0x4)
                0x0000000008004d8c                _etext = .

.vfp11_veneer   0x0000000008004d8c        0x0
 .vfp11_veneer  0x0000000008004d8c        0x0 linker stubs

.v4_bx          0x0000000008004d8c        0x0
 .v4_bx         0x0000000008004d8c        0x0 linker stubs

.iplt           0x0000000008004d8c        0x0
 .iplt          0x0000000008004d8c        0x0 d:/software/st/stm32cubeide_1.7.0/stm32cubeide/plugins/com.st.stm32cube.ide.mcu.externaltools.gnu-tools-for-stm32.9-2020-q2-update.win32_2.0.0.202105311346/tools/bin/../lib/gcc/arm-none-eabi/9.3.1/thumb/v7-m/nofp/crtbegin.o

.rodata         0x0000000008004d8c       0xa4
                0x0000000008004d8c                . = ALIGN (0x4)
 *(.rodata)
 .rodata        0x0000000008004d8c       0x1e ./Core/Src/displayLCD.o
 *fill*         0x0000000008004daa        0x2 
 .rodata        0x0000000008004dac       0x22 ./Core/Src/fsm_traffic_light.o
 *(.rodata*)
 *fill*         0x0000000008004dce        0x2 
 .rodata.AHBPrescTable
                0x0000000008004dd0       0x10 ./Core/Src/system_stm32f1xx.o
                0x0000000008004dd0                AHBPrescTable
 .rodata.APBPrescTable
                0x0000000008004de0        0x8 ./Core/Src/system_stm32f1xx.o
                0x0000000008004de0                APBPrescTable
 .rodata.aPLLMULFactorTable.6442
                0x0000000008004de8       0x10 ./Drivers/STM32F1xx_HAL_Driver/Src/stm32f1xx_hal_rcc.o
 .rodata.aPredivFactorTable.6443
                0x0000000008004df8        0x2 ./Drivers/STM32F1xx_HAL_Driver/Src/stm32f1xx_hal_rcc.o
 .rodata._svfprintf_r.str1.1
                0x0000000008004dfa       0x11 d:/software/st/stm32cubeide_1.7.0/stm32cubeide/plugins/com.st.stm32cube.ide.mcu.externaltools.gnu-tools-for-stm32.9-2020-q2-update.win32_2.0.0.202105311346/tools/bin/../lib/gcc/arm-none-eabi/9.3.1/../../../../arm-none-eabi/lib/thumb/v7-m/nofp\libc_nano.a(lib_a-nano-svfprintf.o)
 .rodata._printf_i.str1.1
                0x0000000008004e0b       0x22 d:/software/st/stm32cubeide_1.7.0/stm32cubeide/plugins/com.st.stm32cube.ide.mcu.externaltools.gnu-tools-for-stm32.9-2020-q2-update.win32_2.0.0.202105311346/tools/bin/../lib/gcc/arm-none-eabi/9.3.1/../../../../arm-none-eabi/lib/thumb/v7-m/nofp\libc_nano.a(lib_a-nano-vfprintf_i.o)
                0x0000000008004e30                . = ALIGN (0x4)
 *fill*         0x0000000008004e2d        0x3 

.rel.dyn        0x0000000008004e30        0x0
 .rel.iplt      0x0000000008004e30        0x0 d:/software/st/stm32cubeide_1.7.0/stm32cubeide/plugins/com.st.stm32cube.ide.mcu.externaltools.gnu-tools-for-stm32.9-2020-q2-update.win32_2.0.0.202105311346/tools/bin/../lib/gcc/arm-none-eabi/9.3.1/thumb/v7-m/nofp/crtbegin.o

.ARM.extab      0x0000000008004e30        0x0
                0x0000000008004e30                . = ALIGN (0x4)
 *(.ARM.extab* .gnu.linkonce.armextab.*)
                0x0000000008004e30                . = ALIGN (0x4)

.ARM            0x0000000008004e30        0x0
                0x0000000008004e30                . = ALIGN (0x4)
                0x0000000008004e30                __exidx_start = .
 *(.ARM.exidx*)
                0x0000000008004e30                __exidx_end = .
                0x0000000008004e30                . = ALIGN (0x4)

.preinit_array  0x0000000008004e30        0x0
                0x0000000008004e30                . = ALIGN (0x4)
                0x0000000008004e30                PROVIDE (__preinit_array_start = .)
 *(.preinit_array*)
                0x0000000008004e30                PROVIDE (__preinit_array_end = .)
                0x0000000008004e30                . = ALIGN (0x4)

.init_array     0x0000000008004e30        0x4
                0x0000000008004e30                . = ALIGN (0x4)
                0x0000000008004e30                PROVIDE (__init_array_start = .)
 *(SORT_BY_NAME(.init_array.*))
 *(.init_array*)
 .init_array    0x0000000008004e30        0x4 d:/software/st/stm32cubeide_1.7.0/stm32cubeide/plugins/com.st.stm32cube.ide.mcu.externaltools.gnu-tools-for-stm32.9-2020-q2-update.win32_2.0.0.202105311346/tools/bin/../lib/gcc/arm-none-eabi/9.3.1/thumb/v7-m/nofp/crtbegin.o
                0x0000000008004e34                PROVIDE (__init_array_end = .)
                0x0000000008004e34                . = ALIGN (0x4)

.fini_array     0x0000000008004e34        0x4
                0x0000000008004e34                . = ALIGN (0x4)
                [!provide]                        PROVIDE (__fini_array_start = .)
 *(SORT_BY_NAME(.fini_array.*))
 *(.fini_array*)
 .fini_array    0x0000000008004e34        0x4 d:/software/st/stm32cubeide_1.7.0/stm32cubeide/plugins/com.st.stm32cube.ide.mcu.externaltools.gnu-tools-for-stm32.9-2020-q2-update.win32_2.0.0.202105311346/tools/bin/../lib/gcc/arm-none-eabi/9.3.1/thumb/v7-m/nofp/crtbegin.o
                [!provide]                        PROVIDE (__fini_array_end = .)
                0x0000000008004e38                . = ALIGN (0x4)
                0x0000000008004e38                _sidata = LOADADDR (.data)

.data           0x0000000020000000       0x9c load address 0x0000000008004e38
                0x0000000020000000                . = ALIGN (0x4)
                0x0000000020000000                _sdata = .
 *(.data)
 *(.data*)
 .data.button_ports
                0x0000000020000000        0xc ./Core/Src/button.o
                0x0000000020000000                button_ports
 .data.button_pins
                0x000000002000000c        0x6 ./Core/Src/button.o
                0x000000002000000c                button_pins
 *fill*         0x0000000020000012        0x2 
 .data.red_time
                0x0000000020000014        0x4 ./Core/Src/global.o
                0x0000000020000014                red_time
 .data.green_time
                0x0000000020000018        0x4 ./Core/Src/global.o
                0x0000000020000018                green_time
 .data.yel_time
                0x000000002000001c        0x4 ./Core/Src/global.o
                0x000000002000001c                yel_time
 .data.temp     0x0000000020000020        0xc ./Core/Src/global.o
                0x0000000020000020                temp
 .data.SystemCoreClock
                0x000000002000002c        0x4 ./Core/Src/system_stm32f1xx.o
                0x000000002000002c                SystemCoreClock
 .data.uwTickPrio
                0x0000000020000030        0x4 ./Drivers/STM32F1xx_HAL_Driver/Src/stm32f1xx_hal.o
                0x0000000020000030                uwTickPrio
 .data.uwTickFreq
                0x0000000020000034        0x1 ./Drivers/STM32F1xx_HAL_Driver/Src/stm32f1xx_hal.o
                0x0000000020000034                uwTickFreq
 *fill*         0x0000000020000035        0x3 
 .data._impure_ptr
                0x0000000020000038        0x4 d:/software/st/stm32cubeide_1.7.0/stm32cubeide/plugins/com.st.stm32cube.ide.mcu.externaltools.gnu-tools-for-stm32.9-2020-q2-update.win32_2.0.0.202105311346/tools/bin/../lib/gcc/arm-none-eabi/9.3.1/../../../../arm-none-eabi/lib/thumb/v7-m/nofp\libc_nano.a(lib_a-impure.o)
                0x0000000020000038                _impure_ptr
 .data.impure_data
                0x000000002000003c       0x60 d:/software/st/stm32cubeide_1.7.0/stm32cubeide/plugins/com.st.stm32cube.ide.mcu.externaltools.gnu-tools-for-stm32.9-2020-q2-update.win32_2.0.0.202105311346/tools/bin/../lib/gcc/arm-none-eabi/9.3.1/../../../../arm-none-eabi/lib/thumb/v7-m/nofp\libc_nano.a(lib_a-impure.o)
 *(.RamFunc)
 *(.RamFunc*)
                0x000000002000009c                . = ALIGN (0x4)
                0x000000002000009c                _edata = .

.igot.plt       0x000000002000009c        0x0 load address 0x0000000008004ed4
 .igot.plt      0x000000002000009c        0x0 d:/software/st/stm32cubeide_1.7.0/stm32cubeide/plugins/com.st.stm32cube.ide.mcu.externaltools.gnu-tools-for-stm32.9-2020-q2-update.win32_2.0.0.202105311346/tools/bin/../lib/gcc/arm-none-eabi/9.3.1/thumb/v7-m/nofp/crtbegin.o
                0x000000002000009c                . = ALIGN (0x4)

.bss            0x000000002000009c      0x50c load address 0x0000000008004ed4
                0x000000002000009c                _sbss = .
                0x000000002000009c                __bss_start__ = _sbss
 *(.bss)
 .bss           0x000000002000009c       0x1c d:/software/st/stm32cubeide_1.7.0/stm32cubeide/plugins/com.st.stm32cube.ide.mcu.externaltools.gnu-tools-for-stm32.9-2020-q2-update.win32_2.0.0.202105311346/tools/bin/../lib/gcc/arm-none-eabi/9.3.1/thumb/v7-m/nofp/crtbegin.o
 *(.bss*)
 .bss.status    0x00000000200000b8        0x4 ./Core/Src/global.o
                0x00000000200000b8                status
 .bss.val1      0x00000000200000bc        0x4 ./Core/Src/global.o
                0x00000000200000bc                val1
 .bss.val2      0x00000000200000c0        0x4 ./Core/Src/global.o
                0x00000000200000c0                val2
 .bss.current_index_task
                0x00000000200000c4        0x1 ./Core/Src/scheduler.o
                0x00000000200000c4                current_index_task
 *fill*         0x00000000200000c5        0x3 
 .bss.global_timer
                0x00000000200000c8        0x4 ./Core/Src/scheduler.o
                0x00000000200000c8                global_timer
 .bss.__sbrk_heap_end
                0x00000000200000cc        0x4 ./Core/Src/sysmem.o
 .bss.__malloc_free_list
                0x00000000200000d0        0x4 d:/software/st/stm32cubeide_1.7.0/stm32cubeide/plugins/com.st.stm32cube.ide.mcu.externaltools.gnu-tools-for-stm32.9-2020-q2-update.win32_2.0.0.202105311346/tools/bin/../lib/gcc/arm-none-eabi/9.3.1/../../../../arm-none-eabi/lib/thumb/v7-m/nofp\libc_nano.a(lib_a-nano-mallocr.o)
                0x00000000200000d0                __malloc_free_list
 .bss.__malloc_sbrk_start
                0x00000000200000d4        0x4 d:/software/st/stm32cubeide_1.7.0/stm32cubeide/plugins/com.st.stm32cube.ide.mcu.externaltools.gnu-tools-for-stm32.9-2020-q2-update.win32_2.0.0.202105311346/tools/bin/../lib/gcc/arm-none-eabi/9.3.1/../../../../arm-none-eabi/lib/thumb/v7-m/nofp\libc_nano.a(lib_a-nano-mallocr.o)
                0x00000000200000d4                __malloc_sbrk_start
 *(COMMON)
 COMMON         0x00000000200000d8       0x60 ./Core/Src/button.o
                0x00000000200000d8                KeyReg3
                0x00000000200000e4                KeyReg0
                0x00000000200000f0                KeyReg1
                0x00000000200000fc                TimeOutForKeyPress
                0x0000000020000108                button_flag
                0x0000000020000114                button_pressed
                0x0000000020000120                KeyReg2
                0x000000002000012c                button_long_pressed
 COMMON         0x0000000020000138       0xe4 ./Core/Src/main.o
                0x0000000020000138                hi2c1
                0x000000002000018c                htim2
                0x00000000200001d4                huart2
 COMMON         0x000000002000021c      0x320 ./Core/Src/scheduler.o
                0x000000002000021c                SCH_tasks_G
 COMMON         0x000000002000053c       0x58 ./Core/Src/software_timer.o
                0x000000002000053c                timer_counter
                0x0000000020000568                timer_flag
 COMMON         0x0000000020000594        0x4 ./Drivers/STM32F1xx_HAL_Driver/Src/stm32f1xx_hal.o
                0x0000000020000594                uwTick
 COMMON         0x0000000020000598        0x4 d:/software/st/stm32cubeide_1.7.0/stm32cubeide/plugins/com.st.stm32cube.ide.mcu.externaltools.gnu-tools-for-stm32.9-2020-q2-update.win32_2.0.0.202105311346/tools/bin/../lib/gcc/arm-none-eabi/9.3.1/../../../../arm-none-eabi/lib/thumb/v7-m/nofp\libc_nano.a(lib_a-reent.o)
                0x0000000020000598                errno
 COMMON         0x000000002000059c        0x9 d:/software/st/stm32cubeide_1.7.0/stm32cubeide/plugins/com.st.stm32cube.ide.mcu.externaltools.gnu-tools-for-stm32.9-2020-q2-update.win32_2.0.0.202105311346/tools/bin/../lib/gcc/arm-none-eabi/9.3.1/../../../../arm-none-eabi/lib/thumb/v7-m/nofp\libc_nano.a(lib_a-lock.o)
                0x000000002000059c                __lock___atexit_recursive_mutex
                0x000000002000059d                __lock___arc4random_mutex
                0x000000002000059e                __lock___env_recursive_mutex
                0x000000002000059f                __lock___sinit_recursive_mutex
                0x00000000200005a0                __lock___malloc_recursive_mutex
                0x00000000200005a1                __lock___at_quick_exit_mutex
                0x00000000200005a2                __lock___dd_hash_mutex
                0x00000000200005a3                __lock___tz_mutex
                0x00000000200005a4                __lock___sfp_recursive_mutex
                0x00000000200005a8                . = ALIGN (0x4)
 *fill*         0x00000000200005a5        0x3 
                0x00000000200005a8                _ebss = .
                0x00000000200005a8                __bss_end__ = _ebss

._user_heap_stack
                0x00000000200005a8      0x600 load address 0x0000000008004ed4
                0x00000000200005a8                . = ALIGN (0x8)
                [!provide]                        PROVIDE (end = .)
                0x00000000200005a8                PROVIDE (_end = .)
                0x00000000200007a8                . = (. + _Min_Heap_Size)
 *fill*         0x00000000200005a8      0x200 
                0x0000000020000ba8                . = (. + _Min_Stack_Size)
 *fill*         0x00000000200007a8      0x400 
                0x0000000020000ba8                . = ALIGN (0x8)

/DISCARD/
 libc.a(*)
 libm.a(*)
 libgcc.a(*)

.ARM.attributes
                0x0000000000000000       0x29
 *(.ARM.attributes)
 .ARM.attributes
                0x0000000000000000       0x1d d:/software/st/stm32cubeide_1.7.0/stm32cubeide/plugins/com.st.stm32cube.ide.mcu.externaltools.gnu-tools-for-stm32.9-2020-q2-update.win32_2.0.0.202105311346/tools/bin/../lib/gcc/arm-none-eabi/9.3.1/thumb/v7-m/nofp/crti.o
 .ARM.attributes
                0x000000000000001d       0x2d d:/software/st/stm32cubeide_1.7.0/stm32cubeide/plugins/com.st.stm32cube.ide.mcu.externaltools.gnu-tools-for-stm32.9-2020-q2-update.win32_2.0.0.202105311346/tools/bin/../lib/gcc/arm-none-eabi/9.3.1/thumb/v7-m/nofp/crtbegin.o
 .ARM.attributes
                0x000000000000004a       0x2d ./Core/Src/RYG_LED.o
 .ARM.attributes
                0x0000000000000077       0x2d ./Core/Src/button.o
 .ARM.attributes
                0x00000000000000a4       0x2d ./Core/Src/displayLCD.o
 .ARM.attributes
                0x00000000000000d1       0x2d ./Core/Src/fsm_traffic_light.o
 .ARM.attributes
                0x00000000000000fe       0x33 ./Core/Src/global.o
 .ARM.attributes
                0x0000000000000131       0x2d ./Core/Src/i2c-lcd.o
 .ARM.attributes
                0x000000000000015e       0x2d ./Core/Src/main.o
 .ARM.attributes
                0x000000000000018b       0x2d ./Core/Src/scheduler.o
 .ARM.attributes
                0x00000000000001b8       0x2d ./Core/Src/software_timer.o
 .ARM.attributes
                0x00000000000001e5       0x2d ./Core/Src/stm32f1xx_hal_msp.o
 .ARM.attributes
                0x0000000000000212       0x2d ./Core/Src/stm32f1xx_it.o
 .ARM.attributes
                0x000000000000023f       0x2d ./Core/Src/sysmem.o
 .ARM.attributes
                0x000000000000026c       0x2d ./Core/Src/system_stm32f1xx.o
 .ARM.attributes
                0x0000000000000299       0x21 ./Core/Startup/startup_stm32f103rbtx.o
 .ARM.attributes
                0x00000000000002ba       0x2d ./Drivers/STM32F1xx_HAL_Driver/Src/stm32f1xx_hal.o
 .ARM.attributes
                0x00000000000002e7       0x2d ./Drivers/STM32F1xx_HAL_Driver/Src/stm32f1xx_hal_cortex.o
 .ARM.attributes
                0x0000000000000314       0x2d ./Drivers/STM32F1xx_HAL_Driver/Src/stm32f1xx_hal_dma.o
 .ARM.attributes
                0x0000000000000341       0x2d ./Drivers/STM32F1xx_HAL_Driver/Src/stm32f1xx_hal_gpio.o
 .ARM.attributes
                0x000000000000036e       0x2d ./Drivers/STM32F1xx_HAL_Driver/Src/stm32f1xx_hal_i2c.o
 .ARM.attributes
                0x000000000000039b       0x2d ./Drivers/STM32F1xx_HAL_Driver/Src/stm32f1xx_hal_rcc.o
 .ARM.attributes
                0x00000000000003c8       0x2d ./Drivers/STM32F1xx_HAL_Driver/Src/stm32f1xx_hal_tim.o
 .ARM.attributes
                0x00000000000003f5       0x2d ./Drivers/STM32F1xx_HAL_Driver/Src/stm32f1xx_hal_tim_ex.o
 .ARM.attributes
                0x0000000000000422       0x2d ./Drivers/STM32F1xx_HAL_Driver/Src/stm32f1xx_hal_uart.o
 .ARM.attributes
                0x000000000000044f       0x2d d:/software/st/stm32cubeide_1.7.0/stm32cubeide/plugins/com.st.stm32cube.ide.mcu.externaltools.gnu-tools-for-stm32.9-2020-q2-update.win32_2.0.0.202105311346/tools/bin/../lib/gcc/arm-none-eabi/9.3.1/../../../../arm-none-eabi/lib/thumb/v7-m/nofp\libc_nano.a(lib_a-errno.o)
 .ARM.attributes
                0x000000000000047c       0x2d d:/software/st/stm32cubeide_1.7.0/stm32cubeide/plugins/com.st.stm32cube.ide.mcu.externaltools.gnu-tools-for-stm32.9-2020-q2-update.win32_2.0.0.202105311346/tools/bin/../lib/gcc/arm-none-eabi/9.3.1/../../../../arm-none-eabi/lib/thumb/v7-m/nofp\libc_nano.a(lib_a-impure.o)
 .ARM.attributes
                0x00000000000004a9       0x2d d:/software/st/stm32cubeide_1.7.0/stm32cubeide/plugins/com.st.stm32cube.ide.mcu.externaltools.gnu-tools-for-stm32.9-2020-q2-update.win32_2.0.0.202105311346/tools/bin/../lib/gcc/arm-none-eabi/9.3.1/../../../../arm-none-eabi/lib/thumb/v7-m/nofp\libc_nano.a(lib_a-init.o)
 .ARM.attributes
                0x00000000000004d6       0x2d d:/software/st/stm32cubeide_1.7.0/stm32cubeide/plugins/com.st.stm32cube.ide.mcu.externaltools.gnu-tools-for-stm32.9-2020-q2-update.win32_2.0.0.202105311346/tools/bin/../lib/gcc/arm-none-eabi/9.3.1/../../../../arm-none-eabi/lib/thumb/v7-m/nofp\libc_nano.a(lib_a-memset.o)
 .ARM.attributes
                0x0000000000000503       0x2d d:/software/st/stm32cubeide_1.7.0/stm32cubeide/plugins/com.st.stm32cube.ide.mcu.externaltools.gnu-tools-for-stm32.9-2020-q2-update.win32_2.0.0.202105311346/tools/bin/../lib/gcc/arm-none-eabi/9.3.1/../../../../arm-none-eabi/lib/thumb/v7-m/nofp\libc_nano.a(lib_a-snprintf.o)
 .ARM.attributes
                0x0000000000000530       0x2d d:/software/st/stm32cubeide_1.7.0/stm32cubeide/plugins/com.st.stm32cube.ide.mcu.externaltools.gnu-tools-for-stm32.9-2020-q2-update.win32_2.0.0.202105311346/tools/bin/../lib/gcc/arm-none-eabi/9.3.1/../../../../arm-none-eabi/lib/thumb/v7-m/nofp\libc_nano.a(lib_a-nano-svfprintf.o)
 .ARM.attributes
                0x000000000000055d       0x2d d:/software/st/stm32cubeide_1.7.0/stm32cubeide/plugins/com.st.stm32cube.ide.mcu.externaltools.gnu-tools-for-stm32.9-2020-q2-update.win32_2.0.0.202105311346/tools/bin/../lib/gcc/arm-none-eabi/9.3.1/../../../../arm-none-eabi/lib/thumb/v7-m/nofp\libc_nano.a(lib_a-nano-vfprintf_i.o)
 .ARM.attributes
                0x000000000000058a       0x2d d:/software/st/stm32cubeide_1.7.0/stm32cubeide/plugins/com.st.stm32cube.ide.mcu.externaltools.gnu-tools-for-stm32.9-2020-q2-update.win32_2.0.0.202105311346/tools/bin/../lib/gcc/arm-none-eabi/9.3.1/../../../../arm-none-eabi/lib/thumb/v7-m/nofp\libc_nano.a(lib_a-memchr-stub.o)
 .ARM.attributes
                0x00000000000005b7       0x2d d:/software/st/stm32cubeide_1.7.0/stm32cubeide/plugins/com.st.stm32cube.ide.mcu.externaltools.gnu-tools-for-stm32.9-2020-q2-update.win32_2.0.0.202105311346/tools/bin/../lib/gcc/arm-none-eabi/9.3.1/../../../../arm-none-eabi/lib/thumb/v7-m/nofp\libc_nano.a(lib_a-memcpy-stub.o)
 .ARM.attributes
                0x00000000000005e4       0x2d d:/software/st/stm32cubeide_1.7.0/stm32cubeide/plugins/com.st.stm32cube.ide.mcu.externaltools.gnu-tools-for-stm32.9-2020-q2-update.win32_2.0.0.202105311346/tools/bin/../lib/gcc/arm-none-eabi/9.3.1/../../../../arm-none-eabi/lib/thumb/v7-m/nofp\libc_nano.a(lib_a-memmove.o)
 .ARM.attributes
                0x0000000000000611       0x2d d:/software/st/stm32cubeide_1.7.0/stm32cubeide/plugins/com.st.stm32cube.ide.mcu.externaltools.gnu-tools-for-stm32.9-2020-q2-update.win32_2.0.0.202105311346/tools/bin/../lib/gcc/arm-none-eabi/9.3.1/../../../../arm-none-eabi/lib/thumb/v7-m/nofp\libc_nano.a(lib_a-nano-freer.o)
 .ARM.attributes
                0x000000000000063e       0x2d d:/software/st/stm32cubeide_1.7.0/stm32cubeide/plugins/com.st.stm32cube.ide.mcu.externaltools.gnu-tools-for-stm32.9-2020-q2-update.win32_2.0.0.202105311346/tools/bin/../lib/gcc/arm-none-eabi/9.3.1/../../../../arm-none-eabi/lib/thumb/v7-m/nofp\libc_nano.a(lib_a-nano-mallocr.o)
 .ARM.attributes
                0x000000000000066b       0x2d d:/software/st/stm32cubeide_1.7.0/stm32cubeide/plugins/com.st.stm32cube.ide.mcu.externaltools.gnu-tools-for-stm32.9-2020-q2-update.win32_2.0.0.202105311346/tools/bin/../lib/gcc/arm-none-eabi/9.3.1/../../../../arm-none-eabi/lib/thumb/v7-m/nofp\libc_nano.a(lib_a-nano-reallocr.o)
 .ARM.attributes
                0x0000000000000698       0x2d d:/software/st/stm32cubeide_1.7.0/stm32cubeide/plugins/com.st.stm32cube.ide.mcu.externaltools.gnu-tools-for-stm32.9-2020-q2-update.win32_2.0.0.202105311346/tools/bin/../lib/gcc/arm-none-eabi/9.3.1/../../../../arm-none-eabi/lib/thumb/v7-m/nofp\libc_nano.a(lib_a-sbrkr.o)
 .ARM.attributes
                0x00000000000006c5       0x2d d:/software/st/stm32cubeide_1.7.0/stm32cubeide/plugins/com.st.stm32cube.ide.mcu.externaltools.gnu-tools-for-stm32.9-2020-q2-update.win32_2.0.0.202105311346/tools/bin/../lib/gcc/arm-none-eabi/9.3.1/../../../../arm-none-eabi/lib/thumb/v7-m/nofp\libc_nano.a(lib_a-mlock.o)
 .ARM.attributes
                0x00000000000006f2       0x2d d:/software/st/stm32cubeide_1.7.0/stm32cubeide/plugins/com.st.stm32cube.ide.mcu.externaltools.gnu-tools-for-stm32.9-2020-q2-update.win32_2.0.0.202105311346/tools/bin/../lib/gcc/arm-none-eabi/9.3.1/../../../../arm-none-eabi/lib/thumb/v7-m/nofp\libc_nano.a(lib_a-nano-msizer.o)
 .ARM.attributes
                0x000000000000071f       0x2d d:/software/st/stm32cubeide_1.7.0/stm32cubeide/plugins/com.st.stm32cube.ide.mcu.externaltools.gnu-tools-for-stm32.9-2020-q2-update.win32_2.0.0.202105311346/tools/bin/../lib/gcc/arm-none-eabi/9.3.1/../../../../arm-none-eabi/lib/thumb/v7-m/nofp\libc_nano.a(lib_a-reent.o)
 .ARM.attributes
                0x000000000000074c       0x2d d:/software/st/stm32cubeide_1.7.0/stm32cubeide/plugins/com.st.stm32cube.ide.mcu.externaltools.gnu-tools-for-stm32.9-2020-q2-update.win32_2.0.0.202105311346/tools/bin/../lib/gcc/arm-none-eabi/9.3.1/../../../../arm-none-eabi/lib/thumb/v7-m/nofp\libc_nano.a(lib_a-lock.o)
 .ARM.attributes
                0x0000000000000779       0x1d d:/software/st/stm32cubeide_1.7.0/stm32cubeide/plugins/com.st.stm32cube.ide.mcu.externaltools.gnu-tools-for-stm32.9-2020-q2-update.win32_2.0.0.202105311346/tools/bin/../lib/gcc/arm-none-eabi/9.3.1/thumb/v7-m/nofp/crtn.o
OUTPUT(PROJECT_NUCLEO.elf elf32-littlearm)
LOAD linker stubs
LOAD d:/software/st/stm32cubeide_1.7.0/stm32cubeide/plugins/com.st.stm32cube.ide.mcu.externaltools.gnu-tools-for-stm32.9-2020-q2-update.win32_2.0.0.202105311346/tools/bin/../lib/gcc/arm-none-eabi/9.3.1/../../../../arm-none-eabi/lib/thumb/v7-m/nofp\libc.a
LOAD d:/software/st/stm32cubeide_1.7.0/stm32cubeide/plugins/com.st.stm32cube.ide.mcu.externaltools.gnu-tools-for-stm32.9-2020-q2-update.win32_2.0.0.202105311346/tools/bin/../lib/gcc/arm-none-eabi/9.3.1/../../../../arm-none-eabi/lib/thumb/v7-m/nofp\libm.a
LOAD d:/software/st/stm32cubeide_1.7.0/stm32cubeide/plugins/com.st.stm32cube.ide.mcu.externaltools.gnu-tools-for-stm32.9-2020-q2-update.win32_2.0.0.202105311346/tools/bin/../lib/gcc/arm-none-eabi/9.3.1/thumb/v7-m/nofp\libgcc.a

.debug_info     0x0000000000000000    0x15cc8
 .debug_info    0x0000000000000000      0x270 ./Core/Src/RYG_LED.o
 .debug_info    0x0000000000000270      0xd48 ./Core/Src/button.o
 .debug_info    0x0000000000000fb8      0xbcd ./Core/Src/displayLCD.o
 .debug_info    0x0000000000001b85      0xbaf ./Core/Src/fsm_traffic_light.o
 .debug_info    0x0000000000002734      0xb61 ./Core/Src/global.o
 .debug_info    0x0000000000003295      0x7e4 ./Core/Src/i2c-lcd.o
 .debug_info    0x0000000000003a79     0x1bde ./Core/Src/main.o
 .debug_info    0x0000000000005657      0xc75 ./Core/Src/scheduler.o
 .debug_info    0x00000000000062cc      0xba2 ./Core/Src/software_timer.o
 .debug_info    0x0000000000006e6e     0x1150 ./Core/Src/stm32f1xx_hal_msp.o
 .debug_info    0x0000000000007fbe      0xa5d ./Core/Src/stm32f1xx_it.o
 .debug_info    0x0000000000008a1b      0xa25 ./Core/Src/sysmem.o
 .debug_info    0x0000000000009440      0x2be ./Core/Src/system_stm32f1xx.o
 .debug_info    0x00000000000096fe       0x22 ./Core/Startup/startup_stm32f103rbtx.o
 .debug_info    0x0000000000009720      0x76a ./Drivers/STM32F1xx_HAL_Driver/Src/stm32f1xx_hal.o
 .debug_info    0x0000000000009e8a      0xbdc ./Drivers/STM32F1xx_HAL_Driver/Src/stm32f1xx_hal_cortex.o
 .debug_info    0x000000000000aa66      0x823 ./Drivers/STM32F1xx_HAL_Driver/Src/stm32f1xx_hal_dma.o
 .debug_info    0x000000000000b289      0x701 ./Drivers/STM32F1xx_HAL_Driver/Src/stm32f1xx_hal_gpio.o
 .debug_info    0x000000000000b98a     0x27cb ./Drivers/STM32F1xx_HAL_Driver/Src/stm32f1xx_hal_i2c.o
 .debug_info    0x000000000000e155      0x893 ./Drivers/STM32F1xx_HAL_Driver/Src/stm32f1xx_hal_rcc.o
 .debug_info    0x000000000000e9e8     0x2c32 ./Drivers/STM32F1xx_HAL_Driver/Src/stm32f1xx_hal_tim.o
 .debug_info    0x000000000001161a     0x157f ./Drivers/STM32F1xx_HAL_Driver/Src/stm32f1xx_hal_tim_ex.o
 .debug_info    0x0000000000012b99     0x312f ./Drivers/STM32F1xx_HAL_Driver/Src/stm32f1xx_hal_uart.o

.debug_abbrev   0x0000000000000000     0x2fdf
 .debug_abbrev  0x0000000000000000      0x123 ./Core/Src/RYG_LED.o
 .debug_abbrev  0x0000000000000123      0x2a3 ./Core/Src/button.o
 .debug_abbrev  0x00000000000003c6      0x240 ./Core/Src/displayLCD.o
 .debug_abbrev  0x0000000000000606      0x20d ./Core/Src/fsm_traffic_light.o
 .debug_abbrev  0x0000000000000813      0x1d9 ./Core/Src/global.o
 .debug_abbrev  0x00000000000009ec      0x1cc ./Core/Src/i2c-lcd.o
 .debug_abbrev  0x0000000000000bb8      0x328 ./Core/Src/main.o
 .debug_abbrev  0x0000000000000ee0      0x27b ./Core/Src/scheduler.o
 .debug_abbrev  0x000000000000115b      0x26d ./Core/Src/software_timer.o
 .debug_abbrev  0x00000000000013c8      0x1c8 ./Core/Src/stm32f1xx_hal_msp.o
 .debug_abbrev  0x0000000000001590      0x176 ./Core/Src/stm32f1xx_it.o
 .debug_abbrev  0x0000000000001706      0x1bf ./Core/Src/sysmem.o
 .debug_abbrev  0x00000000000018c5      0x14e ./Core/Src/system_stm32f1xx.o
 .debug_abbrev  0x0000000000001a13       0x12 ./Core/Startup/startup_stm32f103rbtx.o
 .debug_abbrev  0x0000000000001a25      0x1ed ./Drivers/STM32F1xx_HAL_Driver/Src/stm32f1xx_hal.o
 .debug_abbrev  0x0000000000001c12      0x313 ./Drivers/STM32F1xx_HAL_Driver/Src/stm32f1xx_hal_cortex.o
 .debug_abbrev  0x0000000000001f25      0x228 ./Drivers/STM32F1xx_HAL_Driver/Src/stm32f1xx_hal_dma.o
 .debug_abbrev  0x000000000000214d      0x1e8 ./Drivers/STM32F1xx_HAL_Driver/Src/stm32f1xx_hal_gpio.o
 .debug_abbrev  0x0000000000002335      0x288 ./Drivers/STM32F1xx_HAL_Driver/Src/stm32f1xx_hal_i2c.o
 .debug_abbrev  0x00000000000025bd      0x273 ./Drivers/STM32F1xx_HAL_Driver/Src/stm32f1xx_hal_rcc.o
 .debug_abbrev  0x0000000000002830      0x25e ./Drivers/STM32F1xx_HAL_Driver/Src/stm32f1xx_hal_tim.o
 .debug_abbrev  0x0000000000002a8e      0x266 ./Drivers/STM32F1xx_HAL_Driver/Src/stm32f1xx_hal_tim_ex.o
 .debug_abbrev  0x0000000000002cf4      0x2eb ./Drivers/STM32F1xx_HAL_Driver/Src/stm32f1xx_hal_uart.o

.debug_aranges  0x0000000000000000     0x1058
 .debug_aranges
                0x0000000000000000       0x30 ./Core/Src/RYG_LED.o
 .debug_aranges
                0x0000000000000030       0x40 ./Core/Src/button.o
 .debug_aranges
                0x0000000000000070       0x30 ./Core/Src/displayLCD.o
 .debug_aranges
                0x00000000000000a0       0x28 ./Core/Src/fsm_traffic_light.o
 .debug_aranges
                0x00000000000000c8       0x18 ./Core/Src/global.o
 .debug_aranges
                0x00000000000000e0       0x48 ./Core/Src/i2c-lcd.o
 .debug_aranges
                0x0000000000000128       0x58 ./Core/Src/main.o
 .debug_aranges
                0x0000000000000180       0x40 ./Core/Src/scheduler.o
 .debug_aranges
                0x00000000000001c0       0x30 ./Core/Src/software_timer.o
 .debug_aranges
                0x00000000000001f0       0x50 ./Core/Src/stm32f1xx_hal_msp.o
 .debug_aranges
                0x0000000000000240       0x78 ./Core/Src/stm32f1xx_it.o
 .debug_aranges
                0x00000000000002b8       0x20 ./Core/Src/sysmem.o
 .debug_aranges
                0x00000000000002d8       0x28 ./Core/Src/system_stm32f1xx.o
 .debug_aranges
                0x0000000000000300       0x28 ./Core/Startup/startup_stm32f103rbtx.o
 .debug_aranges
                0x0000000000000328       0xe0 ./Drivers/STM32F1xx_HAL_Driver/Src/stm32f1xx_hal.o
 .debug_aranges
                0x0000000000000408      0x100 ./Drivers/STM32F1xx_HAL_Driver/Src/stm32f1xx_hal_cortex.o
 .debug_aranges
                0x0000000000000508       0x80 ./Drivers/STM32F1xx_HAL_Driver/Src/stm32f1xx_hal_dma.o
 .debug_aranges
                0x0000000000000588       0x58 ./Drivers/STM32F1xx_HAL_Driver/Src/stm32f1xx_hal_gpio.o
 .debug_aranges
                0x00000000000005e0      0x2a8 ./Drivers/STM32F1xx_HAL_Driver/Src/stm32f1xx_hal_i2c.o
 .debug_aranges
                0x0000000000000888       0x90 ./Drivers/STM32F1xx_HAL_Driver/Src/stm32f1xx_hal_rcc.o
 .debug_aranges
                0x0000000000000918      0x3d0 ./Drivers/STM32F1xx_HAL_Driver/Src/stm32f1xx_hal_tim.o
 .debug_aranges
                0x0000000000000ce8      0x168 ./Drivers/STM32F1xx_HAL_Driver/Src/stm32f1xx_hal_tim_ex.o
 .debug_aranges
                0x0000000000000e50      0x208 ./Drivers/STM32F1xx_HAL_Driver/Src/stm32f1xx_hal_uart.o

.debug_ranges   0x0000000000000000      0xf30
 .debug_ranges  0x0000000000000000       0x20 ./Core/Src/RYG_LED.o
 .debug_ranges  0x0000000000000020       0x30 ./Core/Src/button.o
 .debug_ranges  0x0000000000000050       0x20 ./Core/Src/displayLCD.o
 .debug_ranges  0x0000000000000070       0x18 ./Core/Src/fsm_traffic_light.o
 .debug_ranges  0x0000000000000088       0x38 ./Core/Src/i2c-lcd.o
 .debug_ranges  0x00000000000000c0       0x48 ./Core/Src/main.o
 .debug_ranges  0x0000000000000108       0x30 ./Core/Src/scheduler.o
 .debug_ranges  0x0000000000000138       0x20 ./Core/Src/software_timer.o
 .debug_ranges  0x0000000000000158       0x40 ./Core/Src/stm32f1xx_hal_msp.o
 .debug_ranges  0x0000000000000198       0x68 ./Core/Src/stm32f1xx_it.o
 .debug_ranges  0x0000000000000200       0x10 ./Core/Src/sysmem.o
 .debug_ranges  0x0000000000000210       0x18 ./Core/Src/system_stm32f1xx.o
 .debug_ranges  0x0000000000000228       0x20 ./Core/Startup/startup_stm32f103rbtx.o
 .debug_ranges  0x0000000000000248       0xd0 ./Drivers/STM32F1xx_HAL_Driver/Src/stm32f1xx_hal.o
 .debug_ranges  0x0000000000000318       0xf0 ./Drivers/STM32F1xx_HAL_Driver/Src/stm32f1xx_hal_cortex.o
 .debug_ranges  0x0000000000000408       0x70 ./Drivers/STM32F1xx_HAL_Driver/Src/stm32f1xx_hal_dma.o
 .debug_ranges  0x0000000000000478       0x48 ./Drivers/STM32F1xx_HAL_Driver/Src/stm32f1xx_hal_gpio.o
 .debug_ranges  0x00000000000004c0      0x2b0 ./Drivers/STM32F1xx_HAL_Driver/Src/stm32f1xx_hal_i2c.o
 .debug_ranges  0x0000000000000770       0x80 ./Drivers/STM32F1xx_HAL_Driver/Src/stm32f1xx_hal_rcc.o
 .debug_ranges  0x00000000000007f0      0x3c0 ./Drivers/STM32F1xx_HAL_Driver/Src/stm32f1xx_hal_tim.o
 .debug_ranges  0x0000000000000bb0      0x158 ./Drivers/STM32F1xx_HAL_Driver/Src/stm32f1xx_hal_tim_ex.o
 .debug_ranges  0x0000000000000d08      0x228 ./Drivers/STM32F1xx_HAL_Driver/Src/stm32f1xx_hal_uart.o

.debug_macro    0x0000000000000000    0x19d3d
 .debug_macro   0x0000000000000000      0x1cb ./Core/Src/RYG_LED.o
 .debug_macro   0x00000000000001cb      0xa9c ./Core/Src/RYG_LED.o
 .debug_macro   0x0000000000000c67      0x221 ./Core/Src/RYG_LED.o
 .debug_macro   0x0000000000000e88       0x2e ./Core/Src/RYG_LED.o
 .debug_macro   0x0000000000000eb6       0x22 ./Core/Src/RYG_LED.o
 .debug_macro   0x0000000000000ed8       0x22 ./Core/Src/RYG_LED.o
 .debug_macro   0x0000000000000efa       0x8e ./Core/Src/RYG_LED.o
 .debug_macro   0x0000000000000f88       0x51 ./Core/Src/RYG_LED.o
 .debug_macro   0x0000000000000fd9      0x103 ./Core/Src/RYG_LED.o
 .debug_macro   0x00000000000010dc       0x6a ./Core/Src/RYG_LED.o
 .debug_macro   0x0000000000001146      0x1df ./Core/Src/RYG_LED.o
 .debug_macro   0x0000000000001325       0x1c ./Core/Src/RYG_LED.o
 .debug_macro   0x0000000000001341       0x22 ./Core/Src/RYG_LED.o
 .debug_macro   0x0000000000001363       0xc3 ./Core/Src/RYG_LED.o
 .debug_macro   0x0000000000001426      0xd23 ./Core/Src/RYG_LED.o
 .debug_macro   0x0000000000002149     0xe09e ./Core/Src/RYG_LED.o
 .debug_macro   0x00000000000101e7       0x6d ./Core/Src/RYG_LED.o
 .debug_macro   0x0000000000010254     0x34a2 ./Core/Src/RYG_LED.o
 .debug_macro   0x00000000000136f6      0x174 ./Core/Src/RYG_LED.o
 .debug_macro   0x000000000001386a       0x5c ./Core/Src/RYG_LED.o
 .debug_macro   0x00000000000138c6      0x5bc ./Core/Src/RYG_LED.o
 .debug_macro   0x0000000000013e82      0x289 ./Core/Src/RYG_LED.o
 .debug_macro   0x000000000001410b      0x1cb ./Core/Src/RYG_LED.o
 .debug_macro   0x00000000000142d6      0x114 ./Core/Src/RYG_LED.o
 .debug_macro   0x00000000000143ea      0x1b2 ./Core/Src/RYG_LED.o
 .debug_macro   0x000000000001459c       0x27 ./Core/Src/RYG_LED.o
 .debug_macro   0x00000000000145c3      0x136 ./Core/Src/RYG_LED.o
 .debug_macro   0x00000000000146f9      0x1bc ./Core/Src/RYG_LED.o
 .debug_macro   0x00000000000148b5       0x34 ./Core/Src/RYG_LED.o
 .debug_macro   0x00000000000148e9       0x3c ./Core/Src/RYG_LED.o
 .debug_macro   0x0000000000014925       0x57 ./Core/Src/RYG_LED.o
 .debug_macro   0x000000000001497c       0x87 ./Core/Src/RYG_LED.o
 .debug_macro   0x0000000000014a03      0x240 ./Core/Src/RYG_LED.o
 .debug_macro   0x0000000000014c43      0x287 ./Core/Src/RYG_LED.o
 .debug_macro   0x0000000000014eca      0x140 ./Core/Src/RYG_LED.o
 .debug_macro   0x000000000001500a      0x8ed ./Core/Src/RYG_LED.o
 .debug_macro   0x00000000000158f7      0x28e ./Core/Src/RYG_LED.o
 .debug_macro   0x0000000000015b85       0x83 ./Core/Src/RYG_LED.o
 .debug_macro   0x0000000000015c08       0xd6 ./Core/Src/RYG_LED.o
 .debug_macro   0x0000000000015cde       0x16 ./Core/Src/RYG_LED.o
 .debug_macro   0x0000000000015cf4      0x3a2 ./Core/Src/button.o
 .debug_macro   0x0000000000016096       0x16 ./Core/Src/button.o
 .debug_macro   0x00000000000160ac       0x10 ./Core/Src/button.o
 .debug_macro   0x00000000000160bc       0x1c ./Core/Src/button.o
 .debug_macro   0x00000000000160d8       0x52 ./Core/Src/button.o
 .debug_macro   0x000000000001612a       0x18 ./Core/Src/button.o
 .debug_macro   0x0000000000016142       0x3c ./Core/Src/button.o
 .debug_macro   0x000000000001617e       0x34 ./Core/Src/button.o
 .debug_macro   0x00000000000161b2       0x16 ./Core/Src/button.o
 .debug_macro   0x00000000000161c8       0x35 ./Core/Src/button.o
 .debug_macro   0x00000000000161fd      0x333 ./Core/Src/button.o
 .debug_macro   0x0000000000016530       0x10 ./Core/Src/button.o
 .debug_macro   0x0000000000016540       0x16 ./Core/Src/button.o
 .debug_macro   0x0000000000016556       0x43 ./Core/Src/button.o
 .debug_macro   0x0000000000016599       0x34 ./Core/Src/button.o
 .debug_macro   0x00000000000165cd       0x10 ./Core/Src/button.o
 .debug_macro   0x00000000000165dd       0x58 ./Core/Src/button.o
 .debug_macro   0x0000000000016635       0x71 ./Core/Src/button.o
 .debug_macro   0x00000000000166a6       0x1c ./Core/Src/button.o
 .debug_macro   0x00000000000166c2      0x12a ./Core/Src/button.o
 .debug_macro   0x00000000000167ec       0x10 ./Core/Src/button.o
 .debug_macro   0x00000000000167fc       0x1c ./Core/Src/button.o
 .debug_macro   0x0000000000016818       0x52 ./Core/Src/button.o
 .debug_macro   0x000000000001686a       0x22 ./Core/Src/button.o
 .debug_macro   0x000000000001688c       0x10 ./Core/Src/button.o
 .debug_macro   0x000000000001689c       0x40 ./Core/Src/button.o
 .debug_macro   0x00000000000168dc       0xd5 ./Core/Src/button.o
 .debug_macro   0x00000000000169b1       0x1c ./Core/Src/button.o
 .debug_macro   0x00000000000169cd       0x3d ./Core/Src/button.o
 .debug_macro   0x0000000000016a0a       0x16 ./Core/Src/button.o
 .debug_macro   0x0000000000016a20      0x145 ./Core/Src/button.o
 .debug_macro   0x0000000000016b65      0x1a9 ./Core/Src/button.o
 .debug_macro   0x0000000000016d0e       0x40 ./Core/Src/button.o
 .debug_macro   0x0000000000016d4e      0x3a2 ./Core/Src/displayLCD.o
 .debug_macro   0x00000000000170f0      0x39e ./Core/Src/fsm_traffic_light.o
 .debug_macro   0x000000000001748e      0x39e ./Core/Src/global.o
 .debug_macro   0x000000000001782c      0x1c6 ./Core/Src/i2c-lcd.o
 .debug_macro   0x00000000000179f2      0x398 ./Core/Src/main.o
 .debug_macro   0x0000000000017d8a      0x3a2 ./Core/Src/scheduler.o
 .debug_macro   0x000000000001812c      0x3a2 ./Core/Src/software_timer.o
 .debug_macro   0x00000000000184ce      0x1bc ./Core/Src/stm32f1xx_hal_msp.o
 .debug_macro   0x000000000001868a      0x1c6 ./Core/Src/stm32f1xx_it.o
 .debug_macro   0x0000000000018850       0xff ./Core/Src/sysmem.o
 .debug_macro   0x000000000001894f      0x23b ./Core/Src/sysmem.o
 .debug_macro   0x0000000000018b8a      0x1ad ./Core/Src/system_stm32f1xx.o
 .debug_macro   0x0000000000018d37      0x1d1 ./Drivers/STM32F1xx_HAL_Driver/Src/stm32f1xx_hal.o
 .debug_macro   0x0000000000018f08      0x1ad ./Drivers/STM32F1xx_HAL_Driver/Src/stm32f1xx_hal_cortex.o
 .debug_macro   0x00000000000190b5      0x1ad ./Drivers/STM32F1xx_HAL_Driver/Src/stm32f1xx_hal_dma.o
 .debug_macro   0x0000000000019262      0x218 ./Drivers/STM32F1xx_HAL_Driver/Src/stm32f1xx_hal_gpio.o
 .debug_macro   0x000000000001947a      0x1fb ./Drivers/STM32F1xx_HAL_Driver/Src/stm32f1xx_hal_i2c.o
 .debug_macro   0x0000000000019675      0x1bf ./Drivers/STM32F1xx_HAL_Driver/Src/stm32f1xx_hal_rcc.o
 .debug_macro   0x0000000000019834      0x1ae ./Drivers/STM32F1xx_HAL_Driver/Src/stm32f1xx_hal_tim.o
 .debug_macro   0x00000000000199e2      0x1ad ./Drivers/STM32F1xx_HAL_Driver/Src/stm32f1xx_hal_tim_ex.o
 .debug_macro   0x0000000000019b8f      0x1ae ./Drivers/STM32F1xx_HAL_Driver/Src/stm32f1xx_hal_uart.o

.debug_line     0x0000000000000000    0x15a09
 .debug_line    0x0000000000000000      0x702 ./Core/Src/RYG_LED.o
 .debug_line    0x0000000000000702      0xa0f ./Core/Src/button.o
 .debug_line    0x0000000000001111      0x965 ./Core/Src/displayLCD.o
 .debug_line    0x0000000000001a76      0xbe7 ./Core/Src/fsm_traffic_light.o
 .debug_line    0x000000000000265d      0x904 ./Core/Src/global.o
 .debug_line    0x0000000000002f61      0x7a3 ./Core/Src/i2c-lcd.o
 .debug_line    0x0000000000003704      0xad7 ./Core/Src/main.o
 .debug_line    0x00000000000041db      0xa1f ./Core/Src/scheduler.o
 .debug_line    0x0000000000004bfa      0x987 ./Core/Src/software_timer.o
 .debug_line    0x0000000000005581      0x78b ./Core/Src/stm32f1xx_hal_msp.o
 .debug_line    0x0000000000005d0c      0x7c2 ./Core/Src/stm32f1xx_it.o
 .debug_line    0x00000000000064ce      0x525 ./Core/Src/sysmem.o
 .debug_line    0x00000000000069f3      0x736 ./Core/Src/system_stm32f1xx.o
 .debug_line    0x0000000000007129       0x86 ./Core/Startup/startup_stm32f103rbtx.o
 .debug_line    0x00000000000071af      0x93f ./Drivers/STM32F1xx_HAL_Driver/Src/stm32f1xx_hal.o
 .debug_line    0x0000000000007aee      0xb27 ./Drivers/STM32F1xx_HAL_Driver/Src/stm32f1xx_hal_cortex.o
 .debug_line    0x0000000000008615      0xd98 ./Drivers/STM32F1xx_HAL_Driver/Src/stm32f1xx_hal_dma.o
 .debug_line    0x00000000000093ad      0x9d8 ./Drivers/STM32F1xx_HAL_Driver/Src/stm32f1xx_hal_gpio.o
 .debug_line    0x0000000000009d85     0x3ad5 ./Drivers/STM32F1xx_HAL_Driver/Src/stm32f1xx_hal_i2c.o
 .debug_line    0x000000000000d85a      0xd4b ./Drivers/STM32F1xx_HAL_Driver/Src/stm32f1xx_hal_rcc.o
 .debug_line    0x000000000000e5a5     0x33d9 ./Drivers/STM32F1xx_HAL_Driver/Src/stm32f1xx_hal_tim.o
 .debug_line    0x000000000001197e     0x1885 ./Drivers/STM32F1xx_HAL_Driver/Src/stm32f1xx_hal_tim_ex.o
 .debug_line    0x0000000000013203     0x2806 ./Drivers/STM32F1xx_HAL_Driver/Src/stm32f1xx_hal_uart.o

.debug_str      0x0000000000000000    0x8e32a
 .debug_str     0x0000000000000000    0x84fa4 ./Core/Src/RYG_LED.o
                                      0x85305 (size before relaxing)
 .debug_str     0x0000000000084fa4     0x4a99 ./Core/Src/button.o
                                      0x89e3d (size before relaxing)
 .debug_str     0x0000000000089a3d       0x38 ./Core/Src/displayLCD.o
                                      0x89d6a (size before relaxing)
 .debug_str     0x0000000000089a75       0x36 ./Core/Src/fsm_traffic_light.o
                                      0x89d8c (size before relaxing)
 .debug_str     0x0000000000089aab       0x15 ./Core/Src/global.o
                                      0x89d40 (size before relaxing)
 .debug_str     0x0000000000089ac0      0x468 ./Core/Src/i2c-lcd.o
                                      0x8577a (size before relaxing)
 .debug_str     0x0000000000089f28      0x99b ./Core/Src/main.o
                                      0x8ac72 (size before relaxing)
 .debug_str     0x000000000008a8c3       0xb2 ./Core/Src/scheduler.o
                                      0x89df1 (size before relaxing)
 .debug_str     0x000000000008a975       0x49 ./Core/Src/software_timer.o
                                      0x89d80 (size before relaxing)
 .debug_str     0x000000000008a9be       0xe1 ./Core/Src/stm32f1xx_hal_msp.o
                                      0x85fe9 (size before relaxing)
 .debug_str     0x000000000008aa9f       0xf4 ./Core/Src/stm32f1xx_it.o
                                      0x85a3a (size before relaxing)
 .debug_str     0x000000000008ab93      0x4e9 ./Core/Src/sysmem.o
                                       0x623f (size before relaxing)
 .debug_str     0x000000000008b07c       0x52 ./Core/Src/system_stm32f1xx.o
                                      0x8501d (size before relaxing)
 .debug_str     0x000000000008b0ce       0x61 ./Core/Startup/startup_stm32f103rbtx.o
 .debug_str     0x000000000008b12f      0x304 ./Drivers/STM32F1xx_HAL_Driver/Src/stm32f1xx_hal.o
                                      0x856bc (size before relaxing)
 .debug_str     0x000000000008b433      0x300 ./Drivers/STM32F1xx_HAL_Driver/Src/stm32f1xx_hal_cortex.o
                                      0x856c4 (size before relaxing)
 .debug_str     0x000000000008b733      0x230 ./Drivers/STM32F1xx_HAL_Driver/Src/stm32f1xx_hal_dma.o
                                      0x85406 (size before relaxing)
 .debug_str     0x000000000008b963      0x31f ./Drivers/STM32F1xx_HAL_Driver/Src/stm32f1xx_hal_gpio.o
                                      0x853ef (size before relaxing)
 .debug_str     0x000000000008bc82      0xb9a ./Drivers/STM32F1xx_HAL_Driver/Src/stm32f1xx_hal_i2c.o
                                      0x860ba (size before relaxing)
 .debug_str     0x000000000008c81c      0x244 ./Drivers/STM32F1xx_HAL_Driver/Src/stm32f1xx_hal_rcc.o
                                      0x85428 (size before relaxing)
 .debug_str     0x000000000008ca60      0xdcd ./Drivers/STM32F1xx_HAL_Driver/Src/stm32f1xx_hal_tim.o
                                      0x86411 (size before relaxing)
 .debug_str     0x000000000008d82d      0x4ee ./Drivers/STM32F1xx_HAL_Driver/Src/stm32f1xx_hal_tim_ex.o
                                      0x85bb2 (size before relaxing)
 .debug_str     0x000000000008dd1b      0x60f ./Drivers/STM32F1xx_HAL_Driver/Src/stm32f1xx_hal_uart.o
                                      0x85a80 (size before relaxing)

.comment        0x0000000000000000       0x53
 .comment       0x0000000000000000       0x53 ./Core/Src/RYG_LED.o
                                         0x54 (size before relaxing)
 .comment       0x0000000000000053       0x54 ./Core/Src/button.o
 .comment       0x0000000000000053       0x54 ./Core/Src/displayLCD.o
 .comment       0x0000000000000053       0x54 ./Core/Src/fsm_traffic_light.o
 .comment       0x0000000000000053       0x54 ./Core/Src/global.o
 .comment       0x0000000000000053       0x54 ./Core/Src/i2c-lcd.o
 .comment       0x0000000000000053       0x54 ./Core/Src/main.o
 .comment       0x0000000000000053       0x54 ./Core/Src/scheduler.o
 .comment       0x0000000000000053       0x54 ./Core/Src/software_timer.o
 .comment       0x0000000000000053       0x54 ./Core/Src/stm32f1xx_hal_msp.o
 .comment       0x0000000000000053       0x54 ./Core/Src/stm32f1xx_it.o
 .comment       0x0000000000000053       0x54 ./Core/Src/sysmem.o
 .comment       0x0000000000000053       0x54 ./Core/Src/system_stm32f1xx.o
 .comment       0x0000000000000053       0x54 ./Drivers/STM32F1xx_HAL_Driver/Src/stm32f1xx_hal.o
 .comment       0x0000000000000053       0x54 ./Drivers/STM32F1xx_HAL_Driver/Src/stm32f1xx_hal_cortex.o
 .comment       0x0000000000000053       0x54 ./Drivers/STM32F1xx_HAL_Driver/Src/stm32f1xx_hal_dma.o
 .comment       0x0000000000000053       0x54 ./Drivers/STM32F1xx_HAL_Driver/Src/stm32f1xx_hal_gpio.o
 .comment       0x0000000000000053       0x54 ./Drivers/STM32F1xx_HAL_Driver/Src/stm32f1xx_hal_i2c.o
 .comment       0x0000000000000053       0x54 ./Drivers/STM32F1xx_HAL_Driver/Src/stm32f1xx_hal_rcc.o
 .comment       0x0000000000000053       0x54 ./Drivers/STM32F1xx_HAL_Driver/Src/stm32f1xx_hal_tim.o
 .comment       0x0000000000000053       0x54 ./Drivers/STM32F1xx_HAL_Driver/Src/stm32f1xx_hal_tim_ex.o
 .comment       0x0000000000000053       0x54 ./Drivers/STM32F1xx_HAL_Driver/Src/stm32f1xx_hal_uart.o

.debug_frame    0x0000000000000000     0x473c
 .debug_frame   0x0000000000000000       0x74 ./Core/Src/RYG_LED.o
 .debug_frame   0x0000000000000074       0xd4 ./Core/Src/button.o
 .debug_frame   0x0000000000000148       0x7c ./Core/Src/displayLCD.o
 .debug_frame   0x00000000000001c4       0x4c ./Core/Src/fsm_traffic_light.o
 .debug_frame   0x0000000000000210       0xe0 ./Core/Src/i2c-lcd.o
 .debug_frame   0x00000000000002f0      0x10c ./Core/Src/main.o
 .debug_frame   0x00000000000003fc       0xc8 ./Core/Src/scheduler.o
 .debug_frame   0x00000000000004c4       0x88 ./Core/Src/software_timer.o
 .debug_frame   0x000000000000054c      0x110 ./Core/Src/stm32f1xx_hal_msp.o
 .debug_frame   0x000000000000065c      0x158 ./Core/Src/stm32f1xx_it.o
 .debug_frame   0x00000000000007b4       0x34 ./Core/Src/sysmem.o
 .debug_frame   0x00000000000007e8       0x58 ./Core/Src/system_stm32f1xx.o
 .debug_frame   0x0000000000000840      0x334 ./Drivers/STM32F1xx_HAL_Driver/Src/stm32f1xx_hal.o
 .debug_frame   0x0000000000000b74      0x428 ./Drivers/STM32F1xx_HAL_Driver/Src/stm32f1xx_hal_cortex.o
 .debug_frame   0x0000000000000f9c      0x208 ./Drivers/STM32F1xx_HAL_Driver/Src/stm32f1xx_hal_dma.o
 .debug_frame   0x00000000000011a4      0x14c ./Drivers/STM32F1xx_HAL_Driver/Src/stm32f1xx_hal_gpio.o
 .debug_frame   0x00000000000012f0      0xc84 ./Drivers/STM32F1xx_HAL_Driver/Src/stm32f1xx_hal_i2c.o
 .debug_frame   0x0000000000001f74      0x218 ./Drivers/STM32F1xx_HAL_Driver/Src/stm32f1xx_hal_rcc.o
 .debug_frame   0x000000000000218c     0x11b8 ./Drivers/STM32F1xx_HAL_Driver/Src/stm32f1xx_hal_tim.o
 .debug_frame   0x0000000000003344      0x638 ./Drivers/STM32F1xx_HAL_Driver/Src/stm32f1xx_hal_tim_ex.o
 .debug_frame   0x000000000000397c      0x944 ./Drivers/STM32F1xx_HAL_Driver/Src/stm32f1xx_hal_uart.o
 .debug_frame   0x00000000000042c0       0x20 d:/software/st/stm32cubeide_1.7.0/stm32cubeide/plugins/com.st.stm32cube.ide.mcu.externaltools.gnu-tools-for-stm32.9-2020-q2-update.win32_2.0.0.202105311346/tools/bin/../lib/gcc/arm-none-eabi/9.3.1/../../../../arm-none-eabi/lib/thumb/v7-m/nofp\libc_nano.a(lib_a-errno.o)
 .debug_frame   0x00000000000042e0       0x2c d:/software/st/stm32cubeide_1.7.0/stm32cubeide/plugins/com.st.stm32cube.ide.mcu.externaltools.gnu-tools-for-stm32.9-2020-q2-update.win32_2.0.0.202105311346/tools/bin/../lib/gcc/arm-none-eabi/9.3.1/../../../../arm-none-eabi/lib/thumb/v7-m/nofp\libc_nano.a(lib_a-init.o)
 .debug_frame   0x000000000000430c       0x20 d:/software/st/stm32cubeide_1.7.0/stm32cubeide/plugins/com.st.stm32cube.ide.mcu.externaltools.gnu-tools-for-stm32.9-2020-q2-update.win32_2.0.0.202105311346/tools/bin/../lib/gcc/arm-none-eabi/9.3.1/../../../../arm-none-eabi/lib/thumb/v7-m/nofp\libc_nano.a(lib_a-memset.o)
 .debug_frame   0x000000000000432c       0x7c d:/software/st/stm32cubeide_1.7.0/stm32cubeide/plugins/com.st.stm32cube.ide.mcu.externaltools.gnu-tools-for-stm32.9-2020-q2-update.win32_2.0.0.202105311346/tools/bin/../lib/gcc/arm-none-eabi/9.3.1/../../../../arm-none-eabi/lib/thumb/v7-m/nofp\libc_nano.a(lib_a-snprintf.o)
 .debug_frame   0x00000000000043a8       0x90 d:/software/st/stm32cubeide_1.7.0/stm32cubeide/plugins/com.st.stm32cube.ide.mcu.externaltools.gnu-tools-for-stm32.9-2020-q2-update.win32_2.0.0.202105311346/tools/bin/../lib/gcc/arm-none-eabi/9.3.1/../../../../arm-none-eabi/lib/thumb/v7-m/nofp\libc_nano.a(lib_a-nano-svfprintf.o)
 .debug_frame   0x0000000000004438       0x60 d:/software/st/stm32cubeide_1.7.0/stm32cubeide/plugins/com.st.stm32cube.ide.mcu.externaltools.gnu-tools-for-stm32.9-2020-q2-update.win32_2.0.0.202105311346/tools/bin/../lib/gcc/arm-none-eabi/9.3.1/../../../../arm-none-eabi/lib/thumb/v7-m/nofp\libc_nano.a(lib_a-nano-vfprintf_i.o)
 .debug_frame   0x0000000000004498       0x28 d:/software/st/stm32cubeide_1.7.0/stm32cubeide/plugins/com.st.stm32cube.ide.mcu.externaltools.gnu-tools-for-stm32.9-2020-q2-update.win32_2.0.0.202105311346/tools/bin/../lib/gcc/arm-none-eabi/9.3.1/../../../../arm-none-eabi/lib/thumb/v7-m/nofp\libc_nano.a(lib_a-memchr-stub.o)
 .debug_frame   0x00000000000044c0       0x28 d:/software/st/stm32cubeide_1.7.0/stm32cubeide/plugins/com.st.stm32cube.ide.mcu.externaltools.gnu-tools-for-stm32.9-2020-q2-update.win32_2.0.0.202105311346/tools/bin/../lib/gcc/arm-none-eabi/9.3.1/../../../../arm-none-eabi/lib/thumb/v7-m/nofp\libc_nano.a(lib_a-memcpy-stub.o)
 .debug_frame   0x00000000000044e8       0x28 d:/software/st/stm32cubeide_1.7.0/stm32cubeide/plugins/com.st.stm32cube.ide.mcu.externaltools.gnu-tools-for-stm32.9-2020-q2-update.win32_2.0.0.202105311346/tools/bin/../lib/gcc/arm-none-eabi/9.3.1/../../../../arm-none-eabi/lib/thumb/v7-m/nofp\libc_nano.a(lib_a-memmove.o)
 .debug_frame   0x0000000000004510       0x38 d:/software/st/stm32cubeide_1.7.0/stm32cubeide/plugins/com.st.stm32cube.ide.mcu.externaltools.gnu-tools-for-stm32.9-2020-q2-update.win32_2.0.0.202105311346/tools/bin/../lib/gcc/arm-none-eabi/9.3.1/../../../../arm-none-eabi/lib/thumb/v7-m/nofp\libc_nano.a(lib_a-nano-freer.o)
 .debug_frame   0x0000000000004548       0x30 d:/software/st/stm32cubeide_1.7.0/stm32cubeide/plugins/com.st.stm32cube.ide.mcu.externaltools.gnu-tools-for-stm32.9-2020-q2-update.win32_2.0.0.202105311346/tools/bin/../lib/gcc/arm-none-eabi/9.3.1/../../../../arm-none-eabi/lib/thumb/v7-m/nofp\libc_nano.a(lib_a-nano-mallocr.o)
 .debug_frame   0x0000000000004578       0x3c d:/software/st/stm32cubeide_1.7.0/stm32cubeide/plugins/com.st.stm32cube.ide.mcu.externaltools.gnu-tools-for-stm32.9-2020-q2-update.win32_2.0.0.202105311346/tools/bin/../lib/gcc/arm-none-eabi/9.3.1/../../../../arm-none-eabi/lib/thumb/v7-m/nofp\libc_nano.a(lib_a-nano-reallocr.o)
 .debug_frame   0x00000000000045b4       0x2c d:/software/st/stm32cubeide_1.7.0/stm32cubeide/plugins/com.st.stm32cube.ide.mcu.externaltools.gnu-tools-for-stm32.9-2020-q2-update.win32_2.0.0.202105311346/tools/bin/../lib/gcc/arm-none-eabi/9.3.1/../../../../arm-none-eabi/lib/thumb/v7-m/nofp\libc_nano.a(lib_a-sbrkr.o)
 .debug_frame   0x00000000000045e0       0x30 d:/software/st/stm32cubeide_1.7.0/stm32cubeide/plugins/com.st.stm32cube.ide.mcu.externaltools.gnu-tools-for-stm32.9-2020-q2-update.win32_2.0.0.202105311346/tools/bin/../lib/gcc/arm-none-eabi/9.3.1/../../../../arm-none-eabi/lib/thumb/v7-m/nofp\libc_nano.a(lib_a-mlock.o)
 .debug_frame   0x0000000000004610       0x20 d:/software/st/stm32cubeide_1.7.0/stm32cubeide/plugins/com.st.stm32cube.ide.mcu.externaltools.gnu-tools-for-stm32.9-2020-q2-update.win32_2.0.0.202105311346/tools/bin/../lib/gcc/arm-none-eabi/9.3.1/../../../../arm-none-eabi/lib/thumb/v7-m/nofp\libc_nano.a(lib_a-nano-msizer.o)
 .debug_frame   0x0000000000004630       0x5c d:/software/st/stm32cubeide_1.7.0/stm32cubeide/plugins/com.st.stm32cube.ide.mcu.externaltools.gnu-tools-for-stm32.9-2020-q2-update.win32_2.0.0.202105311346/tools/bin/../lib/gcc/arm-none-eabi/9.3.1/../../../../arm-none-eabi/lib/thumb/v7-m/nofp\libc_nano.a(lib_a-reent.o)
 .debug_frame   0x000000000000468c       0xb0 d:/software/st/stm32cubeide_1.7.0/stm32cubeide/plugins/com.st.stm32cube.ide.mcu.externaltools.gnu-tools-for-stm32.9-2020-q2-update.win32_2.0.0.202105311346/tools/bin/../lib/gcc/arm-none-eabi/9.3.1/../../../../arm-none-eabi/lib/thumb/v7-m/nofp\libc_nano.a(lib_a-lock.o)
